Archive member included to satisfy reference by file (symbol)

c:/program files (x86)/atollic/truestudio for stm32 9.0.0/armtools/bin/../lib/gcc/arm-atollic-eabi/6.3.1/../../../../arm-atollic-eabi/lib/armv6-m\libc_nano.a(lib_a-init.o)
                              startup\startup_stm32f030x6.o (__libc_init_array)
c:/program files (x86)/atollic/truestudio for stm32 9.0.0/armtools/bin/../lib/gcc/arm-atollic-eabi/6.3.1/armv6-m\libgcc.a(_udivsi3.o)
                              Drivers\STM32F0xx_HAL_Driver\Src\stm32f0xx_hal.o (__aeabi_uidiv)
c:/program files (x86)/atollic/truestudio for stm32 9.0.0/armtools/bin/../lib/gcc/arm-atollic-eabi/6.3.1/armv6-m\libgcc.a(_dvmd_tls.o)
                              c:/program files (x86)/atollic/truestudio for stm32 9.0.0/armtools/bin/../lib/gcc/arm-atollic-eabi/6.3.1/armv6-m\libgcc.a(_udivsi3.o) (__aeabi_idiv0)
c:/program files (x86)/atollic/truestudio for stm32 9.0.0/armtools/bin/../lib/gcc/arm-atollic-eabi/6.3.1/armv6-m\libgcc.a(_aeabi_uldivmod.o)
                              Src\my_Common.o (__aeabi_uldivmod)
c:/program files (x86)/atollic/truestudio for stm32 9.0.0/armtools/bin/../lib/gcc/arm-atollic-eabi/6.3.1/armv6-m\libgcc.a(_udivmoddi4.o)
                              c:/program files (x86)/atollic/truestudio for stm32 9.0.0/armtools/bin/../lib/gcc/arm-atollic-eabi/6.3.1/armv6-m\libgcc.a(_aeabi_uldivmod.o) (__udivmoddi4)
c:/program files (x86)/atollic/truestudio for stm32 9.0.0/armtools/bin/../lib/gcc/arm-atollic-eabi/6.3.1/armv6-m\libgcc.a(_clzdi2.o)
                              c:/program files (x86)/atollic/truestudio for stm32 9.0.0/armtools/bin/../lib/gcc/arm-atollic-eabi/6.3.1/armv6-m\libgcc.a(_udivmoddi4.o) (__clzdi2)
c:/program files (x86)/atollic/truestudio for stm32 9.0.0/armtools/bin/../lib/gcc/arm-atollic-eabi/6.3.1/armv6-m\libgcc.a(_clzsi2.o)
                              c:/program files (x86)/atollic/truestudio for stm32 9.0.0/armtools/bin/../lib/gcc/arm-atollic-eabi/6.3.1/armv6-m\libgcc.a(_clzdi2.o) (__clzsi2)

Allocating common symbols
Common symbol       size              file

g_Big_Times_And_Seconds
                    0x1c              Src\main.o
g_BUS_I2C_EXISTING_SLAVE_Devices_List
                    0xd               Src\BUS_I2C.o
g_Default_Programming_Data_Array
                    0x1a              Src\my_Flash.o
g_Tasks_Times       0x22              Src\main.o
hi2c1               0x4c              Src\main.o
g_Programming_Data_Array
                    0x1a              Src\my_Flash.o
g_Inform_cmd        0x8               Src\main.o
g_Usart_RX_Buffer   0x16              Src\my_Common.o
uwTick              0x4               Drivers\STM32F0xx_HAL_Driver\Src\stm32f0xx_hal.o
g_Buzzer_ON_OFF_Times
                    0x4               Src\main.o
pFlash              0x20              Drivers\STM32F0xx_HAL_Driver\Src\stm32f0xx_hal_flash.o
g_I2C_TX_Buffer     0x34              Src\main.o
hdma_usart1_tx      0x44              Src\main.o
huart1              0x70              Src\main.o
g_UART_TX_BUFFER    0x34              Src\main.o
g_Zones_TYPE_Configuration
                    0x5               Src\main.o
g_BUS_I2C_SLAVES_Update_Times
                    0x1a              Src\BUS_I2C.o
g_Process_Buffer    0x3e              Src\main.o
g_DEBUG_SEND_Data   0x14              Src\main.o
g_Zones_TYPE_on_Current_Arming_MODE
                    0x5               Src\main.o
g_I2C_RX_Buffer     0x34              Src\main.o
g_RxBuffer_8bit     0x3e              Src\main.o
g_BUS_I2C_SLAVES_Update_Times_mem
                    0x16              Src\BUS_I2C.o
g_Zones_Sensivity_Counter
                    0xa               Src\main.o
hadc                0x4c              Src\main.o
g_Usart_TX_Buffer   0x16              Src\my_Common.o
g_RxBuffer          0x7c              Src\main.o
g_ALARMS_Counter_In_one_ARM_Sequence
                    0x5               Src\main.o

Discarded input sections

 .text          0x00000000        0x0 c:/program files (x86)/atollic/truestudio for stm32 9.0.0/armtools/bin/../lib/gcc/arm-atollic-eabi/6.3.1/armv6-m/crti.o
 .data          0x00000000        0x0 c:/program files (x86)/atollic/truestudio for stm32 9.0.0/armtools/bin/../lib/gcc/arm-atollic-eabi/6.3.1/armv6-m/crti.o
 .bss           0x00000000        0x0 c:/program files (x86)/atollic/truestudio for stm32 9.0.0/armtools/bin/../lib/gcc/arm-atollic-eabi/6.3.1/armv6-m/crti.o
 .data          0x00000000        0x4 c:/program files (x86)/atollic/truestudio for stm32 9.0.0/armtools/bin/../lib/gcc/arm-atollic-eabi/6.3.1/armv6-m/crtbegin.o
 .text          0x00000000        0x0 Drivers\STM32F0xx_HAL_Driver\Src\stm32f0xx_hal.o
 .data          0x00000000        0x0 Drivers\STM32F0xx_HAL_Driver\Src\stm32f0xx_hal.o
 .bss           0x00000000        0x0 Drivers\STM32F0xx_HAL_Driver\Src\stm32f0xx_hal.o
 .text.HAL_MspInit
                0x00000000        0x2 Drivers\STM32F0xx_HAL_Driver\Src\stm32f0xx_hal.o
[...]
Memory Configuration

Name             Origin             Length             Attributes
RAM              0x20000000         0x00001000         xrw
FLASH            0x08000000         0x00008000         xr
*default*        0x00000000         0xffffffff

Linker script and memory map

LOAD c:/program files (x86)/atollic/truestudio for stm32 9.0.0/armtools/bin/../lib/gcc/arm-atollic-eabi/6.3.1/armv6-m/crti.o
LOAD c:/program files (x86)/atollic/truestudio for stm32 9.0.0/armtools/bin/../lib/gcc/arm-atollic-eabi/6.3.1/armv6-m/crtbegin.o
LOAD Drivers\STM32F0xx_HAL_Driver\Src\stm32f0xx_hal.o
LOAD Drivers\STM32F0xx_HAL_Driver\Src\stm32f0xx_hal_adc.o
LOAD Drivers\STM32F0xx_HAL_Driver\Src\stm32f0xx_hal_adc_ex.o
LOAD Drivers\STM32F0xx_HAL_Driver\Src\stm32f0xx_hal_cortex.o
LOAD Drivers\STM32F0xx_HAL_Driver\Src\stm32f0xx_hal_dma.o
LOAD Drivers\STM32F0xx_HAL_Driver\Src\stm32f0xx_hal_flash.o
LOAD Drivers\STM32F0xx_HAL_Driver\Src\stm32f0xx_hal_flash_ex.o
LOAD Drivers\STM32F0xx_HAL_Driver\Src\stm32f0xx_hal_gpio.o
LOAD Drivers\STM32F0xx_HAL_Driver\Src\stm32f0xx_hal_i2c.o
LOAD Drivers\STM32F0xx_HAL_Driver\Src\stm32f0xx_hal_i2c_ex.o
LOAD Drivers\STM32F0xx_HAL_Driver\Src\stm32f0xx_hal_pwr.o
LOAD Drivers\STM32F0xx_HAL_Driver\Src\stm32f0xx_hal_pwr_ex.o
LOAD Drivers\STM32F0xx_HAL_Driver\Src\stm32f0xx_hal_rcc.o
LOAD Drivers\STM32F0xx_HAL_Driver\Src\stm32f0xx_hal_rcc_ex.o
LOAD Drivers\STM32F0xx_HAL_Driver\Src\stm32f0xx_hal_tim.o
LOAD Drivers\STM32F0xx_HAL_Driver\Src\stm32f0xx_hal_tim_ex.o
LOAD Drivers\STM32F0xx_HAL_Driver\Src\stm32f0xx_hal_uart.o
LOAD Drivers\STM32F0xx_HAL_Driver\Src\stm32f0xx_hal_uart_ex.o
LOAD Src\BUS_I2C.o
LOAD Src\main.o
LOAD Src\my_Common.o
LOAD Src\my_Flash.o
LOAD Src\my_PROTOCOL_V2.o
LOAD Src\stm32f0xx_hal_msp.o
LOAD Src\stm32f0xx_it.o
LOAD Src\system_stm32f0xx.o
LOAD startup\startup_stm32f030x6.o
                0x00000080                malloc_getpagesize_P = 0x80
START GROUP
LOAD c:/program files (x86)/atollic/truestudio for stm32 9.0.0/armtools/bin/../lib/gcc/arm-atollic-eabi/6.3.1/../../../../arm-atollic-eabi/lib/armv6-m\libc_nano.a
LOAD c:/program files (x86)/atollic/truestudio for stm32 9.0.0/armtools/bin/../lib/gcc/arm-atollic-eabi/6.3.1/../../../../arm-atollic-eabi/lib/armv6-m\libm.a
END GROUP
START GROUP
LOAD c:/program files (x86)/atollic/truestudio for stm32 9.0.0/armtools/bin/../lib/gcc/arm-atollic-eabi/6.3.1/armv6-m\libgcc.a
LOAD c:/program files (x86)/atollic/truestudio for stm32 9.0.0/armtools/bin/../lib/gcc/arm-atollic-eabi/6.3.1/../../../../arm-atollic-eabi/lib/armv6-m\libc_nano.a
END GROUP
START GROUP
LOAD c:/program files (x86)/atollic/truestudio for stm32 9.0.0/armtools/bin/../lib/gcc/arm-atollic-eabi/6.3.1/armv6-m\libgcc.a
LOAD c:/program files (x86)/atollic/truestudio for stm32 9.0.0/armtools/bin/../lib/gcc/arm-atollic-eabi/6.3.1/../../../../arm-atollic-eabi/lib/armv6-m\libc_nano.a
LOAD c:/program files (x86)/atollic/truestudio for stm32 9.0.0/armtools/bin/../lib/gcc/arm-atollic-eabi/6.3.1/../../../../arm-atollic-eabi/lib/armv6-m\libnosys.a
END GROUP
START GROUP
LOAD c:/program files (x86)/atollic/truestudio for stm32 9.0.0/armtools/bin/../lib/gcc/arm-atollic-eabi/6.3.1/armv6-m\libgcc.a
LOAD c:/program files (x86)/atollic/truestudio for stm32 9.0.0/armtools/bin/../lib/gcc/arm-atollic-eabi/6.3.1/../../../../arm-atollic-eabi/lib/armv6-m\libc_nano.a
LOAD c:/program files (x86)/atollic/truestudio for stm32 9.0.0/armtools/bin/../lib/gcc/arm-atollic-eabi/6.3.1/../../../../arm-atollic-eabi/lib/armv6-m\libnosys.a
END GROUP
LOAD c:/program files (x86)/atollic/truestudio for stm32 9.0.0/armtools/bin/../lib/gcc/arm-atollic-eabi/6.3.1/armv6-m/crtend.o
LOAD c:/program files (x86)/atollic/truestudio for stm32 9.0.0/armtools/bin/../lib/gcc/arm-atollic-eabi/6.3.1/armv6-m/crtn.o
                0x20001000                _estack = 0x20001000
                0x00000200                _Min_Heap_Size = 0x200
                0x00000400                _Min_Stack_Size = 0x400

.isr_vector     0x08000000       0xc0
                0x08000000                . = ALIGN (0x4)
 *(.isr_vector)
 .isr_vector    0x08000000       0xc0 startup\startup_stm32f030x6.o
                0x08000000                g_pfnVectors
                0x080000c0                . = ALIGN (0x4)

.text           0x080000c0     0x53e8
                0x080000c0                . = ALIGN (0x4)
 *(.text)
 .text          0x080000c0       0x48 c:/program files (x86)/atollic/truestudio for stm32 9.0.0/armtools/bin/../lib/gcc/arm-atollic-eabi/6.3.1/armv6-m/crtbegin.o
 .text          0x08000108      0x114 c:/program files (x86)/atollic/truestudio for stm32 9.0.0/armtools/bin/../lib/gcc/arm-atollic-eabi/6.3.1/armv6-m\libgcc.a(_udivsi3.o)
                0x08000108                __aeabi_uidiv
                0x08000108                __udivsi3
                0x08000214                __aeabi_uidivmod
 .text          0x0800021c        0x4 c:/program files (x86)/atollic/truestudio for stm32 9.0.0/armtools/bin/../lib/gcc/arm-atollic-eabi/6.3.1/armv6-m\libgcc.a(_dvmd_tls.o)
                0x0800021c                __aeabi_idiv0
                0x0800021c                __aeabi_ldiv0
 *(.text*)
 .text.HAL_InitTick
                0x08000220       0x24 Drivers\STM32F0xx_HAL_Driver\Src\stm32f0xx_hal.o
                0x08000220                HAL_InitTick
 .text.HAL_Init
                0x08000244       0x20 Drivers\STM32F0xx_HAL_Driver\Src\stm32f0xx_hal.o
                0x08000244                HAL_Init
 .text.HAL_IncTick
                0x08000264       0x10 Drivers\STM32F0xx_HAL_Driver\Src\stm32f0xx_hal.o
                0x08000264                HAL_IncTick
 .text.HAL_GetTick
                0x08000274        0xc Drivers\STM32F0xx_HAL_Driver\Src\stm32f0xx_hal.o
                0x08000274                HAL_GetTick
 .text.HAL_Delay
                0x08000280       0x24 Drivers\STM32F0xx_HAL_Driver\Src\stm32f0xx_hal.o
                0x08000280                HAL_Delay
 .text.ADC_Enable
                0x080002a4       0xa8 Drivers\STM32F0xx_HAL_Driver\Src\stm32f0xx_hal_adc.o
 .text.HAL_ADC_Init
                0x0800034c      0x164 Drivers\STM32F0xx_HAL_Driver\Src\stm32f0xx_hal_adc.o
                0x0800034c                HAL_ADC_Init
 .text.HAL_ADC_Start
                0x080004b0       0x5c Drivers\STM32F0xx_HAL_Driver\Src\stm32f0xx_hal_adc.o
                0x080004b0                HAL_ADC_Start
 .text.HAL_ADC_PollForConversion
                0x0800050c       0xbc Drivers\STM32F0xx_HAL_Driver\Src\stm32f0xx_hal_adc.o
                0x0800050c                HAL_ADC_PollForConversion
 .text.HAL_ADC_GetValue
                0x080005c8        0x6 Drivers\STM32F0xx_HAL_Driver\Src\stm32f0xx_hal_adc.o
                0x080005c8                HAL_ADC_GetValue
 *fill*         0x080005ce        0x2 
 .text.HAL_ADC_ConfigChannel
                0x080005d0      0x11c Drivers\STM32F0xx_HAL_Driver\Src\stm32f0xx_hal_adc.o
                0x080005d0                HAL_ADC_ConfigChannel
 .text.HAL_NVIC_SetPriority
                0x080006ec       0x68 Drivers\STM32F0xx_HAL_Driver\Src\stm32f0xx_hal_cortex.o
                0x080006ec                HAL_NVIC_SetPriority
 .text.HAL_NVIC_EnableIRQ
                0x08000754       0x14 Drivers\STM32F0xx_HAL_Driver\Src\stm32f0xx_hal_cortex.o
                0x08000754                HAL_NVIC_EnableIRQ
 .text.HAL_SYSTICK_Config
                0x08000768       0x38 Drivers\STM32F0xx_HAL_Driver\Src\stm32f0xx_hal_cortex.o
                0x08000768                HAL_SYSTICK_Config
 .text.HAL_SYSTICK_CLKSourceConfig
                0x080007a0       0x20 Drivers\STM32F0xx_HAL_Driver\Src\stm32f0xx_hal_cortex.o
                0x080007a0                HAL_SYSTICK_CLKSourceConfig
 .text.HAL_SYSTICK_Callback
                0x080007c0        0x2 Drivers\STM32F0xx_HAL_Driver\Src\stm32f0xx_hal_cortex.o
                0x080007c0                HAL_SYSTICK_Callback
 .text.HAL_SYSTICK_IRQHandler
                0x080007c2        0x8 Drivers\STM32F0xx_HAL_Driver\Src\stm32f0xx_hal_cortex.o
                0x080007c2                HAL_SYSTICK_IRQHandler
 *fill*         0x080007ca        0x2 
 .text.HAL_DMA_Init
                0x080007cc       0x74 Drivers\STM32F0xx_HAL_Driver\Src\stm32f0xx_hal_dma.o
                0x080007cc                HAL_DMA_Init
 .text.HAL_DMA_Start_IT
                0x08000840       0x92 Drivers\STM32F0xx_HAL_Driver\Src\stm32f0xx_hal_dma.o
                0x08000840                HAL_DMA_Start_IT
 .text.HAL_DMA_Abort_IT
                0x080008d2       0x4a Drivers\STM32F0xx_HAL_Driver\Src\stm32f0xx_hal_dma.o
                0x080008d2                HAL_DMA_Abort_IT
 .text.HAL_DMA_IRQHandler
                0x0800091c       0xaa Drivers\STM32F0xx_HAL_Driver\Src\stm32f0xx_hal_dma.o
                0x0800091c                HAL_DMA_IRQHandler
 *fill*         0x080009c6        0x2 
 .text.FLASH_SetErrorCode
                0x080009c8       0x3c Drivers\STM32F0xx_HAL_Driver\Src\stm32f0xx_hal_flash.o
 .text.HAL_FLASH_Unlock
                0x08000a04       0x24 Drivers\STM32F0xx_HAL_Driver\Src\stm32f0xx_hal_flash.o
                0x08000a04                HAL_FLASH_Unlock
 .text.HAL_FLASH_Lock
                0x08000a28       0x14 Drivers\STM32F0xx_HAL_Driver\Src\stm32f0xx_hal_flash.o
                0x08000a28                HAL_FLASH_Lock
 .text.FLASH_WaitForLastOperation
                0x08000a3c       0x5c Drivers\STM32F0xx_HAL_Driver\Src\stm32f0xx_hal_flash.o
                0x08000a3c                FLASH_WaitForLastOperation
 .text.HAL_FLASH_Program
                0x08000a98       0xc8 Drivers\STM32F0xx_HAL_Driver\Src\stm32f0xx_hal_flash.o
                0x08000a98                HAL_FLASH_Program
 .text.FLASH_MassErase
                0x08000b60       0x24 Drivers\STM32F0xx_HAL_Driver\Src\stm32f0xx_hal_flash_ex.o
 .text.FLASH_PageErase
                0x08000b84       0x24 Drivers\STM32F0xx_HAL_Driver\Src\stm32f0xx_hal_flash_ex.o
                0x08000b84                FLASH_PageErase
 .text.HAL_FLASHEx_Erase
                0x08000ba8       0xb8 Drivers\STM32F0xx_HAL_Driver\Src\stm32f0xx_hal_flash_ex.o
                0x08000ba8                HAL_FLASHEx_Erase
 .text.HAL_GPIO_Init
                0x08000c60      0x1ac Drivers\STM32F0xx_HAL_Driver\Src\stm32f0xx_hal_gpio.o
                0x08000c60                HAL_GPIO_Init
 .text.HAL_GPIO_ReadPin
                0x08000e0c        0xc Drivers\STM32F0xx_HAL_Driver\Src\stm32f0xx_hal_gpio.o
                0x08000e0c                HAL_GPIO_ReadPin
 .text.HAL_GPIO_WritePin
                0x08000e18        0xc Drivers\STM32F0xx_HAL_Driver\Src\stm32f0xx_hal_gpio.o
                0x08000e18                HAL_GPIO_WritePin
 .text.HAL_GPIO_TogglePin
                0x08000e24        0x8 Drivers\STM32F0xx_HAL_Driver\Src\stm32f0xx_hal_gpio.o
                0x08000e24                HAL_GPIO_TogglePin
 .text.I2C_Flush_TXDR
                0x08000e2c       0x1e Drivers\STM32F0xx_HAL_Driver\Src\stm32f0xx_hal_i2c.o
 *fill*         0x08000e4a        0x2 
 .text.I2C_TransferConfig
                0x08000e4c       0x24 Drivers\STM32F0xx_HAL_Driver\Src\stm32f0xx_hal_i2c.o
 .text.I2C_Enable_IRQ
                0x08000e70       0x6c Drivers\STM32F0xx_HAL_Driver\Src\stm32f0xx_hal_i2c.o
 .text.I2C_Disable_IRQ
                0x08000edc       0x64 Drivers\STM32F0xx_HAL_Driver\Src\stm32f0xx_hal_i2c.o
 .text.HAL_I2C_Init
                0x08000f40       0xcc Drivers\STM32F0xx_HAL_Driver\Src\stm32f0xx_hal_i2c.o
                0x08000f40                HAL_I2C_Init
 .text.HAL_I2C_Master_Transmit_IT
                0x0800100c       0x90 Drivers\STM32F0xx_HAL_Driver\Src\stm32f0xx_hal_i2c.o
                0x0800100c                HAL_I2C_Master_Transmit_IT
 .text.HAL_I2C_Slave_Receive_IT
                0x0800109c       0x64 Drivers\STM32F0xx_HAL_Driver\Src\stm32f0xx_hal_i2c.o
                0x0800109c                HAL_I2C_Slave_Receive_IT
 .text.HAL_I2C_EV_IRQHandler
                0x08001100       0x12 Drivers\STM32F0xx_HAL_Driver\Src\stm32f0xx_hal_i2c.o
                0x08001100                HAL_I2C_EV_IRQHandler
 .text.I2C_ITMasterSequentialCplt
                0x08001112       0x52 Drivers\STM32F0xx_HAL_Driver\Src\stm32f0xx_hal_i2c.o
 .text.HAL_I2C_SlaveTxCpltCallback
                0x08001164        0x2 Drivers\STM32F0xx_HAL_Driver\Src\stm32f0xx_hal_i2c.o
                0x08001164                HAL_I2C_SlaveTxCpltCallback
 .text.HAL_I2C_SlaveRxCpltCallback
                0x08001166        0x2 Drivers\STM32F0xx_HAL_Driver\Src\stm32f0xx_hal_i2c.o
                0x08001166                HAL_I2C_SlaveRxCpltCallback
 .text.I2C_ITSlaveSequentialCplt
                0x08001168       0x58 Drivers\STM32F0xx_HAL_Driver\Src\stm32f0xx_hal_i2c.o
 .text.HAL_I2C_AddrCallback
                0x080011c0        0x2 Drivers\STM32F0xx_HAL_Driver\Src\stm32f0xx_hal_i2c.o
                0x080011c0                HAL_I2C_AddrCallback
 .text.HAL_I2C_ListenCpltCallback
                0x080011c2        0x2 Drivers\STM32F0xx_HAL_Driver\Src\stm32f0xx_hal_i2c.o
                0x080011c2                HAL_I2C_ListenCpltCallback
 .text.I2C_ITListenCplt
                0x080011c4       0x64 Drivers\STM32F0xx_HAL_Driver\Src\stm32f0xx_hal_i2c.o
 .text.HAL_I2C_MemTxCpltCallback
                0x08001228        0x2 Drivers\STM32F0xx_HAL_Driver\Src\stm32f0xx_hal_i2c.o
                0x08001228                HAL_I2C_MemTxCpltCallback
 .text.HAL_I2C_MemRxCpltCallback
                0x0800122a        0x2 Drivers\STM32F0xx_HAL_Driver\Src\stm32f0xx_hal_i2c.o
                0x0800122a                HAL_I2C_MemRxCpltCallback
 .text.HAL_I2C_AbortCpltCallback
                0x0800122c        0x2 Drivers\STM32F0xx_HAL_Driver\Src\stm32f0xx_hal_i2c.o
                0x0800122c                HAL_I2C_AbortCpltCallback
 *fill*         0x0800122e        0x2 
 .text.I2C_ITError
                0x08001230       0xf8 Drivers\STM32F0xx_HAL_Driver\Src\stm32f0xx_hal_i2c.o
 .text.I2C_ITSlaveCplt
                0x08001328      0x118 Drivers\STM32F0xx_HAL_Driver\Src\stm32f0xx_hal_i2c.o
 .text.I2C_Slave_ISR_IT
                0x08001440      0x1e4 Drivers\STM32F0xx_HAL_Driver\Src\stm32f0xx_hal_i2c.o
 .text.I2C_Slave_ISR_DMA
                0x08001624       0x84 Drivers\STM32F0xx_HAL_Driver\Src\stm32f0xx_hal_i2c.o
 .text.I2C_ITMasterCplt
                0x080016a8       0xd4 Drivers\STM32F0xx_HAL_Driver\Src\stm32f0xx_hal_i2c.o
 .text.I2C_Master_ISR_IT
                0x0800177c      0x16c Drivers\STM32F0xx_HAL_Driver\Src\stm32f0xx_hal_i2c.o
 .text.I2C_Master_ISR_DMA
                0x080018e8       0xda Drivers\STM32F0xx_HAL_Driver\Src\stm32f0xx_hal_i2c.o
 .text.HAL_I2C_ER_IRQHandler
                0x080019c2       0x74 Drivers\STM32F0xx_HAL_Driver\Src\stm32f0xx_hal_i2c.o
                0x080019c2                HAL_I2C_ER_IRQHandler
 .text.I2C_DMAAbort
                0x08001a36       0x34 Drivers\STM32F0xx_HAL_Driver\Src\stm32f0xx_hal_i2c.o
 .text.HAL_I2C_GetError
                0x08001a6a        0x4 Drivers\STM32F0xx_HAL_Driver\Src\stm32f0xx_hal_i2c.o
                0x08001a6a                HAL_I2C_GetError
 *fill*         0x08001a6e        0x2 
 .text.HAL_I2CEx_ConfigAnalogFilter
                0x08001a70       0x58 Drivers\STM32F0xx_HAL_Driver\Src\stm32f0xx_hal_i2c_ex.o
                0x08001a70                HAL_I2CEx_ConfigAnalogFilter
 .text.HAL_I2CEx_ConfigDigitalFilter
                0x08001ac8       0x54 Drivers\STM32F0xx_HAL_Driver\Src\stm32f0xx_hal_i2c_ex.o
                0x08001ac8                HAL_I2CEx_ConfigDigitalFilter
 .text.HAL_RCC_OscConfig
                0x08001b1c      0x488 Drivers\STM32F0xx_HAL_Driver\Src\stm32f0xx_hal_rcc.o
                0x08001b1c                HAL_RCC_OscConfig
 .text.HAL_RCC_GetSysClockFreq
                0x08001fa4       0x6c Drivers\STM32F0xx_HAL_Driver\Src\stm32f0xx_hal_rcc.o
                0x08001fa4                HAL_RCC_GetSysClockFreq
 .text.HAL_RCC_ClockConfig
                0x08002010      0x16c Drivers\STM32F0xx_HAL_Driver\Src\stm32f0xx_hal_rcc.o
                0x08002010                HAL_RCC_ClockConfig
 .text.HAL_RCC_GetHCLKFreq
                0x0800217c        0xc Drivers\STM32F0xx_HAL_Driver\Src\stm32f0xx_hal_rcc.o
                0x0800217c                HAL_RCC_GetHCLKFreq
 .text.HAL_RCC_GetPCLK1Freq
                0x08002188       0x20 Drivers\STM32F0xx_HAL_Driver\Src\stm32f0xx_hal_rcc.o
                0x08002188                HAL_RCC_GetPCLK1Freq
 .text.HAL_RCCEx_PeriphCLKConfig
                0x080021a8      0x128 Drivers\STM32F0xx_HAL_Driver\Src\stm32f0xx_hal_rcc_ex.o
                0x080021a8                HAL_RCCEx_PeriphCLKConfig
 .text.UART_EndRxTransfer
                0x080022d0       0x24 Drivers\STM32F0xx_HAL_Driver\Src\stm32f0xx_hal_uart.o
 .text.HAL_UART_Receive_IT
                0x080022f4       0xd0 Drivers\STM32F0xx_HAL_Driver\Src\stm32f0xx_hal_uart.o
                0x080022f4                HAL_UART_Receive_IT
 .text.HAL_UART_Transmit_DMA
                0x080023c4       0xa4 Drivers\STM32F0xx_HAL_Driver\Src\stm32f0xx_hal_uart.o
                0x080023c4                HAL_UART_Transmit_DMA
 .text.UART_DMATransmitCplt
                0x08002468       0x30 Drivers\STM32F0xx_HAL_Driver\Src\stm32f0xx_hal_uart.o
 .text.HAL_UART_TxHalfCpltCallback
                0x08002498        0x2 Drivers\STM32F0xx_HAL_Driver\Src\stm32f0xx_hal_uart.o
                0x08002498                HAL_UART_TxHalfCpltCallback
 .text.UART_DMATxHalfCplt
                0x0800249a        0xa Drivers\STM32F0xx_HAL_Driver\Src\stm32f0xx_hal_uart.o
 .text.UART_DMAError
                0x080024a4       0x58 Drivers\STM32F0xx_HAL_Driver\Src\stm32f0xx_hal_uart.o
 .text.UART_DMAAbortOnError
                0x080024fc       0x14 Drivers\STM32F0xx_HAL_Driver\Src\stm32f0xx_hal_uart.o
 .text.UART_SetConfig
                0x08002510      0x188 Drivers\STM32F0xx_HAL_Driver\Src\stm32f0xx_hal_uart.o
                0x08002510                UART_SetConfig
 .text.UART_AdvFeatureConfig
                0x08002698       0xe0 Drivers\STM32F0xx_HAL_Driver\Src\stm32f0xx_hal_uart.o
                0x08002698                UART_AdvFeatureConfig
 .text.HAL_UART_Init
                0x08002778       0x80 Drivers\STM32F0xx_HAL_Driver\Src\stm32f0xx_hal_uart.o
                0x08002778                HAL_UART_Init
 .text.UART_WaitOnFlagUntilTimeout
                0x080027f8       0x6c Drivers\STM32F0xx_HAL_Driver\Src\stm32f0xx_hal_uart.o
                0x080027f8                UART_WaitOnFlagUntilTimeout
 .text.HAL_UART_Transmit
                0x08002864       0xe4 Drivers\STM32F0xx_HAL_Driver\Src\stm32f0xx_hal_uart.o
                0x08002864                HAL_UART_Transmit
 .text.HAL_UART_Receive
                0x08002948      0x11c Drivers\STM32F0xx_HAL_Driver\Src\stm32f0xx_hal_uart.o
                0x08002948                HAL_UART_Receive
 .text.UART_Transmit_IT
                0x08002a64       0x6e Drivers\STM32F0xx_HAL_Driver\Src\stm32f0xx_hal_uart.o
                0x08002a64                UART_Transmit_IT
 .text.UART_EndTransmit_IT
                0x08002ad2       0x1a Drivers\STM32F0xx_HAL_Driver\Src\stm32f0xx_hal_uart.o
                0x08002ad2                UART_EndTransmit_IT
 .text.UART_Receive_IT
                0x08002aec       0x84 Drivers\STM32F0xx_HAL_Driver\Src\stm32f0xx_hal_uart.o
                0x08002aec                UART_Receive_IT
 .text.HAL_UART_IRQHandler
                0x08002b70      0x128 Drivers\STM32F0xx_HAL_Driver\Src\stm32f0xx_hal_uart.o
                0x08002b70                HAL_UART_IRQHandler
 .text.INITIALIZE_BUS_I2C_Existing_Slave_Devices_List
                0x08002c98       0x94 Src\BUS_I2C.o
                0x08002c98                INITIALIZE_BUS_I2C_Existing_Slave_Devices_List
 .text.Load_Prot_V2_Header_Data_to_Send_Request
                0x08002d2c       0x20 Src\BUS_I2C.o
                0x08002d2c                Load_Prot_V2_Header_Data_to_Send_Request
 .text.SEND_I2C_Command_to_The_Slave
                0x08002d4c       0x34 Src\BUS_I2C.o
                0x08002d4c                SEND_I2C_Command_to_The_Slave
 .text.TASK_BUS_I2C_Commands_Execute
                0x08002d80      0x194 Src\BUS_I2C.o
                0x08002d80                TASK_BUS_I2C_Commands_Execute
 .text.LOAD_Header_Data_On_Buffer_to_Send_Response
                0x08002f14       0x34 Src\main.o
                0x08002f14                LOAD_Header_Data_On_Buffer_to_Send_Response
 .text.LOAD_Zones_Status_On_Buffer_to_Send_INFORM
                0x08002f48       0x74 Src\main.o
                0x08002f48                LOAD_Zones_Status_On_Buffer_to_Send_INFORM
 .text.Clear_Rx_Buffer
                0x08002fbc       0x18 Src\main.o
                0x08002fbc                Clear_Rx_Buffer
 .text.LOAD_The_Default_prg_Values_to_be_used_in_the_Flash_Drivers
                0x08002fd4       0x34 Src\main.o
                0x08002fd4                LOAD_The_Default_prg_Values_to_be_used_in_the_Flash_Drivers
 .text.EXECUTE_Remote_Control_Signal_on_PGM1_OUT
                0x08003008       0x98 Src\main.o
                0x08003008                EXECUTE_Remote_Control_Signal_on_PGM1_OUT
 .text.Load_New_Zones_In_Alarm_Flags_While_ANOTHER_Zone_already_in_Alarm_Counting_Time
                0x080030a0       0x50 Src\main.o
                0x080030a0                Load_New_Zones_In_Alarm_Flags_While_ANOTHER_Zone_already_in_Alarm_Counting_Time
 .text.START_STOP_ALARM
                0x080030f0       0x90 Src\main.o
                0x080030f0                START_STOP_ALARM
 .text.Test_NON_24_Zones
                0x08003180      0x208 Src\main.o
                0x08003180                Test_NON_24_Zones
 .text.Test_24_and_Panic_Zones
                0x08003388      0x120 Src\main.o
                0x08003388                Test_24_and_Panic_Zones
 .text.Change_The_Delay_Zones_As_Instant
                0x080034a8       0x3c Src\main.o
                0x080034a8                Change_The_Delay_Zones_As_Instant
 .text.Change_The_FOLLOW_Zones_AS_DISABLE
                0x080034e4       0x24 Src\main.o
                0x080034e4                Change_The_FOLLOW_Zones_AS_DISABLE
 .text.Test_FOR_AUTO_Change_From_STAY_to_INSTANT_ARM
                0x08003508       0x68 Src\main.o
                0x08003508                Test_FOR_AUTO_Change_From_STAY_to_INSTANT_ARM
 .text.Show_Switch_LED_and_SETUP_ALARM_Status
                0x08003570       0x74 Src\main.o
                0x08003570                Show_Switch_LED_and_SETUP_ALARM_Status
 .text.SPECIFY_The_SIGNAL_on_The_PGM1_OUT
                0x080035e4       0x74 Src\main.o
                0x080035e4                SPECIFY_The_SIGNAL_on_The_PGM1_OUT
 .text.Test_The_Time_Depending_Events
                0x08003658      0x28c Src\main.o
                0x08003658                Test_The_Time_Depending_Events
 .text.SEND_Uart_Protocol_V2_Packet_Data
                0x080038e4       0x28 Src\main.o
                0x080038e4                SEND_Uart_Protocol_V2_Packet_Data
 .text.SEND_Uart_Protocol_V2_Packet_Data_New
                0x0800390c       0x30 Src\main.o
                0x0800390c                SEND_Uart_Protocol_V2_Packet_Data_New
 .text.LOAD_MONITORING_All_Data_AND_Send
                0x0800393c       0x24 Src\main.o
                0x0800393c                LOAD_MONITORING_All_Data_AND_Send
 .text.UPDATE_Mobile_User_For_New_Monitoring_Data
                0x08003960      0x10c Src\main.o
                0x08003960                UPDATE_Mobile_User_For_New_Monitoring_Data
 .text.Transfer_Programming_Data_to_Be_Write_or_Read
                0x08003a6c       0xd0 Src\main.o
                0x08003a6c                Transfer_Programming_Data_to_Be_Write_or_Read
 .text.Record_All_Programming_Data_on_The_FLASH
                0x08003b3c       0x1a Src\main.o
                0x08003b3c                Record_All_Programming_Data_on_The_FLASH
 *fill*         0x08003b56        0x2 
 .text.TEST_ALL_Zones_For_ALARM_Events
                0x08003b58       0x24 Src\main.o
                0x08003b58                TEST_ALL_Zones_For_ALARM_Events
 .text.LOAD_Bypass_Zones_on_Mobile_User_Request
                0x08003b7c       0x30 Src\main.o
                0x08003b7c                LOAD_Bypass_Zones_on_Mobile_User_Request
 .text.MOBILE_User_Arm_Disarm_The_System
                0x08003bac       0xf8 Src\main.o
                0x08003bac                MOBILE_User_Arm_Disarm_The_System
 .text.TEST_For_Any_Chime_in_Zones
                0x08003ca4       0x20 Src\main.o
                0x08003ca4                TEST_For_Any_Chime_in_Zones
 .text.TASK_AUTO_Monitoring_OFF
                0x08003cc4       0x30 Src\main.o
                0x08003cc4                TASK_AUTO_Monitoring_OFF
 .text.Read_Wireless_RX_Data_if_Exist
                0x08003cf4      0x2e0 Src\main.o
                0x08003cf4                Read_Wireless_RX_Data_if_Exist
 .text.Read_Wireless_Zones_AND_Make_ONE_with_WIRE_Zones
                0x08003fd4       0x80 Src\main.o
                0x08003fd4                Read_Wireless_Zones_AND_Make_ONE_with_WIRE_Zones
 .text.Define_The_Remote_Control_Action
                0x08004054       0x68 Src\main.o
                0x08004054                Define_The_Remote_Control_Action
 .text.Read_SWITCH_ON_OFF_Status
                0x080040bc      0x1ec Src\main.o
                0x080040bc                Read_SWITCH_ON_OFF_Status
 .text.Reset_The_Bypassed_Zones
                0x080042a8       0x1c Src\main.o
                0x080042a8                Reset_The_Bypassed_Zones
 .text.Reset_False_ALARM_Counter
                0x080042c4       0x14 Src\main.o
                0x080042c4                Reset_False_ALARM_Counter
 .text.Switch_ON_OFF_Alarm_Settings
                0x080042d8       0xd4 Src\main.o
                0x080042d8                Switch_ON_OFF_Alarm_Settings
 .text.Write_Or_Read_Programming_Data_From_Or_to_UART_Buffer
                0x080043ac      0x1c8 Src\main.o
                0x080043ac                Write_Or_Read_Programming_Data_From_Or_to_UART_Buffer
 .text.DECO0DE_And_Execute_UART_Commands
                0x08004574       0xec Src\main.o
                0x08004574                DECO0DE_And_Execute_UART_Commands
 .text.Retrieve_Decode_and_Execute_UART_Communication_CMDs
                0x08004660       0x74 Src\main.o
                0x08004660                Retrieve_Decode_and_Execute_UART_Communication_CMDs
 .text.Test_User_Change_on_ARMING_Status
                0x080046d4       0xb4 Src\main.o
                0x080046d4                Test_User_Change_on_ARMING_Status
 .text.Show_LED_For_Zones_Status
                0x08004788       0x88 Src\main.o
                0x08004788                Show_LED_For_Zones_Status
 .text.Read_Zones_Instant_Status
                0x08004810      0x18c Src\main.o
                0x08004810                Read_Zones_Instant_Status
 .text.Read_ALL_Zones_Status_and_SET_The_Corresponding_LED
                0x0800499c       0x28 Src\main.o
                0x0800499c                Read_ALL_Zones_Status_and_SET_The_Corresponding_LED
 .text.Check_System_EVENTS_and_make_the_FLOW
                0x080049c4       0x28 Src\main.o
                0x080049c4                Check_System_EVENTS_and_make_the_FLOW
 .text.SystemClock_Config
                0x080049ec       0x86 Src\main.o
                0x080049ec                SystemClock_Config
 *fill*         0x08004a72        0x2 
 .text.HAL_UART_RxCpltCallback
                0x08004a74        0xc Src\main.o
                0x08004a74                HAL_UART_RxCpltCallback
 .text.HAL_UART_ErrorCallback
                0x08004a80       0x18 Src\main.o
                0x08004a80                HAL_UART_ErrorCallback
 .text.HAL_I2C_MasterTxCpltCallback
                0x08004a98       0x10 Src\main.o
                0x08004a98                HAL_I2C_MasterTxCpltCallback
 .text.HAL_I2C_MasterRxCpltCallback
                0x08004aa8       0x10 Src\main.o
                0x08004aa8                HAL_I2C_MasterRxCpltCallback
 .text.HAL_I2C_ErrorCallback
                0x08004ab8       0x1c Src\main.o
                0x08004ab8                HAL_I2C_ErrorCallback
 .text._Error_Handler
                0x08004ad4        0x2 Src\main.o
                0x08004ad4                _Error_Handler
 *fill*         0x08004ad6        0x2 
 .text.Initialize_Variables
                0x08004ad8       0x60 Src\main.o
                0x08004ad8                Initialize_Variables
 .text.Update_TASK_Times
                0x08004b38       0x40 Src\main.o
                0x08004b38                Update_TASK_Times
 .text.USART_READ_AND_RESET_Status_Flags
                0x08004b78       0xc8 Src\main.o
                0x08004b78                USART_READ_AND_RESET_Status_Flags
 .text.TASK_Protect_UART
                0x08004c40       0x44 Src\main.o
                0x08004c40                TASK_Protect_UART
 .text.TASK_Count_Big_Times_AND_Seconds
                0x08004c84       0x4c Src\main.o
                0x08004c84                TASK_Count_Big_Times_AND_Seconds
 .text.Trigger_PERIPHERAL_TO_Receive_Interrupt_DATA
                0x08004cd0       0x50 Src\main.o
                0x08004cd0                Trigger_PERIPHERAL_TO_Receive_Interrupt_DATA
 .text.main     0x08004d20      0x250 Src\main.o
                0x08004d20                main
 .text.HAL_UART_TxCpltCallback
                0x08004f70       0x1c Src\main.o
                0x08004f70                HAL_UART_TxCpltCallback
 .text.my_mem_copy
                0x08004f8c       0x24 Src\my_Common.o
                0x08004f8c                my_mem_copy
 .text.Initialize_MCU_Peripherals_and_Corresponding_IO_Pins
                0x08004fb0        0x2 Src\my_Common.o
                0x08004fb0                Initialize_MCU_Peripherals_and_Corresponding_IO_Pins
 .text.Initialize_External_Devices_and_Corresponding_IO_Pins
                0x08004fb2        0x2 Src\my_Common.o
                0x08004fb2                Initialize_External_Devices_and_Corresponding_IO_Pins
 .text.Retrieve_The_Current_Programming_Data_Value_to_be_Write
                0x08004fb4       0x28 Src\my_Flash.o
                0x08004fb4                Retrieve_The_Current_Programming_Data_Value_to_be_Write
 .text.Write_Programming_Data_Values_on_Flash_Memory
                0x08004fdc      0x100 Src\my_Flash.o
                0x08004fdc                Write_Programming_Data_Values_on_Flash_Memory
 .text.Read_Programming_Data_Values_From_Flash_Memory
                0x080050dc       0x30 Src\my_Flash.o
                0x080050dc                Read_Programming_Data_Values_From_Flash_Memory
 .text.Startup_Sequence_for_Load_Programming_Data
                0x0800510c       0x8c Src\my_Flash.o
                0x0800510c                Startup_Sequence_for_Load_Programming_Data
 .text.HAL_MspInit
                0x08005198       0x54 Src\stm32f0xx_hal_msp.o
                0x08005198                HAL_MspInit
 .text.HAL_ADC_MspInit
                0x080051ec       0x48 Src\stm32f0xx_hal_msp.o
                0x080051ec                HAL_ADC_MspInit
 .text.HAL_I2C_MspInit
                0x08005234       0x60 Src\stm32f0xx_hal_msp.o
                0x08005234                HAL_I2C_MspInit
 .text.HAL_UART_MspInit
                0x08005294       0x9c Src\stm32f0xx_hal_msp.o
                0x08005294                HAL_UART_MspInit
 .text.NMI_Handler
                0x08005330        0x2 Src\stm32f0xx_it.o
                0x08005330                NMI_Handler
 .text.HardFault_Handler
                0x08005332        0xc Src\stm32f0xx_it.o
                0x08005332                HardFault_Handler
 .text.SVC_Handler
                0x0800533e        0x2 Src\stm32f0xx_it.o
                0x0800533e                SVC_Handler
 .text.PendSV_Handler
                0x08005340        0x2 Src\stm32f0xx_it.o
                0x08005340                PendSV_Handler
 *fill*         0x08005342        0x2 
 .text.SysTick_Handler
                0x08005344       0x18 Src\stm32f0xx_it.o
                0x08005344                SysTick_Handler
 .text.I2C1_IRQHandler
                0x0800535c       0x18 Src\stm32f0xx_it.o
                0x0800535c                I2C1_IRQHandler
 .text.DMA1_Channel2_3_IRQHandler
                0x08005374       0x10 Src\stm32f0xx_it.o
                0x08005374                DMA1_Channel2_3_IRQHandler
 .text.USART1_IRQHandler
                0x08005384       0x10 Src\stm32f0xx_it.o
                0x08005384                USART1_IRQHandler
 .text.SystemInit
                0x08005394       0x60 Src\system_stm32f0xx.o
                0x08005394                SystemInit
 .text.Reset_Handler
                0x080053f4       0x50 startup\startup_stm32f030x6.o
                0x080053f4                Reset_Handler
 .text.Default_Handler
                0x08005444        0x2 startup\startup_stm32f030x6.o
                0x08005444                TIM1_CC_IRQHandler
                0x08005444                SPI1_IRQHandler
                0x08005444                EXTI2_3_IRQHandler
                0x08005444                ADC1_IRQHandler
                0x08005444                TIM17_IRQHandler
                0x08005444                RTC_IRQHandler
                0x08005444                TIM16_IRQHandler
                0x08005444                TIM3_IRQHandler
                0x08005444                EXTI4_15_IRQHandler
                0x08005444                RCC_IRQHandler
                0x08005444                DMA1_Channel1_IRQHandler
                0x08005444                Default_Handler
                0x08005444                TIM14_IRQHandler
                0x08005444                DMA1_Channel4_5_IRQHandler
                0x08005444                EXTI0_1_IRQHandler
                0x08005444                WWDG_IRQHandler
                0x08005444                FLASH_IRQHandler
                0x08005444                TIM1_BRK_UP_TRG_COM_IRQHandler
 *fill*         0x08005446        0x2 
 .text.__libc_init_array
                0x08005448       0x48 c:/program files (x86)/atollic/truestudio for stm32 9.0.0/armtools/bin/../lib/gcc/arm-atollic-eabi/6.3.1/../../../../arm-atollic-eabi/lib/armv6-m\libc_nano.a(lib_a-init.o)
                0x08005448                __libc_init_array
 *(.glue_7)
 .glue_7        0x08005490        0x0 linker stubs
 *(.glue_7t)
 .glue_7t       0x08005490        0x0 linker stubs
 *(.eh_frame)
 .eh_frame      0x08005490        0x0 c:/program files (x86)/atollic/truestudio for stm32 9.0.0/armtools/bin/../lib/gcc/arm-atollic-eabi/6.3.1/armv6-m/crtbegin.o
 *(.init)
 .init          0x08005490        0x4 c:/program files (x86)/atollic/truestudio for stm32 9.0.0/armtools/bin/../lib/gcc/arm-atollic-eabi/6.3.1/armv6-m/crti.o
                0x08005490                _init
 .init          0x08005494        0x8 c:/program files (x86)/atollic/truestudio for stm32 9.0.0/armtools/bin/../lib/gcc/arm-atollic-eabi/6.3.1/armv6-m/crtn.o
 *(.fini)
 .fini          0x0800549c        0x4 c:/program files (x86)/atollic/truestudio for stm32 9.0.0/armtools/bin/../lib/gcc/arm-atollic-eabi/6.3.1/armv6-m/crti.o
                0x0800549c                _fini
 .fini          0x080054a0        0x8 c:/program files (x86)/atollic/truestudio for stm32 9.0.0/armtools/bin/../lib/gcc/arm-atollic-eabi/6.3.1/armv6-m/crtn.o
                0x080054a8                . = ALIGN (0x4)
                0x080054a8                _etext = .

.vfp11_veneer   0x080054a8        0x0
 .vfp11_veneer  0x080054a8        0x0 linker stubs

.v4_bx          0x080054a8        0x0
 .v4_bx         0x080054a8        0x0 linker stubs

.iplt           0x080054a8        0x0
 .iplt          0x080054a8        0x0 c:/program files (x86)/atollic/truestudio for stm32 9.0.0/armtools/bin/../lib/gcc/arm-atollic-eabi/6.3.1/armv6-m/crtbegin.o

.rodata         0x080054a8       0xa0
                0x080054a8                . = ALIGN (0x4)
 *(.rodata)
 .rodata        0x080054a8       0x20 Drivers\STM32F0xx_HAL_Driver\Src\stm32f0xx_hal_rcc.o
 *(.rodata*)
 .rodata.Read_Wireless_RX_Data_if_Exist
                0x080054c8       0x28 Src\main.o
 .rodata.DECO0DE_And_Execute_UART_Commands
                0x080054f0       0x24 Src\main.o
 .rodata.HAL_UART_MspInit.str1.4
                0x08005514       0x1c Src\stm32f0xx_hal_msp.o
                                 0x1b (size before relaxing)
 .rodata.AHBPrescTable
                0x08005530       0x10 Src\system_stm32f0xx.o
                0x08005530                AHBPrescTable
 .rodata.APBPrescTable
                0x08005540        0x8 Src\system_stm32f0xx.o
                0x08005540                APBPrescTable
                0x08005548                . = ALIGN (0x4)

.rel.dyn        0x08005548        0x0
 .rel.iplt      0x08005548        0x0 c:/program files (x86)/atollic/truestudio for stm32 9.0.0/armtools/bin/../lib/gcc/arm-atollic-eabi/6.3.1/armv6-m/crtbegin.o

.ARM.extab
 *(.ARM.extab* .gnu.linkonce.armextab.*)

.ARM            0x08005548        0x0
                0x08005548                __exidx_start = .
 *(.ARM.exidx*)
                0x08005548                __exidx_end = .

.preinit_array  0x08005548        0x0
                0x08005548                PROVIDE (__preinit_array_start, .)
 *(.preinit_array*)
                0x08005548                PROVIDE (__preinit_array_end, .)

.init_array     0x08005548        0x4
                0x08005548                PROVIDE (__init_array_start, .)
 *(SORT(.init_array.*))
 *(.init_array*)
 .init_array    0x08005548        0x4 c:/program files (x86)/atollic/truestudio for stm32 9.0.0/armtools/bin/../lib/gcc/arm-atollic-eabi/6.3.1/armv6-m/crtbegin.o
                0x0800554c                PROVIDE (__init_array_end, .)

.fini_array     0x0800554c        0x4
                [!provide]                PROVIDE (__fini_array_start, .)
 *(SORT(.fini_array.*))
 *(.fini_array*)
 .fini_array    0x0800554c        0x4 c:/program files (x86)/atollic/truestudio for stm32 9.0.0/armtools/bin/../lib/gcc/arm-atollic-eabi/6.3.1/armv6-m/crtbegin.o
                [!provide]                PROVIDE (__fini_array_end, .)
                0x08005550                _sidata = LOADADDR (.data)

.data           0x20000000       0x1c load address 0x08005550
                0x20000000                . = ALIGN (0x4)
                0x20000000                _sdata = .
 *(.data)
 *(.data*)
 .data.g_Alarm_Time
                0x20000000        0x2 Src\main.o
                0x20000000                g_Alarm_Time
 .data.g_ENTRY_Delay_Zone_did_Not_OPEN
                0x20000002        0x1 Src\main.o
                0x20000002                g_ENTRY_Delay_Zone_did_Not_OPEN
 *fill*         0x20000003        0x1 
 .data.g_Entry_Time
                0x20000004        0x2 Src\main.o
                0x20000004                g_Entry_Time
 .data.g_Exit_Time
                0x20000006        0x2 Src\main.o
                0x20000006                g_Exit_Time
 .data.g_Switch_Changes_Direction
                0x20000008        0x1 Src\main.o
                0x20000008                g_Switch_Changes_Direction
 .data.g_Switch_Mode
                0x20000009        0x1 Src\main.o
                0x20000009                g_Switch_Mode
 .data.g_Switch_Sensivity_Counter
                0x2000000a        0x2 Src\main.o
                0x2000000a                g_Switch_Sensivity_Counter
 .data.g_Zones_LED_Flashing_on_Alarm_Counter
                0x2000000c        0x2 Src\main.o
                0x2000000c                g_Zones_LED_Flashing_on_Alarm_Counter
 .data.g_Zones_Wireless
                0x2000000e        0x2 Src\main.o
                0x2000000e                g_Zones_Wireless
 .data.g_Data   0x20000010        0x4 Src\my_Flash.o
                0x20000010                g_Data
 .data.g_MemoryProgramStatus
                0x20000014        0x1 Src\my_Flash.o
                0x20000014                g_MemoryProgramStatus
 *fill*         0x20000015        0x3 
 .data.SystemCoreClock
                0x20000018        0x4 Src\system_stm32f0xx.o
                0x20000018                SystemCoreClock
                0x2000001c                . = ALIGN (0x4)
                0x2000001c                _edata = .

.igot.plt       0x2000001c        0x0 load address 0x0800556c
 .igot.plt      0x2000001c        0x0 c:/program files (x86)/atollic/truestudio for stm32 9.0.0/armtools/bin/../lib/gcc/arm-atollic-eabi/6.3.1/armv6-m/crtbegin.o
                0x2000001c                . = ALIGN (0x4)

.bss            0x20000020      0x48c load address 0x0800556c
                0x20000020                _sbss = .
                0x20000020                __bss_start__ = _sbss
 *(.bss)
 .bss           0x20000020       0x1c c:/program files (x86)/atollic/truestudio for stm32 9.0.0/armtools/bin/../lib/gcc/arm-atollic-eabi/6.3.1/armv6-m/crtbegin.o
 *(.bss*)
 .bss.g_BUS_I2C_Synchronization_PERIOD_Cycles
                0x2000003c        0x1 Src\BUS_I2C.o
                0x2000003c                g_BUS_I2C_Synchronization_PERIOD_Cycles
 *fill*         0x2000003d        0x1 
 .bss.g_BUS_I2C_Tick_Clock_Value
                0x2000003e        0x2 Src\BUS_I2C.o
                0x2000003e                g_BUS_I2C_Tick_Clock_Value
 .bss.g_I2C_Identification_PERIOD_Cycles
                0x20000040        0x1 Src\BUS_I2C.o
                0x20000040                g_I2C_Identification_PERIOD_Cycles
 .bss.g_I2C_Identify_New_Slave_Device_Accepted
                0x20000041        0x1 Src\BUS_I2C.o
                0x20000041                g_I2C_Identify_New_Slave_Device_Accepted
 .bss.g_I2C_Identify_New_Slave_Device_Procedure_Step
                0x20000042        0x1 Src\BUS_I2C.o
                0x20000042                g_I2C_Identify_New_Slave_Device_Procedure_Step
 *fill*         0x20000043        0x1 
 .bss.g_ADC_Instant_Value
                0x20000044        0x2 Src\main.o
                0x20000044                g_ADC_Instant_Value
 .bss.g_ADC_Instant_Value_Raw
                0x20000046        0x2 Src\main.o
                0x20000046                g_ADC_Instant_Value_Raw
 .bss.g_ALARM_Counting_Time
                0x20000048        0x2 Src\main.o
                0x20000048                g_ALARM_Counting_Time
 .bss.g_AUTO_Stay_Instant
                0x2000004a        0x1 Src\main.o
                0x2000004a                g_AUTO_Stay_Instant
 *fill*         0x2000004b        0x1 
 .bss.g_Alarm_on_Zones
                0x2000004c        0x2 Src\main.o
                0x2000004c                g_Alarm_on_Zones
 .bss.g_Binary_Rx_Value
                0x2000004e        0x1 Src\main.o
                0x2000004e                g_Binary_Rx_Value
 .bss.g_Binary_Rx_Value_mem
                0x2000004f        0x1 Src\main.o
                0x2000004f                g_Binary_Rx_Value_mem
 .bss.g_Buzzer_ON_OFF_Flag
                0x20000050        0x1 Src\main.o
                0x20000050                g_Buzzer_ON_OFF_Flag
 *fill*         0x20000051        0x1 
 .bss.g_Counting_Time_to_Discard_Rx_Buffer
                0x20000052        0x2 Src\main.o
                0x20000052                g_Counting_Time_to_Discard_Rx_Buffer
 .bss.g_Current_Alarm_Time_ZONES_given
                0x20000054        0x2 Src\main.o
                0x20000054                g_Current_Alarm_Time_ZONES_given
 .bss.g_DEBUG_ZONE_1_CLOSE_Counter
                0x20000056        0x1 Src\main.o
                0x20000056                g_DEBUG_ZONE_1_CLOSE_Counter
 .bss.g_DEBUG_ZONE_1_OPEN_Counter
                0x20000057        0x1 Src\main.o
                0x20000057                g_DEBUG_ZONE_1_OPEN_Counter
 .bss.g_DMA_TX_Complete
                0x20000058        0x1 Src\main.o
                0x20000058                g_DMA_TX_Complete
 .bss.g_Delay_Zone_has_Open_Index_mem
                0x20000059        0x1 Src\main.o
                0x20000059                g_Delay_Zone_has_Open_Index_mem
 .bss.g_Delay_Zone_has_Open_mem
                0x2000005a        0x1 Src\main.o
                0x2000005a                g_Delay_Zone_has_Open_mem
 .bss.g_Entry_Exit_Sequence
                0x2000005b        0x1 Src\main.o
                0x2000005b                g_Entry_Exit_Sequence
 .bss.g_Entry_Exit_Time_Delay
                0x2000005c        0x2 Src\main.o
                0x2000005c                g_Entry_Exit_Time_Delay
 .bss.g_Executed_UART_CMD_Successfully
                0x2000005e        0x1 Src\main.o
                0x2000005e                g_Executed_UART_CMD_Successfully
 .bss.g_Follow_Zone_has_Open_Index_mem
                0x2000005f        0x1 Src\main.o
                0x2000005f                g_Follow_Zone_has_Open_Index_mem
 .bss.g_Follow_Zone_has_Open_mem
                0x20000060        0x1 Src\main.o
                0x20000060                g_Follow_Zone_has_Open_mem
 .bss.g_I2C_MODE_As_Master
                0x20000061        0x1 Src\main.o
                0x20000061                g_I2C_MODE_As_Master
 .bss.g_I2C_Master_RX_Complete
                0x20000062        0x1 Src\main.o
                0x20000062                g_I2C_Master_RX_Complete
 .bss.g_I2C_Master_TX_Complete
                0x20000063        0x1 Src\main.o
                0x20000063                g_I2C_Master_TX_Complete
 .bss.g_PANIC_24_Zones_Memory_Flags
                0x20000064        0x2 Src\main.o
                0x20000064                g_PANIC_24_Zones_Memory_Flags
 .bss.g_PGM_Mode
                0x20000066        0x1 Src\main.o
                0x20000066                g_PGM_Mode
 .bss.g_Panel_Ready_To_Arm
                0x20000067        0x1 Src\main.o
                0x20000067                g_Panel_Ready_To_Arm
 .bss.g_REMOTE_Control_Signal_times
                0x20000068        0x1 Src\main.o
                0x20000068                g_REMOTE_Control_Signal_times
 .bss.g_RX_Uart_Ready
                0x20000069        0x1 Src\main.o
                0x20000069                g_RX_Uart_Ready
 .bss.g_Received_UART_Data
                0x2000006a        0x1 Src\main.o
                0x2000006a                g_Received_UART_Data
 *fill*         0x2000006b        0x1 
 .bss.g_RxCount
                0x2000006c        0x2 Src\main.o
                0x2000006c                g_RxCount
 .bss.g_SIREN_Follow_Remote_Control
                0x2000006e        0x1 Src\main.o
                0x2000006e                g_SIREN_Follow_Remote_Control
 .bss.g_START_Monitoring
                0x2000006f        0x1 Src\main.o
                0x2000006f                g_START_Monitoring
 .bss.g_START_STOP_Trigger_Monitoring
                0x20000070        0x1 Src\main.o
                0x20000070                g_START_STOP_Trigger_Monitoring
 .bss.g_START_WIFI_Monitoring
                0x20000071        0x1 Src\main.o
                0x20000071                g_START_WIFI_Monitoring
 .bss.g_SUB_CMD_ID
                0x20000072        0x1 Src\main.o
                0x20000072                g_SUB_CMD_ID
 .bss.g_SUB_CMD_ID_Result
                0x20000073        0x1 Src\main.o
                0x20000073                g_SUB_CMD_ID_Result
 .bss.g_Switch_Instant_Status
                0x20000074        0x2 Src\main.o
                0x20000074                g_Switch_Instant_Status
 .bss.g_Switch_Instant_Status_mem
                0x20000076        0x1 Src\main.o
                0x20000076                g_Switch_Instant_Status_mem
 *fill*         0x20000077        0x1 
 .bss.g_Switch_Stable_Status
                0x20000078        0x2 Src\main.o
                0x20000078                g_Switch_Stable_Status
 .bss.g_UART_Error_Flag
                0x2000007a        0x1 Src\main.o
                0x2000007a                g_UART_Error_Flag
 .bss.g_Update_SysTick
                0x2000007b        0x1 Src\main.o
                0x2000007b                g_Update_SysTick
 .bss.g_Wireless_Remote_Control_Action
                0x2000007c        0x1 Src\main.o
                0x2000007c                g_Wireless_Remote_Control_Action
 .bss.g_Wireless_Rx_Pause_Debounce_Counter
                0x2000007d        0x1 Src\main.o
                0x2000007d                g_Wireless_Rx_Pause_Debounce_Counter
 .bss.g_Wireless_Rx_Trigger_Debounce_Counter
                0x2000007e        0x1 Src\main.o
                0x2000007e                g_Wireless_Rx_Trigger_Debounce_Counter
 *fill*         0x2000007f        0x1 
 .bss.g_Zones_Chime
                0x20000080        0x2 Src\main.o
                0x20000080                g_Zones_Chime
 .bss.g_Zones_Instant_Status
                0x20000082        0x2 Src\main.o
                0x20000082                g_Zones_Instant_Status
 .bss.g_Zones_LED_Indication_Flags
                0x20000084        0x1 Src\main.o
                0x20000084                g_Zones_LED_Indication_Flags
 *fill*         0x20000085        0x1 
 .bss.g_Zones_Stable_Status
                0x20000086        0x2 Src\main.o
                0x20000086                g_Zones_Stable_Status
 .bss.g_Zones_Wire_AND_Wireless
                0x20000088        0x2 Src\main.o
                0x20000088                g_Zones_Wire_AND_Wireless
 .bss.g_Zones_Wire_AND_Wireless_mem
                0x2000008a        0x2 Src\main.o
                0x2000008a                g_Zones_Wire_AND_Wireless_mem
 .bss.g_Zones_Wireless_Status
                0x2000008c        0x2 Src\main.o
                0x2000008c                g_Zones_Wireless_Status
 *fill*         0x2000008e        0x2 
 .bss.EraseInitStruct
                0x20000090        0xc Src\my_Flash.o
 .bss.g_Address
                0x2000009c        0x4 Src\my_Flash.o
                0x2000009c                g_Address
 *(COMMON)
 COMMON         0x200000a0        0x4 Drivers\STM32F0xx_HAL_Driver\Src\stm32f0xx_hal.o
                0x200000a0                uwTick
 *fill*         0x200000a4        0x4 
 COMMON         0x200000a8       0x20 Drivers\STM32F0xx_HAL_Driver\Src\stm32f0xx_hal_flash.o
                0x200000a8                pFlash
 COMMON         0x200000c8       0x42 Src\BUS_I2C.o
                0x200000c8                g_BUS_I2C_EXISTING_SLAVE_Devices_List
                0x200000d8                g_BUS_I2C_SLAVES_Update_Times
                0x200000f4                g_BUS_I2C_SLAVES_Update_Times_mem
 *fill*         0x2000010a        0x2 
 COMMON         0x2000010c      0x365 Src\main.o
                0x2000010c                g_Big_Times_And_Seconds
                0x20000128                g_Tasks_Times
                0x2000014c                hi2c1
                0x20000198                g_Inform_cmd
                0x200001a0                g_Buzzer_ON_OFF_Times
                0x200001a4                g_I2C_TX_Buffer
                0x200001d8                hdma_usart1_tx
                0x2000021c                huart1
                0x2000028c                g_UART_TX_BUFFER
                0x200002c0                g_Zones_TYPE_Configuration
                0x200002c8                g_Process_Buffer
                0x20000308                g_DEBUG_SEND_Data
                0x2000031c                g_Zones_TYPE_on_Current_Arming_MODE
                0x20000324                g_I2C_RX_Buffer
                0x20000358                g_RxBuffer_8bit
                0x20000398                g_Zones_Sensivity_Counter
                0x200003a4                hadc
                0x200003f0                g_RxBuffer
                0x2000046c                g_ALARMS_Counter_In_one_ARM_Sequence
 *fill*         0x20000471        0x3 
 COMMON         0x20000474       0x36 Src\my_Flash.o
                0x20000474                g_Default_Programming_Data_Array
                0x20000490                g_Programming_Data_Array
                0x200004ac                . = ALIGN (0x4)
 *fill*         0x200004aa        0x2 
                0x200004ac                _ebss = .
                0x200004ac                __bss_end__ = _ebss

._user_heap_stack
                0x200004ac      0x600 load address 0x0800556c
                0x200004ac                . = ALIGN (0x4)
                [!provide]                PROVIDE (end, .)
                [!provide]                PROVIDE (_end, .)
                0x200006ac                . = (. + _Min_Heap_Size)
 *fill*         0x200004ac      0x200 
                0x20000aac                . = (. + _Min_Stack_Size)
 *fill*         0x200006ac      0x400 
                0x20000aac                . = ALIGN (0x4)

/DISCARD/
 libc.a(*)
 libm.a(*)
 libgcc.a(*)

.ARM.attributes
                0x00000000       0x28
 *(.ARM.attributes)
 .ARM.attributes
                0x00000000       0x1e c:/program files (x86)/atollic/truestudio for stm32 9.0.0/armtools/bin/../lib/gcc/arm-atollic-eabi/6.3.1/armv6-m/crti.o
 .ARM.attributes
                0x0000001e       0x2c c:/program files (x86)/atollic/truestudio for stm32 9.0.0/armtools/bin/../lib/gcc/arm-atollic-eabi/6.3.1/armv6-m/crtbegin.o
 .ARM.attributes
                0x0000004a       0x31 Drivers\STM32F0xx_HAL_Driver\Src\stm32f0xx_hal.o
 .ARM.attributes
                0x0000007b       0x31 Drivers\STM32F0xx_HAL_Driver\Src\stm32f0xx_hal_adc.o
 .ARM.attributes
                0x000000ac       0x31 Drivers\STM32F0xx_HAL_Driver\Src\stm32f0xx_hal_cortex.o
 .ARM.attributes
                0x000000dd       0x31 Drivers\STM32F0xx_HAL_Driver\Src\stm32f0xx_hal_dma.o
 .ARM.attributes
                0x0000010e       0x31 Drivers\STM32F0xx_HAL_Driver\Src\stm32f0xx_hal_flash.o
 .ARM.attributes
                0x0000013f       0x31 Drivers\STM32F0xx_HAL_Driver\Src\stm32f0xx_hal_flash_ex.o
 .ARM.attributes
                0x00000170       0x31 Drivers\STM32F0xx_HAL_Driver\Src\stm32f0xx_hal_gpio.o
 .ARM.attributes
                0x000001a1       0x31 Drivers\STM32F0xx_HAL_Driver\Src\stm32f0xx_hal_i2c.o
 .ARM.attributes
                0x000001d2       0x31 Drivers\STM32F0xx_HAL_Driver\Src\stm32f0xx_hal_i2c_ex.o
 .ARM.attributes
                0x00000203       0x31 Drivers\STM32F0xx_HAL_Driver\Src\stm32f0xx_hal_rcc.o
 .ARM.attributes
                0x00000234       0x31 Drivers\STM32F0xx_HAL_Driver\Src\stm32f0xx_hal_rcc_ex.o
 .ARM.attributes
                0x00000265       0x31 Drivers\STM32F0xx_HAL_Driver\Src\stm32f0xx_hal_uart.o
 .ARM.attributes
                0x00000296       0x31 Src\BUS_I2C.o
 .ARM.attributes
                0x000002c7       0x31 Src\main.o
 .ARM.attributes
                0x000002f8       0x31 Src\my_Common.o
 .ARM.attributes
                0x00000329       0x31 Src\my_Flash.o
 .ARM.attributes
                0x0000035a       0x31 Src\stm32f0xx_hal_msp.o
 .ARM.attributes
                0x0000038b       0x31 Src\stm32f0xx_it.o
 .ARM.attributes
                0x000003bc       0x31 Src\system_stm32f0xx.o
 .ARM.attributes
                0x000003ed       0x21 startup\startup_stm32f030x6.o
 .ARM.attributes
                0x0000040e       0x2c c:/program files (x86)/atollic/truestudio for stm32 9.0.0/armtools/bin/../lib/gcc/arm-atollic-eabi/6.3.1/../../../../arm-atollic-eabi/lib/armv6-m\libc_nano.a(lib_a-init.o)
 .ARM.attributes
                0x0000043a       0x1e c:/program files (x86)/atollic/truestudio for stm32 9.0.0/armtools/bin/../lib/gcc/arm-atollic-eabi/6.3.1/armv6-m\libgcc.a(_udivsi3.o)
 .ARM.attributes
                0x00000458       0x1e c:/program files (x86)/atollic/truestudio for stm32 9.0.0/armtools/bin/../lib/gcc/arm-atollic-eabi/6.3.1/armv6-m\libgcc.a(_dvmd_tls.o)
 .ARM.attributes
                0x00000476       0x1e c:/program files (x86)/atollic/truestudio for stm32 9.0.0/armtools/bin/../lib/gcc/arm-atollic-eabi/6.3.1/armv6-m/crtn.o
OUTPUT(PA_SWITCH_V4.elf elf32-littlearm)

.debug_info     0x00000000    0x1a004
 .debug_info    0x00000000      0xe2f Drivers\STM32F0xx_HAL_Driver\Src\stm32f0xx_hal.o
 .debug_info    0x00000e2f     0x1666 Drivers\STM32F0xx_HAL_Driver\Src\stm32f0xx_hal_adc.o
 .debug_info    0x00002495      0xfa5 Drivers\STM32F0xx_HAL_Driver\Src\stm32f0xx_hal_cortex.o
 .debug_info    0x0000343a     0x1051 Drivers\STM32F0xx_HAL_Driver\Src\stm32f0xx_hal_dma.o
 .debug_info    0x0000448b      0xe68 Drivers\STM32F0xx_HAL_Driver\Src\stm32f0xx_hal_flash.o
 .debug_info    0x000052f3     0x11a6 Drivers\STM32F0xx_HAL_Driver\Src\stm32f0xx_hal_flash_ex.o
 .debug_info    0x00006499      0xe48 Drivers\STM32F0xx_HAL_Driver\Src\stm32f0xx_hal_gpio.o
 .debug_info    0x000072e1     0x39ca Drivers\STM32F0xx_HAL_Driver\Src\stm32f0xx_hal_i2c.o
 .debug_info    0x0000acab     0x102d Drivers\STM32F0xx_HAL_Driver\Src\stm32f0xx_hal_i2c_ex.o
 .debug_info    0x0000bcd8     0x1121 Drivers\STM32F0xx_HAL_Driver\Src\stm32f0xx_hal_rcc.o
 .debug_info    0x0000cdf9      0xbf6 Drivers\STM32F0xx_HAL_Driver\Src\stm32f0xx_hal_rcc_ex.o
 .debug_info    0x0000d9ef     0x202f Drivers\STM32F0xx_HAL_Driver\Src\stm32f0xx_hal_uart.o
 .debug_info    0x0000fa1e     0x1465 Src\BUS_I2C.o
 .debug_info    0x00010e83     0x39f3 Src\main.o
 .debug_info    0x00014876     0x1367 Src\my_Common.o
 .debug_info    0x00015bdd      0xe00 Src\my_Flash.o
 .debug_info    0x000169dd     0x18e3 Src\stm32f0xx_hal_msp.o
 .debug_info    0x000182c0     0x1257 Src\stm32f0xx_it.o
 .debug_info    0x00019517      0xa67 Src\system_stm32f0xx.o
 .debug_info    0x00019f7e       0x86 startup\startup_stm32f030x6.o

.debug_abbrev   0x00000000     0x34ae
 .debug_abbrev  0x00000000      0x2b9 Drivers\STM32F0xx_HAL_Driver\Src\stm32f0xx_hal.o
 .debug_abbrev  0x000002b9      0x2b3 Drivers\STM32F0xx_HAL_Driver\Src\stm32f0xx_hal_adc.o
 .debug_abbrev  0x0000056c      0x2fa Drivers\STM32F0xx_HAL_Driver\Src\stm32f0xx_hal_cortex.o
 .debug_abbrev  0x00000866      0x290 Drivers\STM32F0xx_HAL_Driver\Src\stm32f0xx_hal_dma.o
 .debug_abbrev  0x00000af6      0x328 Drivers\STM32F0xx_HAL_Driver\Src\stm32f0xx_hal_flash.o
 .debug_abbrev  0x00000e1e      0x325 Drivers\STM32F0xx_HAL_Driver\Src\stm32f0xx_hal_flash_ex.o
 .debug_abbrev  0x00001143      0x268 Drivers\STM32F0xx_HAL_Driver\Src\stm32f0xx_hal_gpio.o
 .debug_abbrev  0x000013ab      0x2f9 Drivers\STM32F0xx_HAL_Driver\Src\stm32f0xx_hal_i2c.o
 .debug_abbrev  0x000016a4      0x229 Drivers\STM32F0xx_HAL_Driver\Src\stm32f0xx_hal_i2c_ex.o
 .debug_abbrev  0x000018cd      0x2d0 Drivers\STM32F0xx_HAL_Driver\Src\stm32f0xx_hal_rcc.o
 .debug_abbrev  0x00001b9d      0x268 Drivers\STM32F0xx_HAL_Driver\Src\stm32f0xx_hal_rcc_ex.o
 .debug_abbrev  0x00001e05      0x2fc Drivers\STM32F0xx_HAL_Driver\Src\stm32f0xx_hal_uart.o
 .debug_abbrev  0x00002101      0x27c Src\BUS_I2C.o
 .debug_abbrev  0x0000237d      0x3ea Src\main.o
 .debug_abbrev  0x00002767      0x40f Src\my_Common.o
 .debug_abbrev  0x00002b76      0x321 Src\my_Flash.o
 .debug_abbrev  0x00002e97      0x222 Src\stm32f0xx_hal_msp.o
 .debug_abbrev  0x000030b9      0x219 Src\stm32f0xx_it.o
 .debug_abbrev  0x000032d2      0x1ca Src\system_stm32f0xx.o
 .debug_abbrev  0x0000349c       0x12 startup\startup_stm32f030x6.o

.debug_loc      0x00000000     0x918b
 .debug_loc     0x00000000       0x7c Drivers\STM32F0xx_HAL_Driver\Src\stm32f0xx_hal.o
 .debug_loc     0x0000007c      0xac2 Drivers\STM32F0xx_HAL_Driver\Src\stm32f0xx_hal_adc.o
 .debug_loc     0x00000b3e      0x38d Drivers\STM32F0xx_HAL_Driver\Src\stm32f0xx_hal_cortex.o
 .debug_loc     0x00000ecb      0x942 Drivers\STM32F0xx_HAL_Driver\Src\stm32f0xx_hal_dma.o
 .debug_loc     0x0000180d      0x39c Drivers\STM32F0xx_HAL_Driver\Src\stm32f0xx_hal_flash.o
 .debug_loc     0x00001ba9      0x5de Drivers\STM32F0xx_HAL_Driver\Src\stm32f0xx_hal_flash_ex.o
 .debug_loc     0x00002187      0x3ed Drivers\STM32F0xx_HAL_Driver\Src\stm32f0xx_hal_gpio.o
 .debug_loc     0x00002574     0x3368 Drivers\STM32F0xx_HAL_Driver\Src\stm32f0xx_hal_i2c.o
 .debug_loc     0x000058dc      0x12f Drivers\STM32F0xx_HAL_Driver\Src\stm32f0xx_hal_i2c_ex.o
 .debug_loc     0x00005a0b      0x470 Drivers\STM32F0xx_HAL_Driver\Src\stm32f0xx_hal_rcc.o
 .debug_loc     0x00005e7b      0x333 Drivers\STM32F0xx_HAL_Driver\Src\stm32f0xx_hal_rcc_ex.o
 .debug_loc     0x000061ae     0x142c Drivers\STM32F0xx_HAL_Driver\Src\stm32f0xx_hal_uart.o
 .debug_loc     0x000075da      0x142 Src\BUS_I2C.o
 .debug_loc     0x0000771c      0xe2b Src\main.o
 .debug_loc     0x00008547      0x7db Src\my_Common.o
 .debug_loc     0x00008d22      0x1b9 Src\my_Flash.o
 .debug_loc     0x00008edb      0x164 Src\stm32f0xx_hal_msp.o
 .debug_loc     0x0000903f      0x14c Src\system_stm32f0xx.o

.debug_aranges  0x00000000      0xd10
 .debug_aranges
                0x00000000       0xb8 Drivers\STM32F0xx_HAL_Driver\Src\stm32f0xx_hal.o
 .debug_aranges
                0x000000b8       0xf8 Drivers\STM32F0xx_HAL_Driver\Src\stm32f0xx_hal_adc.o
 .debug_aranges
                0x000001b0       0x78 Drivers\STM32F0xx_HAL_Driver\Src\stm32f0xx_hal_cortex.o
 .debug_aranges
                0x00000228       0x78 Drivers\STM32F0xx_HAL_Driver\Src\stm32f0xx_hal_dma.o
 .debug_aranges
                0x000002a0       0x80 Drivers\STM32F0xx_HAL_Driver\Src\stm32f0xx_hal_flash.o
 .debug_aranges
                0x00000320       0x60 Drivers\STM32F0xx_HAL_Driver\Src\stm32f0xx_hal_flash_ex.o
 .debug_aranges
                0x00000380       0x58 Drivers\STM32F0xx_HAL_Driver\Src\stm32f0xx_hal_gpio.o
 .debug_aranges
                0x000003d8      0x258 Drivers\STM32F0xx_HAL_Driver\Src\stm32f0xx_hal_i2c.o
 .debug_aranges
                0x00000630       0x38 Drivers\STM32F0xx_HAL_Driver\Src\stm32f0xx_hal_i2c_ex.o
 .debug_aranges
                0x00000668       0x80 Drivers\STM32F0xx_HAL_Driver\Src\stm32f0xx_hal_rcc.o
 .debug_aranges
                0x000006e8       0x30 Drivers\STM32F0xx_HAL_Driver\Src\stm32f0xx_hal_rcc_ex.o
 .debug_aranges
                0x00000718      0x1d0 Drivers\STM32F0xx_HAL_Driver\Src\stm32f0xx_hal_uart.o
 .debug_aranges
                0x000008e8       0x48 Src\BUS_I2C.o
 .debug_aranges
                0x00000930      0x200 Src\main.o
 .debug_aranges
                0x00000b30       0xa8 Src\my_Common.o
 .debug_aranges
                0x00000bd8       0x40 Src\my_Flash.o
 .debug_aranges
                0x00000c18       0x50 Src\stm32f0xx_hal_msp.o
 .debug_aranges
                0x00000c68       0x58 Src\stm32f0xx_it.o
 .debug_aranges
                0x00000cc0       0x28 Src\system_stm32f0xx.o
 .debug_aranges
                0x00000ce8       0x28 startup\startup_stm32f030x6.o

.debug_ranges   0x00000000      0xd10
 .debug_ranges  0x00000000       0xa8 Drivers\STM32F0xx_HAL_Driver\Src\stm32f0xx_hal.o
 .debug_ranges  0x000000a8       0xe8 Drivers\STM32F0xx_HAL_Driver\Src\stm32f0xx_hal_adc.o
 .debug_ranges  0x00000190       0x98 Drivers\STM32F0xx_HAL_Driver\Src\stm32f0xx_hal_cortex.o
 .debug_ranges  0x00000228       0x98 Drivers\STM32F0xx_HAL_Driver\Src\stm32f0xx_hal_dma.o
 .debug_ranges  0x000002c0       0x88 Drivers\STM32F0xx_HAL_Driver\Src\stm32f0xx_hal_flash.o
 .debug_ranges  0x00000348       0xc8 Drivers\STM32F0xx_HAL_Driver\Src\stm32f0xx_hal_flash_ex.o
 .debug_ranges  0x00000410       0x60 Drivers\STM32F0xx_HAL_Driver\Src\stm32f0xx_hal_gpio.o
 .debug_ranges  0x00000470      0x248 Drivers\STM32F0xx_HAL_Driver\Src\stm32f0xx_hal_i2c.o
 .debug_ranges  0x000006b8       0x28 Drivers\STM32F0xx_HAL_Driver\Src\stm32f0xx_hal_i2c_ex.o
 .debug_ranges  0x000006e0       0x88 Drivers\STM32F0xx_HAL_Driver\Src\stm32f0xx_hal_rcc.o
 .debug_ranges  0x00000768       0x38 Drivers\STM32F0xx_HAL_Driver\Src\stm32f0xx_hal_rcc_ex.o
 .debug_ranges  0x000007a0      0x1c0 Drivers\STM32F0xx_HAL_Driver\Src\stm32f0xx_hal_uart.o
 .debug_ranges  0x00000960       0x38 Src\BUS_I2C.o
 .debug_ranges  0x00000998      0x1f0 Src\main.o
 .debug_ranges  0x00000b88       0x98 Src\my_Common.o
 .debug_ranges  0x00000c20       0x30 Src\my_Flash.o
 .debug_ranges  0x00000c50       0x40 Src\stm32f0xx_hal_msp.o
 .debug_ranges  0x00000c90       0x48 Src\stm32f0xx_it.o
 .debug_ranges  0x00000cd8       0x18 Src\system_stm32f0xx.o
 .debug_ranges  0x00000cf0       0x20 startup\startup_stm32f030x6.o

.debug_line     0x00000000     0x7490
 .debug_line    0x00000000      0x42c Drivers\STM32F0xx_HAL_Driver\Src\stm32f0xx_hal.o
 .debug_line    0x0000042c      0x7cd Drivers\STM32F0xx_HAL_Driver\Src\stm32f0xx_hal_adc.o
 .debug_line    0x00000bf9      0x3bf Drivers\STM32F0xx_HAL_Driver\Src\stm32f0xx_hal_cortex.o
 .debug_line    0x00000fb8      0x4f7 Drivers\STM32F0xx_HAL_Driver\Src\stm32f0xx_hal_dma.o
 .debug_line    0x000014af      0x475 Drivers\STM32F0xx_HAL_Driver\Src\stm32f0xx_hal_flash.o
 .debug_line    0x00001924      0x48e Drivers\STM32F0xx_HAL_Driver\Src\stm32f0xx_hal_flash_ex.o
 .debug_line    0x00001db2      0x3d7 Drivers\STM32F0xx_HAL_Driver\Src\stm32f0xx_hal_gpio.o
 .debug_line    0x00002189     0x1529 Drivers\STM32F0xx_HAL_Driver\Src\stm32f0xx_hal_i2c.o
 .debug_line    0x000036b2      0x35c Drivers\STM32F0xx_HAL_Driver\Src\stm32f0xx_hal_i2c_ex.o
 .debug_line    0x00003a0e      0x540 Drivers\STM32F0xx_HAL_Driver\Src\stm32f0xx_hal_rcc.o
 .debug_line    0x00003f4e      0x3b8 Drivers\STM32F0xx_HAL_Driver\Src\stm32f0xx_hal_rcc_ex.o
 .debug_line    0x00004306      0xcd2 Drivers\STM32F0xx_HAL_Driver\Src\stm32f0xx_hal_uart.o
 .debug_line    0x00004fd8      0x3f7 Src\BUS_I2C.o
 .debug_line    0x000053cf      0xf15 Src\main.o
 .debug_line    0x000062e4      0x46f Src\my_Common.o
 .debug_line    0x00006753      0x365 Src\my_Flash.o
 .debug_line    0x00006ab8      0x3a3 Src\stm32f0xx_hal_msp.o
 .debug_line    0x00006e5b      0x35c Src\stm32f0xx_it.o
 .debug_line    0x000071b7      0x256 Src\system_stm32f0xx.o
 .debug_line    0x0000740d       0x83 startup\startup_stm32f030x6.o

.debug_str      0x00000000     0x6442
 .debug_str     0x00000000      0x989 Drivers\STM32F0xx_HAL_Driver\Src\stm32f0xx_hal.o
                                0xa16 (size before relaxing)
 .debug_str     0x00000989      0x65a Drivers\STM32F0xx_HAL_Driver\Src\stm32f0xx_hal_adc.o
                                0xd1e (size before relaxing)
 .debug_str     0x00000fe3      0x1d0 Drivers\STM32F0xx_HAL_Driver\Src\stm32f0xx_hal_cortex.o
                                0xa1e (size before relaxing)
 .debug_str     0x000011b3      0x233 Drivers\STM32F0xx_HAL_Driver\Src\stm32f0xx_hal_dma.o
                                0xa87 (size before relaxing)
 .debug_str     0x000013e6      0x29b Drivers\STM32F0xx_HAL_Driver\Src\stm32f0xx_hal_flash.o
                                0x97a (size before relaxing)
 .debug_str     0x00001681      0x27e Drivers\STM32F0xx_HAL_Driver\Src\stm32f0xx_hal_flash_ex.o
                                0xa67 (size before relaxing)
 .debug_str     0x000018ff      0x1b6 Drivers\STM32F0xx_HAL_Driver\Src\stm32f0xx_hal_gpio.o
                                0x878 (size before relaxing)
 .debug_str     0x00001ab5      0xa25 Drivers\STM32F0xx_HAL_Driver\Src\stm32f0xx_hal_i2c.o
                               0x12db (size before relaxing)
 .debug_str     0x000024da       0xc4 Drivers\STM32F0xx_HAL_Driver\Src\stm32f0xx_hal_i2c_ex.o
                                0xc12 (size before relaxing)
 .debug_str     0x0000259e      0x2d5 Drivers\STM32F0xx_HAL_Driver\Src\stm32f0xx_hal_rcc.o
                                0xa51 (size before relaxing)
 .debug_str     0x00002873      0x127 Drivers\STM32F0xx_HAL_Driver\Src\stm32f0xx_hal_rcc_ex.o
                                0x818 (size before relaxing)
 .debug_str     0x0000299a      0x851 Drivers\STM32F0xx_HAL_Driver\Src\stm32f0xx_hal_uart.o
                               0x11c6 (size before relaxing)
 .debug_str     0x000031eb      0xbba Src\BUS_I2C.o
                               0x1739 (size before relaxing)
 .debug_str     0x00003da5     0x206d Src\main.o
                               0x3a10 (size before relaxing)
 .debug_str     0x00005e12      0x3ba Src\my_Common.o
                                0xcff (size before relaxing)
 .debug_str     0x000061cc      0x165 Src\my_Flash.o
                                0xaf8 (size before relaxing)
 .debug_str     0x00006331       0x1b Src\stm32f0xx_hal_msp.o
                               0x1197 (size before relaxing)
 .debug_str     0x0000634c       0x9c Src\stm32f0xx_it.o
                                0xe6b (size before relaxing)
 .debug_str     0x000063e8       0x5a Src\system_stm32f0xx.o
                                0x69e (size before relaxing)

.comment        0x00000000       0x7c
 .comment       0x00000000       0x7c Drivers\STM32F0xx_HAL_Driver\Src\stm32f0xx_hal.o
                                 0x7d (size before relaxing)
 .comment       0x0000007c       0x7d Drivers\STM32F0xx_HAL_Driver\Src\stm32f0xx_hal_adc.o
 .comment       0x0000007c       0x7d Drivers\STM32F0xx_HAL_Driver\Src\stm32f0xx_hal_cortex.o
 .comment       0x0000007c       0x7d Drivers\STM32F0xx_HAL_Driver\Src\stm32f0xx_hal_dma.o
 .comment       0x0000007c       0x7d Drivers\STM32F0xx_HAL_Driver\Src\stm32f0xx_hal_flash.o
 .comment       0x0000007c       0x7d Drivers\STM32F0xx_HAL_Driver\Src\stm32f0xx_hal_flash_ex.o
 .comment       0x0000007c       0x7d Drivers\STM32F0xx_HAL_Driver\Src\stm32f0xx_hal_gpio.o
 .comment       0x0000007c       0x7d Drivers\STM32F0xx_HAL_Driver\Src\stm32f0xx_hal_i2c.o
 .comment       0x0000007c       0x7d Drivers\STM32F0xx_HAL_Driver\Src\stm32f0xx_hal_i2c_ex.o
 .comment       0x0000007c       0x7d Drivers\STM32F0xx_HAL_Driver\Src\stm32f0xx_hal_rcc.o
 .comment       0x0000007c       0x7d Drivers\STM32F0xx_HAL_Driver\Src\stm32f0xx_hal_rcc_ex.o
 .comment       0x0000007c       0x7d Drivers\STM32F0xx_HAL_Driver\Src\stm32f0xx_hal_uart.o
 .comment       0x0000007c       0x7d Src\BUS_I2C.o
 .comment       0x0000007c       0x7d Src\main.o
 .comment       0x0000007c       0x7d Src\my_Common.o
 .comment       0x0000007c       0x7d Src\my_Flash.o
 .comment       0x0000007c       0x7d Src\stm32f0xx_hal_msp.o
 .comment       0x0000007c       0x7d Src\stm32f0xx_it.o
 .comment       0x0000007c       0x7d Src\system_stm32f0xx.o

.debug_frame    0x00000000     0x21a8
 .debug_frame   0x00000000      0x174 Drivers\STM32F0xx_HAL_Driver\Src\stm32f0xx_hal.o
 .debug_frame   0x00000174      0x2a0 Drivers\STM32F0xx_HAL_Driver\Src\stm32f0xx_hal_adc.o
 .debug_frame   0x00000414       0xe4 Drivers\STM32F0xx_HAL_Driver\Src\stm32f0xx_hal_cortex.o
 .debug_frame   0x000004f8      0x134 Drivers\STM32F0xx_HAL_Driver\Src\stm32f0xx_hal_dma.o
 .debug_frame   0x0000062c      0x130 Drivers\STM32F0xx_HAL_Driver\Src\stm32f0xx_hal_flash.o
 .debug_frame   0x0000075c       0xe4 Drivers\STM32F0xx_HAL_Driver\Src\stm32f0xx_hal_flash_ex.o
 .debug_frame   0x00000840       0xd4 Drivers\STM32F0xx_HAL_Driver\Src\stm32f0xx_hal_gpio.o
 .debug_frame   0x00000914      0x780 Drivers\STM32F0xx_HAL_Driver\Src\stm32f0xx_hal_i2c.o
 .debug_frame   0x00001094       0x78 Drivers\STM32F0xx_HAL_Driver\Src\stm32f0xx_hal_i2c_ex.o
 .debug_frame   0x0000110c      0x13c Drivers\STM32F0xx_HAL_Driver\Src\stm32f0xx_hal_rcc.o
 .debug_frame   0x00001248       0x60 Drivers\STM32F0xx_HAL_Driver\Src\stm32f0xx_hal_rcc_ex.o
 .debug_frame   0x000012a8      0x4fc Drivers\STM32F0xx_HAL_Driver\Src\stm32f0xx_hal_uart.o
 .debug_frame   0x000017a4       0xa0 Src\BUS_I2C.o
 .debug_frame   0x00001844      0x53c Src\main.o
 .debug_frame   0x00001d80      0x1a4 Src\my_Common.o
 .debug_frame   0x00001f24       0x94 Src\my_Flash.o
 .debug_frame   0x00001fb8       0xbc Src\stm32f0xx_hal_msp.o
 .debug_frame   0x00002074       0xb0 Src\stm32f0xx_it.o
 .debug_frame   0x00002124       0x38 Src\system_stm32f0xx.o
 .debug_frame   0x0000215c       0x2c c:/program files (x86)/atollic/truestudio for stm32 9.0.0/armtools/bin/../lib/gcc/arm-atollic-eabi/6.3.1/../../../../arm-atollic-eabi/lib/armv6-m\libc_nano.a(lib_a-init.o)
 .debug_frame   0x00002188       0x20 c:/program files (x86)/atollic/truestudio for stm32 9.0.0/armtools/bin/../lib/gcc/arm-atollic-eabi/6.3.1/armv6-m\libgcc.a(_udivsi3.o)
