Archive member included to satisfy reference by file (symbol)

/opt/st/stm32cubeide_1.17.0/plugins/com.st.stm32cube.ide.mcu.externaltools.gnu-tools-for-stm32.12.3.rel1.linux64_1.1.0.202410170702/tools/bin/../lib/gcc/arm-none-eabi/12.3.1/../../../../arm-none-eabi/lib/thumb/v6-m/nofp/libc_nano.a(libc_a-exit.o)
                              /opt/st/stm32cubeide_1.17.0/plugins/com.st.stm32cube.ide.mcu.externaltools.gnu-tools-for-stm32.12.3.rel1.linux64_1.1.0.202410170702/tools/bin/../lib/gcc/arm-none-eabi/12.3.1/../../../../arm-none-eabi/lib/thumb/v6-m/nofp/crt0.o (exit)
/opt/st/stm32cubeide_1.17.0/plugins/com.st.stm32cube.ide.mcu.externaltools.gnu-tools-for-stm32.12.3.rel1.linux64_1.1.0.202410170702/tools/bin/../lib/gcc/arm-none-eabi/12.3.1/../../../../arm-none-eabi/lib/thumb/v6-m/nofp/libc_nano.a(libc_a-findfp.o)
                              /opt/st/stm32cubeide_1.17.0/plugins/com.st.stm32cube.ide.mcu.externaltools.gnu-tools-for-stm32.12.3.rel1.linux64_1.1.0.202410170702/tools/bin/../lib/gcc/arm-none-eabi/12.3.1/../../../../arm-none-eabi/lib/thumb/v6-m/nofp/libc_nano.a(libc_a-exit.o) (__stdio_exit_handler)
/opt/st/stm32cubeide_1.17.0/plugins/com.st.stm32cube.ide.mcu.externaltools.gnu-tools-for-stm32.12.3.rel1.linux64_1.1.0.202410170702/tools/bin/../lib/gcc/arm-none-eabi/12.3.1/../../../../arm-none-eabi/lib/thumb/v6-m/nofp/libc_nano.a(libc_a-fwalk.o)
                              /opt/st/stm32cubeide_1.17.0/plugins/com.st.stm32cube.ide.mcu.externaltools.gnu-tools-for-stm32.12.3.rel1.linux64_1.1.0.202410170702/tools/bin/../lib/gcc/arm-none-eabi/12.3.1/../../../../arm-none-eabi/lib/thumb/v6-m/nofp/libc_nano.a(libc_a-findfp.o) (_fwalk_sglue)
/opt/st/stm32cubeide_1.17.0/plugins/com.st.stm32cube.ide.mcu.externaltools.gnu-tools-for-stm32.12.3.rel1.linux64_1.1.0.202410170702/tools/bin/../lib/gcc/arm-none-eabi/12.3.1/../../../../arm-none-eabi/lib/thumb/v6-m/nofp/libc_nano.a(libc_a-stdio.o)
                              /opt/st/stm32cubeide_1.17.0/plugins/com.st.stm32cube.ide.mcu.externaltools.gnu-tools-for-stm32.12.3.rel1.linux64_1.1.0.202410170702/tools/bin/../lib/gcc/arm-none-eabi/12.3.1/../../../../arm-none-eabi/lib/thumb/v6-m/nofp/libc_nano.a(libc_a-findfp.o) (__sread)
/opt/st/stm32cubeide_1.17.0/plugins/com.st.stm32cube.ide.mcu.externaltools.gnu-tools-for-stm32.12.3.rel1.linux64_1.1.0.202410170702/tools/bin/../lib/gcc/arm-none-eabi/12.3.1/../../../../arm-none-eabi/lib/thumb/v6-m/nofp/libc_nano.a(libc_a-memset.o)
                              /opt/st/stm32cubeide_1.17.0/plugins/com.st.stm32cube.ide.mcu.externaltools.gnu-tools-for-stm32.12.3.rel1.linux64_1.1.0.202410170702/tools/bin/../lib/gcc/arm-none-eabi/12.3.1/../../../../arm-none-eabi/lib/thumb/v6-m/nofp/crt0.o (memset)
/opt/st/stm32cubeide_1.17.0/plugins/com.st.stm32cube.ide.mcu.externaltools.gnu-tools-for-stm32.12.3.rel1.linux64_1.1.0.202410170702/tools/bin/../lib/gcc/arm-none-eabi/12.3.1/../../../../arm-none-eabi/lib/thumb/v6-m/nofp/libc_nano.a(libc_a-closer.o)
                              /opt/st/stm32cubeide_1.17.0/plugins/com.st.stm32cube.ide.mcu.externaltools.gnu-tools-for-stm32.12.3.rel1.linux64_1.1.0.202410170702/tools/bin/../lib/gcc/arm-none-eabi/12.3.1/../../../../arm-none-eabi/lib/thumb/v6-m/nofp/libc_nano.a(libc_a-stdio.o) (_close_r)
/opt/st/stm32cubeide_1.17.0/plugins/com.st.stm32cube.ide.mcu.externaltools.gnu-tools-for-stm32.12.3.rel1.linux64_1.1.0.202410170702/tools/bin/../lib/gcc/arm-none-eabi/12.3.1/../../../../arm-none-eabi/lib/thumb/v6-m/nofp/libc_nano.a(libc_a-reent.o)
                              /opt/st/stm32cubeide_1.17.0/plugins/com.st.stm32cube.ide.mcu.externaltools.gnu-tools-for-stm32.12.3.rel1.linux64_1.1.0.202410170702/tools/bin/../lib/gcc/arm-none-eabi/12.3.1/../../../../arm-none-eabi/lib/thumb/v6-m/nofp/libc_nano.a(libc_a-closer.o) (errno)
/opt/st/stm32cubeide_1.17.0/plugins/com.st.stm32cube.ide.mcu.externaltools.gnu-tools-for-stm32.12.3.rel1.linux64_1.1.0.202410170702/tools/bin/../lib/gcc/arm-none-eabi/12.3.1/../../../../arm-none-eabi/lib/thumb/v6-m/nofp/libc_nano.a(libc_a-impure.o)
                              /opt/st/stm32cubeide_1.17.0/plugins/com.st.stm32cube.ide.mcu.externaltools.gnu-tools-for-stm32.12.3.rel1.linux64_1.1.0.202410170702/tools/bin/../lib/gcc/arm-none-eabi/12.3.1/../../../../arm-none-eabi/lib/thumb/v6-m/nofp/libc_nano.a(libc_a-reent.o) (_impure_ptr)
/opt/st/stm32cubeide_1.17.0/plugins/com.st.stm32cube.ide.mcu.externaltools.gnu-tools-for-stm32.12.3.rel1.linux64_1.1.0.202410170702/tools/bin/../lib/gcc/arm-none-eabi/12.3.1/../../../../arm-none-eabi/lib/thumb/v6-m/nofp/libc_nano.a(libc_a-lseekr.o)
                              /opt/st/stm32cubeide_1.17.0/plugins/com.st.stm32cube.ide.mcu.externaltools.gnu-tools-for-stm32.12.3.rel1.linux64_1.1.0.202410170702/tools/bin/../lib/gcc/arm-none-eabi/12.3.1/../../../../arm-none-eabi/lib/thumb/v6-m/nofp/libc_nano.a(libc_a-stdio.o) (_lseek_r)
[...]
Memory Configuration

Name             Origin             Length             Attributes
RAM              0x20000000         0x00001000         xrw
FLASH            0x08000000         0x00008000         xr
*default*        0x00000000         0xffffffff

Linker script and memory map

LOAD /opt/st/stm32cubeide_1.17.0/plugins/com.st.stm32cube.ide.mcu.externaltools.gnu-tools-for-stm32.12.3.rel1.linux64_1.1.0.202410170702/tools/bin/../lib/gcc/arm-none-eabi/12.3.1/thumb/v6-m/nofp/crti.o
LOAD /opt/st/stm32cubeide_1.17.0/plugins/com.st.stm32cube.ide.mcu.externaltools.gnu-tools-for-stm32.12.3.rel1.linux64_1.1.0.202410170702/tools/bin/../lib/gcc/arm-none-eabi/12.3.1/thumb/v6-m/nofp/crtbegin.o
LOAD /opt/st/stm32cubeide_1.17.0/plugins/com.st.stm32cube.ide.mcu.externaltools.gnu-tools-for-stm32.12.3.rel1.linux64_1.1.0.202410170702/tools/bin/../lib/gcc/arm-none-eabi/12.3.1/../../../../arm-none-eabi/lib/thumb/v6-m/nofp/crt0.o
LOAD ./Drivers/STM32F0xx_HAL_Driver/Src/stm32f0xx_hal.o
LOAD ./Drivers/STM32F0xx_HAL_Driver/Src/stm32f0xx_hal_adc.o
LOAD ./Drivers/STM32F0xx_HAL_Driver/Src/stm32f0xx_hal_adc_ex.o
LOAD ./Drivers/STM32F0xx_HAL_Driver/Src/stm32f0xx_hal_cortex.o
LOAD ./Drivers/STM32F0xx_HAL_Driver/Src/stm32f0xx_hal_dma.o
LOAD ./Drivers/STM32F0xx_HAL_Driver/Src/stm32f0xx_hal_flash.o
LOAD ./Drivers/STM32F0xx_HAL_Driver/Src/stm32f0xx_hal_flash_ex.o
LOAD ./Drivers/STM32F0xx_HAL_Driver/Src/stm32f0xx_hal_gpio.o
LOAD ./Drivers/STM32F0xx_HAL_Driver/Src/stm32f0xx_hal_i2c.o
LOAD ./Drivers/STM32F0xx_HAL_Driver/Src/stm32f0xx_hal_i2c_ex.o
LOAD ./Drivers/STM32F0xx_HAL_Driver/Src/stm32f0xx_hal_pwr.o
LOAD ./Drivers/STM32F0xx_HAL_Driver/Src/stm32f0xx_hal_pwr_ex.o
LOAD ./Drivers/STM32F0xx_HAL_Driver/Src/stm32f0xx_hal_rcc.o
LOAD ./Drivers/STM32F0xx_HAL_Driver/Src/stm32f0xx_hal_rcc_ex.o
LOAD ./Drivers/STM32F0xx_HAL_Driver/Src/stm32f0xx_hal_tim.o
LOAD ./Drivers/STM32F0xx_HAL_Driver/Src/stm32f0xx_hal_tim_ex.o
LOAD ./Drivers/STM32F0xx_HAL_Driver/Src/stm32f0xx_hal_uart.o
LOAD ./Drivers/STM32F0xx_HAL_Driver/Src/stm32f0xx_hal_uart_ex.o
LOAD ./Src/BUS_I2C.o
LOAD ./Src/main.o
LOAD ./Src/my_Common.o
LOAD ./Src/my_Flash.o
LOAD ./Src/my_PROTOCOL_V2.o
LOAD ./Src/stm32f0xx_hal_msp.o
LOAD ./Src/stm32f0xx_it.o
LOAD ./Src/system_stm32f0xx.o
LOAD ./startup/startup_stm32f030x6.o
START GROUP
LOAD /opt/st/stm32cubeide_1.17.0/plugins/com.st.stm32cube.ide.mcu.externaltools.gnu-tools-for-stm32.12.3.rel1.linux64_1.1.0.202410170702/tools/bin/../lib/gcc/arm-none-eabi/12.3.1/../../../../arm-none-eabi/lib/thumb/v6-m/nofp/libc_nano.a
LOAD /opt/st/stm32cubeide_1.17.0/plugins/com.st.stm32cube.ide.mcu.externaltools.gnu-tools-for-stm32.12.3.rel1.linux64_1.1.0.202410170702/tools/bin/../lib/gcc/arm-none-eabi/12.3.1/../../../../arm-none-eabi/lib/thumb/v6-m/nofp/libm.a
END GROUP
START GROUP
LOAD /opt/st/stm32cubeide_1.17.0/plugins/com.st.stm32cube.ide.mcu.externaltools.gnu-tools-for-stm32.12.3.rel1.linux64_1.1.0.202410170702/tools/bin/../lib/gcc/arm-none-eabi/12.3.1/thumb/v6-m/nofp/libgcc.a
LOAD /opt/st/stm32cubeide_1.17.0/plugins/com.st.stm32cube.ide.mcu.externaltools.gnu-tools-for-stm32.12.3.rel1.linux64_1.1.0.202410170702/tools/bin/../lib/gcc/arm-none-eabi/12.3.1/../../../../arm-none-eabi/lib/thumb/v6-m/nofp/libc_nano.a
END GROUP
START GROUP
LOAD /opt/st/stm32cubeide_1.17.0/plugins/com.st.stm32cube.ide.mcu.externaltools.gnu-tools-for-stm32.12.3.rel1.linux64_1.1.0.202410170702/tools/bin/../lib/gcc/arm-none-eabi/12.3.1/thumb/v6-m/nofp/libgcc.a
LOAD /opt/st/stm32cubeide_1.17.0/plugins/com.st.stm32cube.ide.mcu.externaltools.gnu-tools-for-stm32.12.3.rel1.linux64_1.1.0.202410170702/tools/bin/../lib/gcc/arm-none-eabi/12.3.1/../../../../arm-none-eabi/lib/thumb/v6-m/nofp/libc_nano.a
LOAD /opt/st/stm32cubeide_1.17.0/plugins/com.st.stm32cube.ide.mcu.externaltools.gnu-tools-for-stm32.12.3.rel1.linux64_1.1.0.202410170702/tools/bin/../lib/gcc/arm-none-eabi/12.3.1/../../../../arm-none-eabi/lib/thumb/v6-m/nofp/libnosys.a
END GROUP
START GROUP
LOAD /opt/st/stm32cubeide_1.17.0/plugins/com.st.stm32cube.ide.mcu.externaltools.gnu-tools-for-stm32.12.3.rel1.linux64_1.1.0.202410170702/tools/bin/../lib/gcc/arm-none-eabi/12.3.1/thumb/v6-m/nofp/libgcc.a
LOAD /opt/st/stm32cubeide_1.17.0/plugins/com.st.stm32cube.ide.mcu.externaltools.gnu-tools-for-stm32.12.3.rel1.linux64_1.1.0.202410170702/tools/bin/../lib/gcc/arm-none-eabi/12.3.1/../../../../arm-none-eabi/lib/thumb/v6-m/nofp/libc_nano.a
LOAD /opt/st/stm32cubeide_1.17.0/plugins/com.st.stm32cube.ide.mcu.externaltools.gnu-tools-for-stm32.12.3.rel1.linux64_1.1.0.202410170702/tools/bin/../lib/gcc/arm-none-eabi/12.3.1/../../../../arm-none-eabi/lib/thumb/v6-m/nofp/libnosys.a
END GROUP
LOAD /opt/st/stm32cubeide_1.17.0/plugins/com.st.stm32cube.ide.mcu.externaltools.gnu-tools-for-stm32.12.3.rel1.linux64_1.1.0.202410170702/tools/bin/../lib/gcc/arm-none-eabi/12.3.1/thumb/v6-m/nofp/crtend.o
LOAD /opt/st/stm32cubeide_1.17.0/plugins/com.st.stm32cube.ide.mcu.externaltools.gnu-tools-for-stm32.12.3.rel1.linux64_1.1.0.202410170702/tools/bin/../lib/gcc/arm-none-eabi/12.3.1/thumb/v6-m/nofp/crtn.o
                0x20001000                        _estack = 0x20001000
                0x00000200                        _Min_Heap_Size = 0x200
                0x00000400                        _Min_Stack_Size = 0x400

.isr_vector     0x08000000       0xc0
                0x08000000                        . = ALIGN (0x4)
 *(.isr_vector)
 .isr_vector    0x08000000       0xc0 ./startup/startup_stm32f030x6.o
                0x08000000                g_pfnVectors
                0x080000c0                        . = ALIGN (0x4)

.text           0x080000c0     0x55ec
                0x080000c0                        . = ALIGN (0x4)
 *(.text)
 .text          0x080000c0       0x48 /opt/st/stm32cubeide_1.17.0/plugins/com.st.stm32cube.ide.mcu.externaltools.gnu-tools-for-stm32.12.3.rel1.linux64_1.1.0.202410170702/tools/bin/../lib/gcc/arm-none-eabi/12.3.1/thumb/v6-m/nofp/crtbegin.o
 .text          0x08000108      0x114 /opt/st/stm32cubeide_1.17.0/plugins/com.st.stm32cube.ide.mcu.externaltools.gnu-tools-for-stm32.12.3.rel1.linux64_1.1.0.202410170702/tools/bin/../lib/gcc/arm-none-eabi/12.3.1/thumb/v6-m/nofp/libgcc.a(_udivsi3.o)
                0x08000108                __udivsi3
                0x08000108                __aeabi_uidiv
                0x08000214                __aeabi_uidivmod
 .text          0x0800021c        0x4 /opt/st/stm32cubeide_1.17.0/plugins/com.st.stm32cube.ide.mcu.externaltools.gnu-tools-for-stm32.12.3.rel1.linux64_1.1.0.202410170702/tools/bin/../lib/gcc/arm-none-eabi/12.3.1/thumb/v6-m/nofp/libgcc.a(_dvmd_tls.o)
                0x0800021c                __aeabi_ldiv0
                0x0800021c                __aeabi_idiv0
 *(.text*)
 .text.HAL_InitTick
                0x08000220       0x24 ./Drivers/STM32F0xx_HAL_Driver/Src/stm32f0xx_hal.o
                0x08000220                HAL_InitTick
 .text.HAL_Init
                0x08000244       0x20 ./Drivers/STM32F0xx_HAL_Driver/Src/stm32f0xx_hal.o
                0x08000244                HAL_Init
 .text.HAL_IncTick
                0x08000264       0x10 ./Drivers/STM32F0xx_HAL_Driver/Src/stm32f0xx_hal.o
                0x08000264                HAL_IncTick
 .text.HAL_GetTick
                0x08000274        0xc ./Drivers/STM32F0xx_HAL_Driver/Src/stm32f0xx_hal.o
                0x08000274                HAL_GetTick
 .text.HAL_Delay
                0x08000280       0x24 ./Drivers/STM32F0xx_HAL_Driver/Src/stm32f0xx_hal.o
                0x08000280                HAL_Delay
 .text.ADC_Enable
                0x080002a4       0xa8 ./Drivers/STM32F0xx_HAL_Driver/Src/stm32f0xx_hal_adc.o
 .text.HAL_ADC_Init
                0x0800034c      0x160 ./Drivers/STM32F0xx_HAL_Driver/Src/stm32f0xx_hal_adc.o
                0x0800034c                HAL_ADC_Init
 .text.HAL_ADC_Start
                0x080004ac       0x60 ./Drivers/STM32F0xx_HAL_Driver/Src/stm32f0xx_hal_adc.o
                0x080004ac                HAL_ADC_Start
 .text.HAL_ADC_PollForConversion
                0x0800050c       0xbc ./Drivers/STM32F0xx_HAL_Driver/Src/stm32f0xx_hal_adc.o
                0x0800050c                HAL_ADC_PollForConversion
 .text.HAL_ADC_GetValue
                0x080005c8        0x6 ./Drivers/STM32F0xx_HAL_Driver/Src/stm32f0xx_hal_adc.o
                0x080005c8                HAL_ADC_GetValue
 *fill*         0x080005ce        0x2 
 .text.HAL_ADC_ConfigChannel
                0x080005d0      0x124 ./Drivers/STM32F0xx_HAL_Driver/Src/stm32f0xx_hal_adc.o
                0x080005d0                HAL_ADC_ConfigChannel
 .text.HAL_NVIC_SetPriority
                0x080006f4       0x64 ./Drivers/STM32F0xx_HAL_Driver/Src/stm32f0xx_hal_cortex.o
                0x080006f4                HAL_NVIC_SetPriority
 .text.HAL_NVIC_EnableIRQ
                0x08000758       0x14 ./Drivers/STM32F0xx_HAL_Driver/Src/stm32f0xx_hal_cortex.o
                0x08000758                HAL_NVIC_EnableIRQ
 .text.HAL_SYSTICK_Config
                0x0800076c       0x38 ./Drivers/STM32F0xx_HAL_Driver/Src/stm32f0xx_hal_cortex.o
                0x0800076c                HAL_SYSTICK_Config
 .text.HAL_SYSTICK_CLKSourceConfig
                0x080007a4       0x20 ./Drivers/STM32F0xx_HAL_Driver/Src/stm32f0xx_hal_cortex.o
                0x080007a4                HAL_SYSTICK_CLKSourceConfig
 .text.HAL_SYSTICK_Callback
                0x080007c4        0x2 ./Drivers/STM32F0xx_HAL_Driver/Src/stm32f0xx_hal_cortex.o
                0x080007c4                HAL_SYSTICK_Callback
 .text.HAL_SYSTICK_IRQHandler
                0x080007c6        0x8 ./Drivers/STM32F0xx_HAL_Driver/Src/stm32f0xx_hal_cortex.o
                0x080007c6                HAL_SYSTICK_IRQHandler
 *fill*         0x080007ce        0x2 
 .text.HAL_DMA_Init
                0x080007d0       0x70 ./Drivers/STM32F0xx_HAL_Driver/Src/stm32f0xx_hal_dma.o
                0x080007d0                HAL_DMA_Init
 .text.HAL_DMA_Start_IT
                0x08000840       0x92 ./Drivers/STM32F0xx_HAL_Driver/Src/stm32f0xx_hal_dma.o
                0x08000840                HAL_DMA_Start_IT
 .text.HAL_DMA_Abort_IT
                0x080008d2       0x4a ./Drivers/STM32F0xx_HAL_Driver/Src/stm32f0xx_hal_dma.o
                0x080008d2                HAL_DMA_Abort_IT
 .text.HAL_DMA_IRQHandler
                0x0800091c       0xaa ./Drivers/STM32F0xx_HAL_Driver/Src/stm32f0xx_hal_dma.o
                0x0800091c                HAL_DMA_IRQHandler
 *fill*         0x080009c6        0x2 
 .text.FLASH_SetErrorCode
                0x080009c8       0x40 ./Drivers/STM32F0xx_HAL_Driver/Src/stm32f0xx_hal_flash.o
 .text.HAL_FLASH_Unlock
                0x08000a08       0x28 ./Drivers/STM32F0xx_HAL_Driver/Src/stm32f0xx_hal_flash.o
                0x08000a08                HAL_FLASH_Unlock
 .text.HAL_FLASH_Lock
                0x08000a30       0x14 ./Drivers/STM32F0xx_HAL_Driver/Src/stm32f0xx_hal_flash.o
                0x08000a30                HAL_FLASH_Lock
 .text.FLASH_WaitForLastOperation
                0x08000a44       0x5c ./Drivers/STM32F0xx_HAL_Driver/Src/stm32f0xx_hal_flash.o
                0x08000a44                FLASH_WaitForLastOperation
 .text.HAL_FLASH_Program
                0x08000aa0       0xc8 ./Drivers/STM32F0xx_HAL_Driver/Src/stm32f0xx_hal_flash.o
                0x08000aa0                HAL_FLASH_Program
 .text.FLASH_MassErase
                0x08000b68       0x24 ./Drivers/STM32F0xx_HAL_Driver/Src/stm32f0xx_hal_flash_ex.o
 .text.FLASH_PageErase
                0x08000b8c       0x24 ./Drivers/STM32F0xx_HAL_Driver/Src/stm32f0xx_hal_flash_ex.o
                0x08000b8c                FLASH_PageErase
 .text.HAL_FLASHEx_Erase
                0x08000bb0       0xc0 ./Drivers/STM32F0xx_HAL_Driver/Src/stm32f0xx_hal_flash_ex.o
                0x08000bb0                HAL_FLASHEx_Erase
 .text.HAL_GPIO_Init
                0x08000c70      0x1c4 ./Drivers/STM32F0xx_HAL_Driver/Src/stm32f0xx_hal_gpio.o
                0x08000c70                HAL_GPIO_Init
 .text.HAL_GPIO_ReadPin
                0x08000e34        0xc ./Drivers/STM32F0xx_HAL_Driver/Src/stm32f0xx_hal_gpio.o
                0x08000e34                HAL_GPIO_ReadPin
 .text.HAL_GPIO_WritePin
                0x08000e40        0xc ./Drivers/STM32F0xx_HAL_Driver/Src/stm32f0xx_hal_gpio.o
                0x08000e40                HAL_GPIO_WritePin
 .text.HAL_GPIO_TogglePin
                0x08000e4c        0x8 ./Drivers/STM32F0xx_HAL_Driver/Src/stm32f0xx_hal_gpio.o
                0x08000e4c                HAL_GPIO_TogglePin
 .text.I2C_Flush_TXDR
                0x08000e54       0x1e ./Drivers/STM32F0xx_HAL_Driver/Src/stm32f0xx_hal_i2c.o
 *fill*         0x08000e72        0x2 
 .text.I2C_TransferConfig
                0x08000e74       0x24 ./Drivers/STM32F0xx_HAL_Driver/Src/stm32f0xx_hal_i2c.o
 .text.I2C_Enable_IRQ
                0x08000e98       0x6c ./Drivers/STM32F0xx_HAL_Driver/Src/stm32f0xx_hal_i2c.o
 .text.I2C_Disable_IRQ
                0x08000f04       0x68 ./Drivers/STM32F0xx_HAL_Driver/Src/stm32f0xx_hal_i2c.o
 .text.HAL_I2C_Init
                0x08000f6c       0xcc ./Drivers/STM32F0xx_HAL_Driver/Src/stm32f0xx_hal_i2c.o
                0x08000f6c                HAL_I2C_Init
 .text.HAL_I2C_Master_Transmit_IT
                0x08001038       0x90 ./Drivers/STM32F0xx_HAL_Driver/Src/stm32f0xx_hal_i2c.o
                0x08001038                HAL_I2C_Master_Transmit_IT
 .text.HAL_I2C_Slave_Receive_IT
                0x080010c8       0x64 ./Drivers/STM32F0xx_HAL_Driver/Src/stm32f0xx_hal_i2c.o
                0x080010c8                HAL_I2C_Slave_Receive_IT
 .text.HAL_I2C_EV_IRQHandler
                0x0800112c       0x12 ./Drivers/STM32F0xx_HAL_Driver/Src/stm32f0xx_hal_i2c.o
                0x0800112c                HAL_I2C_EV_IRQHandler
 .text.I2C_ITMasterSequentialCplt
                0x0800113e       0x52 ./Drivers/STM32F0xx_HAL_Driver/Src/stm32f0xx_hal_i2c.o
 .text.HAL_I2C_SlaveTxCpltCallback
                0x08001190        0x2 ./Drivers/STM32F0xx_HAL_Driver/Src/stm32f0xx_hal_i2c.o
                0x08001190                HAL_I2C_SlaveTxCpltCallback
 .text.HAL_I2C_SlaveRxCpltCallback
                0x08001192        0x2 ./Drivers/STM32F0xx_HAL_Driver/Src/stm32f0xx_hal_i2c.o
                0x08001192                HAL_I2C_SlaveRxCpltCallback
 .text.I2C_ITSlaveSequentialCplt
                0x08001194       0x58 ./Drivers/STM32F0xx_HAL_Driver/Src/stm32f0xx_hal_i2c.o
 .text.HAL_I2C_AddrCallback
                0x080011ec        0x2 ./Drivers/STM32F0xx_HAL_Driver/Src/stm32f0xx_hal_i2c.o
                0x080011ec                HAL_I2C_AddrCallback
 .text.HAL_I2C_ListenCpltCallback
                0x080011ee        0x2 ./Drivers/STM32F0xx_HAL_Driver/Src/stm32f0xx_hal_i2c.o
                0x080011ee                HAL_I2C_ListenCpltCallback
 .text.I2C_ITListenCplt
                0x080011f0       0x64 ./Drivers/STM32F0xx_HAL_Driver/Src/stm32f0xx_hal_i2c.o
 .text.HAL_I2C_MemTxCpltCallback
                0x08001254        0x2 ./Drivers/STM32F0xx_HAL_Driver/Src/stm32f0xx_hal_i2c.o
                0x08001254                HAL_I2C_MemTxCpltCallback
 .text.HAL_I2C_MemRxCpltCallback
                0x08001256        0x2 ./Drivers/STM32F0xx_HAL_Driver/Src/stm32f0xx_hal_i2c.o
                0x08001256                HAL_I2C_MemRxCpltCallback
 .text.HAL_I2C_AbortCpltCallback
                0x08001258        0x2 ./Drivers/STM32F0xx_HAL_Driver/Src/stm32f0xx_hal_i2c.o
                0x08001258                HAL_I2C_AbortCpltCallback
 *fill*         0x0800125a        0x2 
 .text.I2C_ITError
                0x0800125c       0xf8 ./Drivers/STM32F0xx_HAL_Driver/Src/stm32f0xx_hal_i2c.o
 .text.I2C_ITSlaveCplt
                0x08001354      0x118 ./Drivers/STM32F0xx_HAL_Driver/Src/stm32f0xx_hal_i2c.o
 .text.I2C_Slave_ISR_IT
                0x0800146c      0x1ec ./Drivers/STM32F0xx_HAL_Driver/Src/stm32f0xx_hal_i2c.o
 .text.I2C_Slave_ISR_DMA
                0x08001658       0x7c ./Drivers/STM32F0xx_HAL_Driver/Src/stm32f0xx_hal_i2c.o
 .text.I2C_ITMasterCplt
                0x080016d4       0xd4 ./Drivers/STM32F0xx_HAL_Driver/Src/stm32f0xx_hal_i2c.o
 .text.I2C_Master_ISR_IT
                0x080017a8      0x170 ./Drivers/STM32F0xx_HAL_Driver/Src/stm32f0xx_hal_i2c.o
 .text.I2C_Master_ISR_DMA
                0x08001918       0xda ./Drivers/STM32F0xx_HAL_Driver/Src/stm32f0xx_hal_i2c.o
 .text.HAL_I2C_ER_IRQHandler
                0x080019f2       0x74 ./Drivers/STM32F0xx_HAL_Driver/Src/stm32f0xx_hal_i2c.o
                0x080019f2                HAL_I2C_ER_IRQHandler
 .text.I2C_DMAAbort
                0x08001a66       0x34 ./Drivers/STM32F0xx_HAL_Driver/Src/stm32f0xx_hal_i2c.o
 .text.HAL_I2C_GetError
                0x08001a9a        0x4 ./Drivers/STM32F0xx_HAL_Driver/Src/stm32f0xx_hal_i2c.o
                0x08001a9a                HAL_I2C_GetError
 *fill*         0x08001a9e        0x2 
 .text.HAL_I2CEx_ConfigAnalogFilter
                0x08001aa0       0x58 ./Drivers/STM32F0xx_HAL_Driver/Src/stm32f0xx_hal_i2c_ex.o
                0x08001aa0                HAL_I2CEx_ConfigAnalogFilter
 .text.HAL_I2CEx_ConfigDigitalFilter
                0x08001af8       0x54 ./Drivers/STM32F0xx_HAL_Driver/Src/stm32f0xx_hal_i2c_ex.o
                0x08001af8                HAL_I2CEx_ConfigDigitalFilter
 .text.HAL_RCC_OscConfig
                0x08001b4c      0x494 ./Drivers/STM32F0xx_HAL_Driver/Src/stm32f0xx_hal_rcc.o
                0x08001b4c                HAL_RCC_OscConfig
 .text.HAL_RCC_GetSysClockFreq
                0x08001fe0       0x70 ./Drivers/STM32F0xx_HAL_Driver/Src/stm32f0xx_hal_rcc.o
                0x08001fe0                HAL_RCC_GetSysClockFreq
 .text.HAL_RCC_ClockConfig
                0x08002050      0x16c ./Drivers/STM32F0xx_HAL_Driver/Src/stm32f0xx_hal_rcc.o
                0x08002050                HAL_RCC_ClockConfig
 .text.HAL_RCC_GetHCLKFreq
                0x080021bc        0xc ./Drivers/STM32F0xx_HAL_Driver/Src/stm32f0xx_hal_rcc.o
                0x080021bc                HAL_RCC_GetHCLKFreq
 .text.HAL_RCC_GetPCLK1Freq
                0x080021c8       0x20 ./Drivers/STM32F0xx_HAL_Driver/Src/stm32f0xx_hal_rcc.o
                0x080021c8                HAL_RCC_GetPCLK1Freq
 .text.HAL_RCCEx_PeriphCLKConfig
                0x080021e8      0x134 ./Drivers/STM32F0xx_HAL_Driver/Src/stm32f0xx_hal_rcc_ex.o
                0x080021e8                HAL_RCCEx_PeriphCLKConfig
 .text.UART_EndRxTransfer
                0x0800231c       0x24 ./Drivers/STM32F0xx_HAL_Driver/Src/stm32f0xx_hal_uart.o
 .text.HAL_UART_Receive_IT
                0x08002340       0xd0 ./Drivers/STM32F0xx_HAL_Driver/Src/stm32f0xx_hal_uart.o
                0x08002340                HAL_UART_Receive_IT
 .text.HAL_UART_Transmit_DMA
                0x08002410       0xa4 ./Drivers/STM32F0xx_HAL_Driver/Src/stm32f0xx_hal_uart.o
                0x08002410                HAL_UART_Transmit_DMA
 .text.UART_DMATransmitCplt
                0x080024b4       0x30 ./Drivers/STM32F0xx_HAL_Driver/Src/stm32f0xx_hal_uart.o
 .text.HAL_UART_TxHalfCpltCallback
                0x080024e4        0x2 ./Drivers/STM32F0xx_HAL_Driver/Src/stm32f0xx_hal_uart.o
                0x080024e4                HAL_UART_TxHalfCpltCallback
 .text.UART_DMATxHalfCplt
                0x080024e6        0xa ./Drivers/STM32F0xx_HAL_Driver/Src/stm32f0xx_hal_uart.o
 .text.UART_DMAError
                0x080024f0       0x58 ./Drivers/STM32F0xx_HAL_Driver/Src/stm32f0xx_hal_uart.o
 .text.UART_DMAAbortOnError
                0x08002548       0x14 ./Drivers/STM32F0xx_HAL_Driver/Src/stm32f0xx_hal_uart.o
 .text.UART_SetConfig
                0x0800255c      0x188 ./Drivers/STM32F0xx_HAL_Driver/Src/stm32f0xx_hal_uart.o
                0x0800255c                UART_SetConfig
 .text.UART_AdvFeatureConfig
                0x080026e4       0xe0 ./Drivers/STM32F0xx_HAL_Driver/Src/stm32f0xx_hal_uart.o
                0x080026e4                UART_AdvFeatureConfig
 .text.HAL_UART_Init
                0x080027c4       0x80 ./Drivers/STM32F0xx_HAL_Driver/Src/stm32f0xx_hal_uart.o
                0x080027c4                HAL_UART_Init
 .text.UART_WaitOnFlagUntilTimeout
                0x08002844       0x78 ./Drivers/STM32F0xx_HAL_Driver/Src/stm32f0xx_hal_uart.o
                0x08002844                UART_WaitOnFlagUntilTimeout
 .text.HAL_UART_Transmit
                0x080028bc       0xf6 ./Drivers/STM32F0xx_HAL_Driver/Src/stm32f0xx_hal_uart.o
                0x080028bc                HAL_UART_Transmit
 *fill*         0x080029b2        0x2 
 .text.HAL_UART_Receive
                0x080029b4      0x138 ./Drivers/STM32F0xx_HAL_Driver/Src/stm32f0xx_hal_uart.o
                0x080029b4                HAL_UART_Receive
 .text.UART_Transmit_IT
                0x08002aec       0x6c ./Drivers/STM32F0xx_HAL_Driver/Src/stm32f0xx_hal_uart.o
                0x08002aec                UART_Transmit_IT
 .text.UART_EndTransmit_IT
                0x08002b58       0x1a ./Drivers/STM32F0xx_HAL_Driver/Src/stm32f0xx_hal_uart.o
                0x08002b58                UART_EndTransmit_IT
 *fill*         0x08002b72        0x2 
 .text.UART_Receive_IT
                0x08002b74       0x88 ./Drivers/STM32F0xx_HAL_Driver/Src/stm32f0xx_hal_uart.o
                0x08002b74                UART_Receive_IT
 .text.HAL_UART_IRQHandler
                0x08002bfc      0x12c ./Drivers/STM32F0xx_HAL_Driver/Src/stm32f0xx_hal_uart.o
                0x08002bfc                HAL_UART_IRQHandler
 .text.INITIALIZE_BUS_I2C_Existing_Slave_Devices_List
                0x08002d28       0x94 ./Src/BUS_I2C.o
                0x08002d28                INITIALIZE_BUS_I2C_Existing_Slave_Devices_List
 .text.Load_Prot_V2_Header_Data_to_Send_Request
                0x08002dbc       0x2c ./Src/BUS_I2C.o
                0x08002dbc                Load_Prot_V2_Header_Data_to_Send_Request
 .text.SEND_I2C_Command_to_The_Slave
                0x08002de8       0x34 ./Src/BUS_I2C.o
                0x08002de8                SEND_I2C_Command_to_The_Slave
 .text.TASK_BUS_I2C_Commands_Execute
                0x08002e1c      0x1b0 ./Src/BUS_I2C.o
                0x08002e1c                TASK_BUS_I2C_Commands_Execute
 .text.LOAD_Header_Data_On_Buffer_to_Send_Response
                0x08002fcc       0x2c ./Src/main.o
                0x08002fcc                LOAD_Header_Data_On_Buffer_to_Send_Response
 .text.LOAD_Zones_Status_On_Buffer_to_Send_INFORM
                0x08002ff8       0x84 ./Src/main.o
                0x08002ff8                LOAD_Zones_Status_On_Buffer_to_Send_INFORM
 .text.Clear_Rx_Buffer
                0x0800307c       0x1c ./Src/main.o
                0x0800307c                Clear_Rx_Buffer
 .text.LOAD_The_Default_prg_Values_to_be_used_in_the_Flash_Drivers
                0x08003098       0x30 ./Src/main.o
                0x08003098                LOAD_The_Default_prg_Values_to_be_used_in_the_Flash_Drivers
 .text.EXECUTE_Remote_Control_Signal_on_PGM1_OUT
                0x080030c8       0x98 ./Src/main.o
                0x080030c8                EXECUTE_Remote_Control_Signal_on_PGM1_OUT
 .text.Load_New_Zones_In_Alarm_Flags_While_ANOTHER_Zone_already_in_Alarm_Counting_Time
                0x08003160       0x4c ./Src/main.o
                0x08003160                Load_New_Zones_In_Alarm_Flags_While_ANOTHER_Zone_already_in_Alarm_Counting_Time
 .text.START_STOP_ALARM
                0x080031ac       0xa0 ./Src/main.o
                0x080031ac                START_STOP_ALARM
 .text.Test_NON_24_Zones
                0x0800324c      0x214 ./Src/main.o
                0x0800324c                Test_NON_24_Zones
 .text.Test_24_and_Panic_Zones
                0x08003460      0x124 ./Src/main.o
                0x08003460                Test_24_and_Panic_Zones
 .text.Change_The_Delay_Zones_As_Instant
                0x08003584       0x3c ./Src/main.o
                0x08003584                Change_The_Delay_Zones_As_Instant
 .text.Change_The_FOLLOW_Zones_AS_DISABLE
                0x080035c0       0x28 ./Src/main.o
                0x080035c0                Change_The_FOLLOW_Zones_AS_DISABLE
 .text.Test_FOR_AUTO_Change_From_STAY_to_INSTANT_ARM
                0x080035e8       0x68 ./Src/main.o
                0x080035e8                Test_FOR_AUTO_Change_From_STAY_to_INSTANT_ARM
 .text.Show_Switch_LED_and_SETUP_ALARM_Status
                0x08003650       0x6c ./Src/main.o
                0x08003650                Show_Switch_LED_and_SETUP_ALARM_Status
 .text.SPECIFY_The_SIGNAL_on_The_PGM1_OUT
                0x080036bc       0x74 ./Src/main.o
                0x080036bc                SPECIFY_The_SIGNAL_on_The_PGM1_OUT
 .text.Test_The_Time_Depending_Events
                0x08003730      0x28c ./Src/main.o
                0x08003730                Test_The_Time_Depending_Events
 .text.SEND_Uart_Protocol_V2_Packet_Data
                0x080039bc       0x28 ./Src/main.o
                0x080039bc                SEND_Uart_Protocol_V2_Packet_Data
 .text.SEND_Uart_Protocol_V2_Packet_Data_New
                0x080039e4       0x30 ./Src/main.o
                0x080039e4                SEND_Uart_Protocol_V2_Packet_Data_New
 .text.LOAD_MONITORING_All_Data_AND_Send
                0x08003a14       0x24 ./Src/main.o
                0x08003a14                LOAD_MONITORING_All_Data_AND_Send
 .text.UPDATE_Mobile_User_For_New_Monitoring_Data
                0x08003a38      0x10c ./Src/main.o
                0x08003a38                UPDATE_Mobile_User_For_New_Monitoring_Data
 .text.Transfer_Programming_Data_to_Be_Write_or_Read
                0x08003b44       0xd0 ./Src/main.o
                0x08003b44                Transfer_Programming_Data_to_Be_Write_or_Read
 .text.Record_All_Programming_Data_on_The_FLASH
                0x08003c14       0x1a ./Src/main.o
                0x08003c14                Record_All_Programming_Data_on_The_FLASH
 *fill*         0x08003c2e        0x2 
 .text.TEST_ALL_Zones_For_ALARM_Events
                0x08003c30       0x24 ./Src/main.o
                0x08003c30                TEST_ALL_Zones_For_ALARM_Events
 .text.LOAD_Bypass_Zones_on_Mobile_User_Request
                0x08003c54       0x34 ./Src/main.o
                0x08003c54                LOAD_Bypass_Zones_on_Mobile_User_Request
 .text.MOBILE_User_Arm_Disarm_The_System
                0x08003c88       0xf8 ./Src/main.o
                0x08003c88                MOBILE_User_Arm_Disarm_The_System
 .text.TEST_For_Any_Chime_in_Zones
                0x08003d80       0x20 ./Src/main.o
                0x08003d80                TEST_For_Any_Chime_in_Zones
 .text.TASK_AUTO_Monitoring_OFF
                0x08003da0       0x30 ./Src/main.o
                0x08003da0                TASK_AUTO_Monitoring_OFF
 .text.Read_Wireless_RX_Data_if_Exist
                0x08003dd0      0x2e0 ./Src/main.o
                0x08003dd0                Read_Wireless_RX_Data_if_Exist
 .text.Read_Wireless_Zones_AND_Make_ONE_with_WIRE_Zones
                0x080040b0       0x98 ./Src/main.o
                0x080040b0                Read_Wireless_Zones_AND_Make_ONE_with_WIRE_Zones
 .text.Define_The_Remote_Control_Action
                0x08004148       0x68 ./Src/main.o
                0x08004148                Define_The_Remote_Control_Action
 .text.Read_SWITCH_ON_OFF_Status
                0x080041b0      0x1ec ./Src/main.o
                0x080041b0                Read_SWITCH_ON_OFF_Status
 .text.Reset_The_Bypassed_Zones
                0x0800439c       0x2c ./Src/main.o
                0x0800439c                Reset_The_Bypassed_Zones
 .text.Reset_False_ALARM_Counter
                0x080043c8       0x14 ./Src/main.o
                0x080043c8                Reset_False_ALARM_Counter
 .text.Switch_ON_OFF_Alarm_Settings
                0x080043dc       0xd4 ./Src/main.o
                0x080043dc                Switch_ON_OFF_Alarm_Settings
 .text.Write_Or_Read_Programming_Data_From_Or_to_UART_Buffer
                0x080044b0      0x1b0 ./Src/main.o
                0x080044b0                Write_Or_Read_Programming_Data_From_Or_to_UART_Buffer
 .text.DECO0DE_And_Execute_UART_Commands
                0x08004660       0xf0 ./Src/main.o
                0x08004660                DECO0DE_And_Execute_UART_Commands
 .text.Retrieve_Decode_and_Execute_UART_Communication_CMDs
                0x08004750       0x74 ./Src/main.o
                0x08004750                Retrieve_Decode_and_Execute_UART_Communication_CMDs
 .text.Test_User_Change_on_ARMING_Status
                0x080047c4       0xb4 ./Src/main.o
                0x080047c4                Test_User_Change_on_ARMING_Status
 .text.Show_LED_For_Zones_Status
                0x08004878       0x88 ./Src/main.o
                0x08004878                Show_LED_For_Zones_Status
 .text.Read_Zones_Instant_Status
                0x08004900      0x190 ./Src/main.o
                0x08004900                Read_Zones_Instant_Status
 .text.Read_ALL_Zones_Status_and_SET_The_Corresponding_LED
                0x08004a90       0x28 ./Src/main.o
                0x08004a90                Read_ALL_Zones_Status_and_SET_The_Corresponding_LED
 .text.Check_System_EVENTS_and_make_the_FLOW
                0x08004ab8       0x28 ./Src/main.o
                0x08004ab8                Check_System_EVENTS_and_make_the_FLOW
 .text.SystemClock_Config
                0x08004ae0       0x86 ./Src/main.o
                0x08004ae0                SystemClock_Config
 *fill*         0x08004b66        0x2 
 .text.HAL_UART_RxCpltCallback
                0x08004b68        0xc ./Src/main.o
                0x08004b68                HAL_UART_RxCpltCallback
 .text.HAL_UART_ErrorCallback
                0x08004b74       0x18 ./Src/main.o
                0x08004b74                HAL_UART_ErrorCallback
 .text.HAL_I2C_MasterTxCpltCallback
                0x08004b8c       0x10 ./Src/main.o
                0x08004b8c                HAL_I2C_MasterTxCpltCallback
 .text.HAL_I2C_MasterRxCpltCallback
                0x08004b9c       0x10 ./Src/main.o
                0x08004b9c                HAL_I2C_MasterRxCpltCallback
 .text.HAL_I2C_ErrorCallback
                0x08004bac       0x1c ./Src/main.o
                0x08004bac                HAL_I2C_ErrorCallback
 .text._Error_Handler
                0x08004bc8        0x2 ./Src/main.o
                0x08004bc8                _Error_Handler
 *fill*         0x08004bca        0x2 
 .text.Initialize_Variables
                0x08004bcc       0x60 ./Src/main.o
                0x08004bcc                Initialize_Variables
 .text.Update_TASK_Times
                0x08004c2c       0x40 ./Src/main.o
                0x08004c2c                Update_TASK_Times
 .text.USART_READ_AND_RESET_Status_Flags
                0x08004c6c       0xec ./Src/main.o
                0x08004c6c                USART_READ_AND_RESET_Status_Flags
 .text.TASK_Protect_UART
                0x08004d58       0x44 ./Src/main.o
                0x08004d58                TASK_Protect_UART
 .text.TASK_Count_Big_Times_AND_Seconds
                0x08004d9c       0x68 ./Src/main.o
                0x08004d9c                TASK_Count_Big_Times_AND_Seconds
 .text.Trigger_PERIPHERAL_TO_Receive_Interrupt_DATA
                0x08004e04       0x4c ./Src/main.o
                0x08004e04                Trigger_PERIPHERAL_TO_Receive_Interrupt_DATA
 .text.main     0x08004e50      0x2a8 ./Src/main.o
                0x08004e50                main
 .text.HAL_UART_TxCpltCallback
                0x080050f8       0x1c ./Src/main.o
                0x080050f8                HAL_UART_TxCpltCallback
 .text.my_mem_copy
                0x08005114       0x24 ./Src/my_Common.o
                0x08005114                my_mem_copy
 .text.IO_Pins_Initialize
                0x08005138       0x20 ./Src/my_Common.o
                0x08005138                IO_Pins_Initialize
 .text.Initialize_MCU_Peripherals_and_Corresponding_IO_Pins
                0x08005158        0x8 ./Src/my_Common.o
                0x08005158                Initialize_MCU_Peripherals_and_Corresponding_IO_Pins
 .text.Initialize_External_Devices_and_Corresponding_IO_Pins
                0x08005160        0x2 ./Src/my_Common.o
                0x08005160                Initialize_External_Devices_and_Corresponding_IO_Pins
 *fill*         0x08005162        0x2 
 .text.Retrieve_The_Current_Programming_Data_Value_to_be_Write
                0x08005164       0x28 ./Src/my_Flash.o
                0x08005164                Retrieve_The_Current_Programming_Data_Value_to_be_Write
 .text.Write_Programming_Data_Values_on_Flash_Memory
                0x0800518c      0x118 ./Src/my_Flash.o
                0x0800518c                Write_Programming_Data_Values_on_Flash_Memory
 .text.Read_Programming_Data_Values_From_Flash_Memory
                0x080052a4       0x30 ./Src/my_Flash.o
                0x080052a4                Read_Programming_Data_Values_From_Flash_Memory
 .text.Startup_Sequence_for_Load_Programming_Data
                0x080052d4       0x98 ./Src/my_Flash.o
                0x080052d4                Startup_Sequence_for_Load_Programming_Data
 .text.HAL_MspInit
                0x0800536c       0x54 ./Src/stm32f0xx_hal_msp.o
                0x0800536c                HAL_MspInit
 .text.HAL_ADC_MspInit
                0x080053c0       0x48 ./Src/stm32f0xx_hal_msp.o
                0x080053c0                HAL_ADC_MspInit
 .text.HAL_I2C_MspInit
                0x08005408       0x60 ./Src/stm32f0xx_hal_msp.o
                0x08005408                HAL_I2C_MspInit
 .text.HAL_UART_MspInit
                0x08005468       0xbc ./Src/stm32f0xx_hal_msp.o
                0x08005468                HAL_UART_MspInit
 .text.NMI_Handler
                0x08005524        0x2 ./Src/stm32f0xx_it.o
                0x08005524                NMI_Handler
 .text.HardFault_Handler
                0x08005526        0xc ./Src/stm32f0xx_it.o
                0x08005526                HardFault_Handler
 .text.SVC_Handler
                0x08005532        0x2 ./Src/stm32f0xx_it.o
                0x08005532                SVC_Handler
 .text.PendSV_Handler
                0x08005534        0x2 ./Src/stm32f0xx_it.o
                0x08005534                PendSV_Handler
 *fill*         0x08005536        0x2 
 .text.SysTick_Handler
                0x08005538       0x18 ./Src/stm32f0xx_it.o
                0x08005538                SysTick_Handler
 .text.I2C1_IRQHandler
                0x08005550       0x18 ./Src/stm32f0xx_it.o
                0x08005550                I2C1_IRQHandler
 .text.DMA1_Channel2_3_IRQHandler
                0x08005568       0x10 ./Src/stm32f0xx_it.o
                0x08005568                DMA1_Channel2_3_IRQHandler
 .text.USART1_IRQHandler
                0x08005578       0x10 ./Src/stm32f0xx_it.o
                0x08005578                USART1_IRQHandler
 .text.SystemInit
                0x08005588       0x60 ./Src/system_stm32f0xx.o
                0x08005588                SystemInit
 .text.Reset_Handler
                0x080055e8       0x50 ./startup/startup_stm32f030x6.o
                0x080055e8                Reset_Handler
 .text.Default_Handler
                0x08005638        0x2 ./startup/startup_stm32f030x6.o
                0x08005638                TIM1_CC_IRQHandler
                0x08005638                SPI1_IRQHandler
                0x08005638                EXTI2_3_IRQHandler
                0x08005638                ADC1_IRQHandler
                0x08005638                TIM17_IRQHandler
                0x08005638                RTC_IRQHandler
                0x08005638                TIM16_IRQHandler
                0x08005638                TIM3_IRQHandler
                0x08005638                EXTI4_15_IRQHandler
                0x08005638                RCC_IRQHandler
                0x08005638                DMA1_Channel1_IRQHandler
                0x08005638                Default_Handler
                0x08005638                TIM14_IRQHandler
                0x08005638                DMA1_Channel4_5_IRQHandler
                0x08005638                EXTI0_1_IRQHandler
                0x08005638                WWDG_IRQHandler
                0x08005638                FLASH_IRQHandler
                0x08005638                TIM1_BRK_UP_TRG_COM_IRQHandler
 .text.memset   0x0800563a       0x10 /opt/st/stm32cubeide_1.17.0/plugins/com.st.stm32cube.ide.mcu.externaltools.gnu-tools-for-stm32.12.3.rel1.linux64_1.1.0.202410170702/tools/bin/../lib/gcc/arm-none-eabi/12.3.1/../../../../arm-none-eabi/lib/thumb/v6-m/nofp/libc_nano.a(libc_a-memset.o)
                0x0800563a                memset
 *fill*         0x0800564a        0x2 
 .text.__libc_init_array
                0x0800564c       0x48 /opt/st/stm32cubeide_1.17.0/plugins/com.st.stm32cube.ide.mcu.externaltools.gnu-tools-for-stm32.12.3.rel1.linux64_1.1.0.202410170702/tools/bin/../lib/gcc/arm-none-eabi/12.3.1/../../../../arm-none-eabi/lib/thumb/v6-m/nofp/libc_nano.a(libc_a-init.o)
                0x0800564c                __libc_init_array
 *(.glue_7)
 .glue_7        0x08005694        0x0 linker stubs
 *(.glue_7t)
 .glue_7t       0x08005694        0x0 linker stubs
 *(.eh_frame)
 .eh_frame      0x08005694        0x0 /opt/st/stm32cubeide_1.17.0/plugins/com.st.stm32cube.ide.mcu.externaltools.gnu-tools-for-stm32.12.3.rel1.linux64_1.1.0.202410170702/tools/bin/../lib/gcc/arm-none-eabi/12.3.1/thumb/v6-m/nofp/crtbegin.o
 *(.init)
 .init          0x08005694        0x4 /opt/st/stm32cubeide_1.17.0/plugins/com.st.stm32cube.ide.mcu.externaltools.gnu-tools-for-stm32.12.3.rel1.linux64_1.1.0.202410170702/tools/bin/../lib/gcc/arm-none-eabi/12.3.1/thumb/v6-m/nofp/crti.o
                0x08005694                _init
 .init          0x08005698        0x8 /opt/st/stm32cubeide_1.17.0/plugins/com.st.stm32cube.ide.mcu.externaltools.gnu-tools-for-stm32.12.3.rel1.linux64_1.1.0.202410170702/tools/bin/../lib/gcc/arm-none-eabi/12.3.1/thumb/v6-m/nofp/crtn.o
 *(.fini)
 .fini          0x080056a0        0x4 /opt/st/stm32cubeide_1.17.0/plugins/com.st.stm32cube.ide.mcu.externaltools.gnu-tools-for-stm32.12.3.rel1.linux64_1.1.0.202410170702/tools/bin/../lib/gcc/arm-none-eabi/12.3.1/thumb/v6-m/nofp/crti.o
                0x080056a0                _fini
 .fini          0x080056a4        0x8 /opt/st/stm32cubeide_1.17.0/plugins/com.st.stm32cube.ide.mcu.externaltools.gnu-tools-for-stm32.12.3.rel1.linux64_1.1.0.202410170702/tools/bin/../lib/gcc/arm-none-eabi/12.3.1/thumb/v6-m/nofp/crtn.o
                0x080056ac                        . = ALIGN (0x4)
                0x080056ac                        _etext = .

.vfp11_veneer   0x080056ac        0x0
 .vfp11_veneer  0x080056ac        0x0 linker stubs

.v4_bx          0x080056ac        0x0
 .v4_bx         0x080056ac        0x0 linker stubs

.iplt           0x080056ac        0x0
 .iplt          0x080056ac        0x0 /opt/st/stm32cubeide_1.17.0/plugins/com.st.stm32cube.ide.mcu.externaltools.gnu-tools-for-stm32.12.3.rel1.linux64_1.1.0.202410170702/tools/bin/../lib/gcc/arm-none-eabi/12.3.1/thumb/v6-m/nofp/crtbegin.o

.rodata         0x080056ac       0x84
                0x080056ac                        . = ALIGN (0x4)
 *(.rodata)
 *(.rodata*)
 .rodata.HAL_RCC_GetSysClockFreq.str1.4
                0x080056ac       0x25 ./Drivers/STM32F0xx_HAL_Driver/Src/stm32f0xx_hal_rcc.o
 *fill*         0x080056d1        0x3 
 .rodata.Read_Wireless_RX_Data_if_Exist
                0x080056d4       0x28 ./Src/main.o
 .rodata.HAL_UART_MspInit.str1.4
                0x080056fc       0x1b ./Src/stm32f0xx_hal_msp.o
 *fill*         0x08005717        0x1 
 .rodata.APBPrescTable
                0x08005718        0x8 ./Src/system_stm32f0xx.o
                0x08005718                APBPrescTable
 .rodata.AHBPrescTable
                0x08005720       0x10 ./Src/system_stm32f0xx.o
                0x08005720                AHBPrescTable
                0x08005730                        . = ALIGN (0x4)

.rel.dyn        0x08005730        0x0
 .rel.iplt      0x08005730        0x0 /opt/st/stm32cubeide_1.17.0/plugins/com.st.stm32cube.ide.mcu.externaltools.gnu-tools-for-stm32.12.3.rel1.linux64_1.1.0.202410170702/tools/bin/../lib/gcc/arm-none-eabi/12.3.1/thumb/v6-m/nofp/crtbegin.o

.ARM.extab
 *(.ARM.extab* .gnu.linkonce.armextab.*)

.ARM            0x08005730        0x0
                0x08005730                        __exidx_start = .
 *(.ARM.exidx*)
                0x08005730                        __exidx_end = .

.preinit_array  0x08005730        0x0
                0x08005730                        PROVIDE (__preinit_array_start = .)
 *(.preinit_array*)
                0x08005730                        PROVIDE (__preinit_array_end = .)

.init_array     0x08005730        0x4
                0x08005730                        PROVIDE (__init_array_start = .)
 *(SORT_BY_NAME(.init_array.*))
 *(.init_array*)
 .init_array    0x08005730        0x4 /opt/st/stm32cubeide_1.17.0/plugins/com.st.stm32cube.ide.mcu.externaltools.gnu-tools-for-stm32.12.3.rel1.linux64_1.1.0.202410170702/tools/bin/../lib/gcc/arm-none-eabi/12.3.1/thumb/v6-m/nofp/crtbegin.o
                0x08005734                        PROVIDE (__init_array_end = .)

.fini_array     0x08005734        0x4
                [!provide]                        PROVIDE (__fini_array_start = .)
 *(SORT_BY_NAME(.fini_array.*))
 *(.fini_array*)
 .fini_array    0x08005734        0x4 /opt/st/stm32cubeide_1.17.0/plugins/com.st.stm32cube.ide.mcu.externaltools.gnu-tools-for-stm32.12.3.rel1.linux64_1.1.0.202410170702/tools/bin/../lib/gcc/arm-none-eabi/12.3.1/thumb/v6-m/nofp/crtbegin.o
                [!provide]                        PROVIDE (__fini_array_end = .)
                0x08005738                        _sidata = LOADADDR (.data)

.data           0x20000000       0x1c load address 0x08005738
                0x20000000                        . = ALIGN (0x4)
                0x20000000                        _sdata = .
 *(.data)
 *(.data*)
 .data.g_ENTRY_Delay_Zone_did_Not_OPEN
                0x20000000        0x1 ./Src/main.o
                0x20000000                g_ENTRY_Delay_Zone_did_Not_OPEN
 *fill*         0x20000001        0x1 
 .data.g_Zones_Wireless
                0x20000002        0x2 ./Src/main.o
                0x20000002                g_Zones_Wireless
 .data.g_Alarm_Time
                0x20000004        0x2 ./Src/main.o
                0x20000004                g_Alarm_Time
 .data.g_Exit_Time
                0x20000006        0x2 ./Src/main.o
                0x20000006                g_Exit_Time
 .data.g_Entry_Time
                0x20000008        0x2 ./Src/main.o
                0x20000008                g_Entry_Time
 .data.g_Switch_Mode
                0x2000000a        0x1 ./Src/main.o
                0x2000000a                g_Switch_Mode
 *fill*         0x2000000b        0x1 
 .data.g_Switch_Sensivity_Counter
                0x2000000c        0x2 ./Src/main.o
                0x2000000c                g_Switch_Sensivity_Counter
 .data.g_Switch_Changes_Direction
                0x2000000e        0x1 ./Src/main.o
                0x2000000e                g_Switch_Changes_Direction
 *fill*         0x2000000f        0x1 
 .data.g_Zones_LED_Flashing_on_Alarm_Counter
                0x20000010        0x2 ./Src/main.o
                0x20000010                g_Zones_LED_Flashing_on_Alarm_Counter
 .data.g_MemoryProgramStatus
                0x20000012        0x1 ./Src/my_Flash.o
                0x20000012                g_MemoryProgramStatus
 *fill*         0x20000013        0x1 
 .data.g_Data   0x20000014        0x4 ./Src/my_Flash.o
                0x20000014                g_Data
 .data.SystemCoreClock
                0x20000018        0x4 ./Src/system_stm32f0xx.o
                0x20000018                SystemCoreClock
                0x2000001c                        . = ALIGN (0x4)
                0x2000001c                        _edata = .

.igot.plt       0x2000001c        0x0 load address 0x08005754
 .igot.plt      0x2000001c        0x0 /opt/st/stm32cubeide_1.17.0/plugins/com.st.stm32cube.ide.mcu.externaltools.gnu-tools-for-stm32.12.3.rel1.linux64_1.1.0.202410170702/tools/bin/../lib/gcc/arm-none-eabi/12.3.1/thumb/v6-m/nofp/crtbegin.o
                0x2000001c                        . = ALIGN (0x4)

.bss            0x20000020      0x3bc load address 0x08005754
                0x20000020                        _sbss = .
                0x20000020                        __bss_start__ = _sbss
 *(.bss)
 .bss           0x20000020       0x1c /opt/st/stm32cubeide_1.17.0/plugins/com.st.stm32cube.ide.mcu.externaltools.gnu-tools-for-stm32.12.3.rel1.linux64_1.1.0.202410170702/tools/bin/../lib/gcc/arm-none-eabi/12.3.1/thumb/v6-m/nofp/crtbegin.o
 *(.bss*)
 .bss.uwTick    0x2000003c        0x4 ./Drivers/STM32F0xx_HAL_Driver/Src/stm32f0xx_hal.o
                0x2000003c                uwTick
 .bss.pFlash    0x20000040       0x20 ./Drivers/STM32F0xx_HAL_Driver/Src/stm32f0xx_hal_flash.o
                0x20000040                pFlash
 .bss.g_BUS_I2C_CMD_to_Send
                0x20000060        0x1 ./Src/BUS_I2C.o
                0x20000060                g_BUS_I2C_CMD_to_Send
 *fill*         0x20000061        0x3 
 .bss.g_BUS_I2C_SLAVES_Update_Times_mem
                0x20000064       0x16 ./Src/BUS_I2C.o
                0x20000064                g_BUS_I2C_SLAVES_Update_Times_mem
 *fill*         0x2000007a        0x2 
 .bss.g_BUS_I2C_SLAVES_Update_Times
                0x2000007c       0x1a ./Src/BUS_I2C.o
                0x2000007c                g_BUS_I2C_SLAVES_Update_Times
 *fill*         0x20000096        0x2 
 .bss.g_BUS_I2C_EXISTING_SLAVE_Devices_List
                0x20000098        0xd ./Src/BUS_I2C.o
                0x20000098                g_BUS_I2C_EXISTING_SLAVE_Devices_List
 .bss.g_I2C_Identify_New_Slave_Device_Accepted
                0x200000a5        0x1 ./Src/BUS_I2C.o
                0x200000a5                g_I2C_Identify_New_Slave_Device_Accepted
 .bss.g_I2C_Identify_New_Slave_Device_Procedure_Step
                0x200000a6        0x1 ./Src/BUS_I2C.o
                0x200000a6                g_I2C_Identify_New_Slave_Device_Procedure_Step
 .bss.g_I2C_Identification_PERIOD_Cycles
                0x200000a7        0x1 ./Src/BUS_I2C.o
                0x200000a7                g_I2C_Identification_PERIOD_Cycles
 .bss.g_BUS_I2C_Synchronization_PERIOD_Cycles
                0x200000a8        0x1 ./Src/BUS_I2C.o
                0x200000a8                g_BUS_I2C_Synchronization_PERIOD_Cycles
 *fill*         0x200000a9        0x1 
 .bss.g_BUS_I2C_Tick_Clock_Value
                0x200000aa        0x2 ./Src/BUS_I2C.o
                0x200000aa                g_BUS_I2C_Tick_Clock_Value
 .bss.hdma_usart1_tx
                0x200000ac       0x44 ./Src/main.o
                0x200000ac                hdma_usart1_tx
 .bss.huart1    0x200000f0       0x70 ./Src/main.o
                0x200000f0                huart1
 .bss.hi2c1     0x20000160       0x4c ./Src/main.o
                0x20000160                hi2c1
 .bss.hadc      0x200001ac       0x4c ./Src/main.o
                0x200001ac                hadc
 .bss.g_Whatchdog_LED_Status
                0x200001f8        0x1 ./Src/main.o
                0x200001f8                g_Whatchdog_LED_Status
 .bss.g_DMA_TX_Complete
                0x200001f9        0x1 ./Src/main.o
                0x200001f9                g_DMA_TX_Complete
 *fill*         0x200001fa        0x2 
 .bss.g_I2C_RX_Buffer
                0x200001fc       0x34 ./Src/main.o
                0x200001fc                g_I2C_RX_Buffer
 .bss.g_I2C_TX_Buffer
                0x20000230       0x34 ./Src/main.o
                0x20000230                g_I2C_TX_Buffer
 .bss.g_I2C_MODE_As_Master
                0x20000264        0x1 ./Src/main.o
                0x20000264                g_I2C_MODE_As_Master
 .bss.g_I2C_Master_TX_Complete
                0x20000265        0x1 ./Src/main.o
                0x20000265                g_I2C_Master_TX_Complete
 .bss.g_I2C_Master_RX_Complete
                0x20000266        0x1 ./Src/main.o
                0x20000266                g_I2C_Master_RX_Complete
 *fill*         0x20000267        0x1 
 .bss.g_Big_Times_And_Seconds
                0x20000268       0x1c ./Src/main.o
                0x20000268                g_Big_Times_And_Seconds
 .bss.g_Tasks_Times
                0x20000284       0x22 ./Src/main.o
                0x20000284                g_Tasks_Times
 .bss.g_AUTO_Stay_Instant
                0x200002a6        0x1 ./Src/main.o
                0x200002a6                g_AUTO_Stay_Instant
 .bss.g_Switch_Instant_Status_mem
                0x200002a7        0x1 ./Src/main.o
                0x200002a7                g_Switch_Instant_Status_mem
 .bss.g_DEBUG_ZONE_1_CLOSE_Counter
                0x200002a8        0x1 ./Src/main.o
                0x200002a8                g_DEBUG_ZONE_1_CLOSE_Counter
 .bss.g_DEBUG_ZONE_1_OPEN_Counter
                0x200002a9        0x1 ./Src/main.o
                0x200002a9                g_DEBUG_ZONE_1_OPEN_Counter
 .bss.g_Wireless_Rx_Pause_Debounce_Counter
                0x200002aa        0x1 ./Src/main.o
                0x200002aa                g_Wireless_Rx_Pause_Debounce_Counter
 .bss.g_Wireless_Rx_Trigger_Debounce_Counter
                0x200002ab        0x1 ./Src/main.o
                0x200002ab                g_Wireless_Rx_Trigger_Debounce_Counter
 .bss.g_Binary_Rx_Value_mem
                0x200002ac        0x1 ./Src/main.o
                0x200002ac                g_Binary_Rx_Value_mem
 .bss.g_Binary_Rx_Value
                0x200002ad        0x1 ./Src/main.o
                0x200002ad                g_Binary_Rx_Value
 .bss.g_Panel_Ready_To_Arm
                0x200002ae        0x1 ./Src/main.o
                0x200002ae                g_Panel_Ready_To_Arm
 .bss.g_SUB_CMD_ID_Result
                0x200002af        0x1 ./Src/main.o
                0x200002af                g_SUB_CMD_ID_Result
 .bss.g_SUB_CMD_ID
                0x200002b0        0x1 ./Src/main.o
                0x200002b0                g_SUB_CMD_ID
 .bss.g_START_STOP_Trigger_Monitoring
                0x200002b1        0x1 ./Src/main.o
                0x200002b1                g_START_STOP_Trigger_Monitoring
 .bss.g_START_Monitoring
                0x200002b2        0x1 ./Src/main.o
                0x200002b2                g_START_Monitoring
 .bss.g_START_WIFI_Monitoring
                0x200002b3        0x1 ./Src/main.o
                0x200002b3                g_START_WIFI_Monitoring
 .bss.g_Executed_UART_CMD_Successfully
                0x200002b4        0x1 ./Src/main.o
                0x200002b4                g_Executed_UART_CMD_Successfully
 .bss.g_Received_UART_Data
                0x200002b5        0x1 ./Src/main.o
                0x200002b5                g_Received_UART_Data
 .bss.g_Counting_Time_to_Discard_Rx_Buffer
                0x200002b6        0x2 ./Src/main.o
                0x200002b6                g_Counting_Time_to_Discard_Rx_Buffer
 .bss.g_RxCount
                0x200002b8        0x2 ./Src/main.o
                0x200002b8                g_RxCount
 *fill*         0x200002ba        0x2 
 .bss.g_Process_Buffer
                0x200002bc       0x3e ./Src/main.o
                0x200002bc                g_Process_Buffer
 *fill*         0x200002fa        0x2 
 .bss.g_RxBuffer_8bit
                0x200002fc       0x3e ./Src/main.o
                0x200002fc                g_RxBuffer_8bit
 .bss.g_ADC_Instant_Value
                0x2000033a        0x2 ./Src/main.o
                0x2000033a                g_ADC_Instant_Value
 .bss.g_ADC_Instant_Value_Raw
                0x2000033c        0x2 ./Src/main.o
                0x2000033c                g_ADC_Instant_Value_Raw
 .bss.g_REMOTE_Control_Signal_times
                0x2000033e        0x1 ./Src/main.o
                0x2000033e                g_REMOTE_Control_Signal_times
 *fill*         0x2000033f        0x1 
 .bss.g_PANIC_24_Zones_Memory_Flags
                0x20000340        0x2 ./Src/main.o
                0x20000340                g_PANIC_24_Zones_Memory_Flags
 .bss.g_Current_Alarm_Time_ZONES_given
                0x20000342        0x2 ./Src/main.o
                0x20000342                g_Current_Alarm_Time_ZONES_given
 .bss.g_Follow_Zone_has_Open_Index_mem
                0x20000344        0x1 ./Src/main.o
                0x20000344                g_Follow_Zone_has_Open_Index_mem
 .bss.g_Follow_Zone_has_Open_mem
                0x20000345        0x1 ./Src/main.o
                0x20000345                g_Follow_Zone_has_Open_mem
 .bss.g_Delay_Zone_has_Open_Index_mem
                0x20000346        0x1 ./Src/main.o
                0x20000346                g_Delay_Zone_has_Open_Index_mem
 .bss.g_Delay_Zone_has_Open_mem
                0x20000347        0x1 ./Src/main.o
                0x20000347                g_Delay_Zone_has_Open_mem
 .bss.g_Buzzer_ON_OFF_Times
                0x20000348        0x4 ./Src/main.o
                0x20000348                g_Buzzer_ON_OFF_Times
 .bss.g_Buzzer_ON_OFF_Flag
                0x2000034c        0x1 ./Src/main.o
                0x2000034c                g_Buzzer_ON_OFF_Flag
 .bss.g_Entry_Exit_Sequence
                0x2000034d        0x1 ./Src/main.o
                0x2000034d                g_Entry_Exit_Sequence
 *fill*         0x2000034e        0x2 
 .bss.g_ALARMS_Counter_In_one_ARM_Sequence
                0x20000350        0x5 ./Src/main.o
                0x20000350                g_ALARMS_Counter_In_one_ARM_Sequence
 *fill*         0x20000355        0x1 
 .bss.g_ALARM_Counting_Time
                0x20000356        0x2 ./Src/main.o
                0x20000356                g_ALARM_Counting_Time
 .bss.g_Wireless_Remote_Control_Action
                0x20000358        0x1 ./Src/main.o
                0x20000358                g_Wireless_Remote_Control_Action
 *fill*         0x20000359        0x1 
 .bss.g_Zones_Wire_AND_Wireless_mem
                0x2000035a        0x2 ./Src/main.o
                0x2000035a                g_Zones_Wire_AND_Wireless_mem
 .bss.g_Zones_Wire_AND_Wireless
                0x2000035c        0x2 ./Src/main.o
                0x2000035c                g_Zones_Wire_AND_Wireless
 .bss.g_Zones_Wireless_Status
                0x2000035e        0x2 ./Src/main.o
                0x2000035e                g_Zones_Wireless_Status
 .bss.g_Zones_Chime
                0x20000360        0x2 ./Src/main.o
                0x20000360                g_Zones_Chime
 .bss.g_SIREN_Follow_Remote_Control
                0x20000362        0x1 ./Src/main.o
                0x20000362                g_SIREN_Follow_Remote_Control
 .bss.g_PGM_Mode
                0x20000363        0x1 ./Src/main.o
                0x20000363                g_PGM_Mode
 .bss.g_Entry_Exit_Time_Delay
                0x20000364        0x2 ./Src/main.o
                0x20000364                g_Entry_Exit_Time_Delay
 .bss.g_Switch_Stable_Status
                0x20000366        0x2 ./Src/main.o
                0x20000366                g_Switch_Stable_Status
 .bss.g_Switch_Instant_Status
                0x20000368        0x2 ./Src/main.o
                0x20000368                g_Switch_Instant_Status
 .bss.g_Zones_LED_Indication_Flags
                0x2000036a        0x1 ./Src/main.o
                0x2000036a                g_Zones_LED_Indication_Flags
 *fill*         0x2000036b        0x1 
 .bss.g_Alarm_on_Zones
                0x2000036c        0x2 ./Src/main.o
                0x2000036c                g_Alarm_on_Zones
 *fill*         0x2000036e        0x2 
 .bss.g_Zones_TYPE_on_Current_Arming_MODE
                0x20000370        0x5 ./Src/main.o
                0x20000370                g_Zones_TYPE_on_Current_Arming_MODE
 *fill*         0x20000375        0x3 
 .bss.g_Zones_TYPE_Configuration
                0x20000378        0x5 ./Src/main.o
                0x20000378                g_Zones_TYPE_Configuration
 *fill*         0x2000037d        0x3 
 .bss.g_Zones_Sensivity_Counter
                0x20000380        0xa ./Src/main.o
                0x20000380                g_Zones_Sensivity_Counter
 .bss.g_Zones_Stable_Status
                0x2000038a        0x2 ./Src/main.o
                0x2000038a                g_Zones_Stable_Status
 .bss.g_Zones_Instant_Status
                0x2000038c        0x2 ./Src/main.o
                0x2000038c                g_Zones_Instant_Status
 .bss.g_UART_Error_Flag
                0x2000038e        0x1 ./Src/main.o
                0x2000038e                g_UART_Error_Flag
 .bss.g_RX_Uart_Ready
                0x2000038f        0x1 ./Src/main.o
                0x2000038f                g_RX_Uart_Ready
 .bss.g_Update_SysTick
                0x20000390        0x1 ./Src/main.o
                0x20000390                g_Update_SysTick
 *fill*         0x20000391        0x3 
 .bss.g_Default_Programming_Data_Array
                0x20000394       0x1a ./Src/my_Flash.o
                0x20000394                g_Default_Programming_Data_Array
 *fill*         0x200003ae        0x2 
 .bss.g_Programming_Data_Array
                0x200003b0       0x1a ./Src/my_Flash.o
                0x200003b0                g_Programming_Data_Array
 *fill*         0x200003ca        0x2 
 .bss.EraseInitStruct
                0x200003cc        0xc ./Src/my_Flash.o
 .bss.g_Address
                0x200003d8        0x4 ./Src/my_Flash.o
                0x200003d8                g_Address
 *(COMMON)
                0x200003dc                        . = ALIGN (0x4)
                0x200003dc                        _ebss = .
                0x200003dc                        __bss_end__ = _ebss

._user_heap_stack
                0x200003dc      0x600 load address 0x08005754
                0x200003dc                        . = ALIGN (0x4)
                0x200003dc                        PROVIDE (end = .)
                [!provide]                        PROVIDE (_end = .)
                0x200005dc                        . = (. + _Min_Heap_Size)
 *fill*         0x200003dc      0x200 
                0x200009dc                        . = (. + _Min_Stack_Size)
 *fill*         0x200005dc      0x400 
                0x200009dc                        . = ALIGN (0x4)

/DISCARD/
 libc.a(*)
 libm.a(*)
 libgcc.a(*)

.ARM.attributes
                0x00000000       0x28
 *(.ARM.attributes)
 .ARM.attributes
                0x00000000       0x1e /opt/st/stm32cubeide_1.17.0/plugins/com.st.stm32cube.ide.mcu.externaltools.gnu-tools-for-stm32.12.3.rel1.linux64_1.1.0.202410170702/tools/bin/../lib/gcc/arm-none-eabi/12.3.1/thumb/v6-m/nofp/crti.o
 .ARM.attributes
                0x0000001e       0x2c /opt/st/stm32cubeide_1.17.0/plugins/com.st.stm32cube.ide.mcu.externaltools.gnu-tools-for-stm32.12.3.rel1.linux64_1.1.0.202410170702/tools/bin/../lib/gcc/arm-none-eabi/12.3.1/thumb/v6-m/nofp/crtbegin.o
 .ARM.attributes
                0x0000004a       0x2c ./Drivers/STM32F0xx_HAL_Driver/Src/stm32f0xx_hal.o
 .ARM.attributes
                0x00000076       0x2c ./Drivers/STM32F0xx_HAL_Driver/Src/stm32f0xx_hal_adc.o
 .ARM.attributes
                0x000000a2       0x2c ./Drivers/STM32F0xx_HAL_Driver/Src/stm32f0xx_hal_cortex.o
 .ARM.attributes
                0x000000ce       0x2c ./Drivers/STM32F0xx_HAL_Driver/Src/stm32f0xx_hal_dma.o
 .ARM.attributes
                0x000000fa       0x2c ./Drivers/STM32F0xx_HAL_Driver/Src/stm32f0xx_hal_flash.o
 .ARM.attributes
                0x00000126       0x2c ./Drivers/STM32F0xx_HAL_Driver/Src/stm32f0xx_hal_flash_ex.o
 .ARM.attributes
                0x00000152       0x2c ./Drivers/STM32F0xx_HAL_Driver/Src/stm32f0xx_hal_gpio.o
 .ARM.attributes
                0x0000017e       0x2c ./Drivers/STM32F0xx_HAL_Driver/Src/stm32f0xx_hal_i2c.o
 .ARM.attributes
                0x000001aa       0x2c ./Drivers/STM32F0xx_HAL_Driver/Src/stm32f0xx_hal_i2c_ex.o
 .ARM.attributes
                0x000001d6       0x2c ./Drivers/STM32F0xx_HAL_Driver/Src/stm32f0xx_hal_rcc.o
 .ARM.attributes
                0x00000202       0x2c ./Drivers/STM32F0xx_HAL_Driver/Src/stm32f0xx_hal_rcc_ex.o
 .ARM.attributes
                0x0000022e       0x2c ./Drivers/STM32F0xx_HAL_Driver/Src/stm32f0xx_hal_uart.o
 .ARM.attributes
                0x0000025a       0x2c ./Src/BUS_I2C.o
 .ARM.attributes
                0x00000286       0x2c ./Src/main.o
 .ARM.attributes
                0x000002b2       0x2c ./Src/my_Common.o
 .ARM.attributes
                0x000002de       0x2c ./Src/my_Flash.o
 .ARM.attributes
                0x0000030a       0x2c ./Src/stm32f0xx_hal_msp.o
 .ARM.attributes
                0x00000336       0x2c ./Src/stm32f0xx_it.o
 .ARM.attributes
                0x00000362       0x2c ./Src/system_stm32f0xx.o
 .ARM.attributes
                0x0000038e       0x21 ./startup/startup_stm32f030x6.o
 .ARM.attributes
                0x000003af       0x2c /opt/st/stm32cubeide_1.17.0/plugins/com.st.stm32cube.ide.mcu.externaltools.gnu-tools-for-stm32.12.3.rel1.linux64_1.1.0.202410170702/tools/bin/../lib/gcc/arm-none-eabi/12.3.1/../../../../arm-none-eabi/lib/thumb/v6-m/nofp/libc_nano.a(libc_a-memset.o)
 .ARM.attributes
                0x000003db       0x2c /opt/st/stm32cubeide_1.17.0/plugins/com.st.stm32cube.ide.mcu.externaltools.gnu-tools-for-stm32.12.3.rel1.linux64_1.1.0.202410170702/tools/bin/../lib/gcc/arm-none-eabi/12.3.1/../../../../arm-none-eabi/lib/thumb/v6-m/nofp/libc_nano.a(libc_a-init.o)
 .ARM.attributes
                0x00000407       0x1e /opt/st/stm32cubeide_1.17.0/plugins/com.st.stm32cube.ide.mcu.externaltools.gnu-tools-for-stm32.12.3.rel1.linux64_1.1.0.202410170702/tools/bin/../lib/gcc/arm-none-eabi/12.3.1/thumb/v6-m/nofp/libgcc.a(_udivsi3.o)
 .ARM.attributes
                0x00000425       0x1e /opt/st/stm32cubeide_1.17.0/plugins/com.st.stm32cube.ide.mcu.externaltools.gnu-tools-for-stm32.12.3.rel1.linux64_1.1.0.202410170702/tools/bin/../lib/gcc/arm-none-eabi/12.3.1/thumb/v6-m/nofp/libgcc.a(_dvmd_tls.o)
 .ARM.attributes
                0x00000443       0x1e /opt/st/stm32cubeide_1.17.0/plugins/com.st.stm32cube.ide.mcu.externaltools.gnu-tools-for-stm32.12.3.rel1.linux64_1.1.0.202410170702/tools/bin/../lib/gcc/arm-none-eabi/12.3.1/thumb/v6-m/nofp/crtn.o
OUTPUT(PA_SWITCH_V4_LCD.elf elf32-littlearm)
LOAD linker stubs
LOAD /opt/st/stm32cubeide_1.17.0/plugins/com.st.stm32cube.ide.mcu.externaltools.gnu-tools-for-stm32.12.3.rel1.linux64_1.1.0.202410170702/tools/bin/../lib/gcc/arm-none-eabi/12.3.1/../../../../arm-none-eabi/lib/thumb/v6-m/nofp/libc.a
LOAD /opt/st/stm32cubeide_1.17.0/plugins/com.st.stm32cube.ide.mcu.externaltools.gnu-tools-for-stm32.12.3.rel1.linux64_1.1.0.202410170702/tools/bin/../lib/gcc/arm-none-eabi/12.3.1/../../../../arm-none-eabi/lib/thumb/v6-m/nofp/libm.a
LOAD /opt/st/stm32cubeide_1.17.0/plugins/com.st.stm32cube.ide.mcu.externaltools.gnu-tools-for-stm32.12.3.rel1.linux64_1.1.0.202410170702/tools/bin/../lib/gcc/arm-none-eabi/12.3.1/thumb/v6-m/nofp/libgcc.a

.debug_info     0x00000000    0x114ef
 .debug_info    0x00000000      0x60f ./Drivers/STM32F0xx_HAL_Driver/Src/stm32f0xx_hal.o
 .debug_info    0x0000060f      0xf2a ./Drivers/STM32F0xx_HAL_Driver/Src/stm32f0xx_hal_adc.o
 .debug_info    0x00001539      0x796 ./Drivers/STM32F0xx_HAL_Driver/Src/stm32f0xx_hal_cortex.o
 .debug_info    0x00001ccf      0x8be ./Drivers/STM32F0xx_HAL_Driver/Src/stm32f0xx_hal_dma.o
 .debug_info    0x0000258d      0x670 ./Drivers/STM32F0xx_HAL_Driver/Src/stm32f0xx_hal_flash.o
 .debug_info    0x00002bfd      0x9e8 ./Drivers/STM32F0xx_HAL_Driver/Src/stm32f0xx_hal_flash_ex.o
 .debug_info    0x000035e5      0x5fd ./Drivers/STM32F0xx_HAL_Driver/Src/stm32f0xx_hal_gpio.o
 .debug_info    0x00003be2     0x34e4 ./Drivers/STM32F0xx_HAL_Driver/Src/stm32f0xx_hal_i2c.o
 .debug_info    0x000070c6      0x7ec ./Drivers/STM32F0xx_HAL_Driver/Src/stm32f0xx_hal_i2c_ex.o
 .debug_info    0x000078b2      0x9d5 ./Drivers/STM32F0xx_HAL_Driver/Src/stm32f0xx_hal_rcc.o
 .debug_info    0x00008287      0x3c5 ./Drivers/STM32F0xx_HAL_Driver/Src/stm32f0xx_hal_rcc_ex.o
 .debug_info    0x0000864c     0x1a14 ./Drivers/STM32F0xx_HAL_Driver/Src/stm32f0xx_hal_uart.o
 .debug_info    0x0000a060      0xccd ./Src/BUS_I2C.o
 .debug_info    0x0000ad2d     0x35ed ./Src/main.o
 .debug_info    0x0000e31a      0xd31 ./Src/my_Common.o
 .debug_info    0x0000f04b      0x639 ./Src/my_Flash.o
 .debug_info    0x0000f684     0x118d ./Src/stm32f0xx_hal_msp.o
 .debug_info    0x00010811      0xa3d ./Src/stm32f0xx_it.o
 .debug_info    0x0001124e      0x271 ./Src/system_stm32f0xx.o
 .debug_info    0x000114bf       0x30 ./startup/startup_stm32f030x6.o

.debug_abbrev   0x00000000     0x2f47
 .debug_abbrev  0x00000000      0x23f ./Drivers/STM32F0xx_HAL_Driver/Src/stm32f0xx_hal.o
 .debug_abbrev  0x0000023f      0x230 ./Drivers/STM32F0xx_HAL_Driver/Src/stm32f0xx_hal_adc.o
 .debug_abbrev  0x0000046f      0x283 ./Drivers/STM32F0xx_HAL_Driver/Src/stm32f0xx_hal_cortex.o
 .debug_abbrev  0x000006f2      0x220 ./Drivers/STM32F0xx_HAL_Driver/Src/stm32f0xx_hal_dma.o
 .debug_abbrev  0x00000912      0x2ae ./Drivers/STM32F0xx_HAL_Driver/Src/stm32f0xx_hal_flash.o
 .debug_abbrev  0x00000bc0      0x2a8 ./Drivers/STM32F0xx_HAL_Driver/Src/stm32f0xx_hal_flash_ex.o
 .debug_abbrev  0x00000e68      0x1ff ./Drivers/STM32F0xx_HAL_Driver/Src/stm32f0xx_hal_gpio.o
 .debug_abbrev  0x00001067      0x2e8 ./Drivers/STM32F0xx_HAL_Driver/Src/stm32f0xx_hal_i2c.o
 .debug_abbrev  0x0000134f      0x1da ./Drivers/STM32F0xx_HAL_Driver/Src/stm32f0xx_hal_i2c_ex.o
 .debug_abbrev  0x00001529      0x28d ./Drivers/STM32F0xx_HAL_Driver/Src/stm32f0xx_hal_rcc.o
 .debug_abbrev  0x000017b6      0x1af ./Drivers/STM32F0xx_HAL_Driver/Src/stm32f0xx_hal_rcc_ex.o
 .debug_abbrev  0x00001965      0x2e2 ./Drivers/STM32F0xx_HAL_Driver/Src/stm32f0xx_hal_uart.o
 .debug_abbrev  0x00001c47      0x287 ./Src/BUS_I2C.o
 .debug_abbrev  0x00001ece      0x45b ./Src/main.o
 .debug_abbrev  0x00002329      0x3f1 ./Src/my_Common.o
 .debug_abbrev  0x0000271a      0x2c2 ./Src/my_Flash.o
 .debug_abbrev  0x000029dc      0x245 ./Src/stm32f0xx_hal_msp.o
 .debug_abbrev  0x00002c21      0x1ca ./Src/stm32f0xx_it.o
 .debug_abbrev  0x00002deb      0x138 ./Src/system_stm32f0xx.o
 .debug_abbrev  0x00002f23       0x24 ./startup/startup_stm32f030x6.o

.debug_loclists
                0x00000000     0x71cf
 .debug_loclists
                0x00000000       0x5e ./Drivers/STM32F0xx_HAL_Driver/Src/stm32f0xx_hal.o
 .debug_loclists
                0x0000005e      0x8b7 ./Drivers/STM32F0xx_HAL_Driver/Src/stm32f0xx_hal_adc.o
 .debug_loclists
                0x00000915      0x279 ./Drivers/STM32F0xx_HAL_Driver/Src/stm32f0xx_hal_cortex.o
 .debug_loclists
                0x00000b8e      0x6a3 ./Drivers/STM32F0xx_HAL_Driver/Src/stm32f0xx_hal_dma.o
 .debug_loclists
                0x00001231      0x286 ./Drivers/STM32F0xx_HAL_Driver/Src/stm32f0xx_hal_flash.o
 .debug_loclists
                0x000014b7      0x4ea ./Drivers/STM32F0xx_HAL_Driver/Src/stm32f0xx_hal_flash_ex.o
 .debug_loclists
                0x000019a1      0x29b ./Drivers/STM32F0xx_HAL_Driver/Src/stm32f0xx_hal_gpio.o
 .debug_loclists
                0x00001c3c     0x285a ./Drivers/STM32F0xx_HAL_Driver/Src/stm32f0xx_hal_i2c.o
 .debug_loclists
                0x00004496       0xe6 ./Drivers/STM32F0xx_HAL_Driver/Src/stm32f0xx_hal_i2c_ex.o
 .debug_loclists
                0x0000457c      0x3c7 ./Drivers/STM32F0xx_HAL_Driver/Src/stm32f0xx_hal_rcc.o
 .debug_loclists
                0x00004943      0x274 ./Drivers/STM32F0xx_HAL_Driver/Src/stm32f0xx_hal_rcc_ex.o
 .debug_loclists
                0x00004bb7     0x10f8 ./Drivers/STM32F0xx_HAL_Driver/Src/stm32f0xx_hal_uart.o
 .debug_loclists
                0x00005caf      0x109 ./Src/BUS_I2C.o
 .debug_loclists
                0x00005db8      0xa6f ./Src/main.o
 .debug_loclists
                0x00006827      0x639 ./Src/my_Common.o
 .debug_loclists
                0x00006e60      0x18b ./Src/my_Flash.o
 .debug_loclists
                0x00006feb      0x101 ./Src/stm32f0xx_hal_msp.o
 .debug_loclists
                0x000070ec       0xe3 ./Src/system_stm32f0xx.o

.debug_aranges  0x00000000      0xd10
 .debug_aranges
                0x00000000       0xb8 ./Drivers/STM32F0xx_HAL_Driver/Src/stm32f0xx_hal.o
 .debug_aranges
                0x000000b8       0xf8 ./Drivers/STM32F0xx_HAL_Driver/Src/stm32f0xx_hal_adc.o
 .debug_aranges
                0x000001b0       0x78 ./Drivers/STM32F0xx_HAL_Driver/Src/stm32f0xx_hal_cortex.o
 .debug_aranges
                0x00000228       0x78 ./Drivers/STM32F0xx_HAL_Driver/Src/stm32f0xx_hal_dma.o
 .debug_aranges
                0x000002a0       0x80 ./Drivers/STM32F0xx_HAL_Driver/Src/stm32f0xx_hal_flash.o
 .debug_aranges
                0x00000320       0x60 ./Drivers/STM32F0xx_HAL_Driver/Src/stm32f0xx_hal_flash_ex.o
 .debug_aranges
                0x00000380       0x58 ./Drivers/STM32F0xx_HAL_Driver/Src/stm32f0xx_hal_gpio.o
 .debug_aranges
                0x000003d8      0x258 ./Drivers/STM32F0xx_HAL_Driver/Src/stm32f0xx_hal_i2c.o
 .debug_aranges
                0x00000630       0x38 ./Drivers/STM32F0xx_HAL_Driver/Src/stm32f0xx_hal_i2c_ex.o
 .debug_aranges
                0x00000668       0x80 ./Drivers/STM32F0xx_HAL_Driver/Src/stm32f0xx_hal_rcc.o
 .debug_aranges
                0x000006e8       0x30 ./Drivers/STM32F0xx_HAL_Driver/Src/stm32f0xx_hal_rcc_ex.o
 .debug_aranges
                0x00000718      0x1d0 ./Drivers/STM32F0xx_HAL_Driver/Src/stm32f0xx_hal_uart.o
 .debug_aranges
                0x000008e8       0x48 ./Src/BUS_I2C.o
 .debug_aranges
                0x00000930      0x200 ./Src/main.o
 .debug_aranges
                0x00000b30       0xa8 ./Src/my_Common.o
 .debug_aranges
                0x00000bd8       0x40 ./Src/my_Flash.o
 .debug_aranges
                0x00000c18       0x50 ./Src/stm32f0xx_hal_msp.o
 .debug_aranges
                0x00000c68       0x58 ./Src/stm32f0xx_it.o
 .debug_aranges
                0x00000cc0       0x28 ./Src/system_stm32f0xx.o
 .debug_aranges
                0x00000ce8       0x28 ./startup/startup_stm32f030x6.o

.debug_rnglists
                0x00000000      0xa8b
 .debug_rnglists
                0x00000000       0x85 ./Drivers/STM32F0xx_HAL_Driver/Src/stm32f0xx_hal.o
 .debug_rnglists
                0x00000085       0xbf ./Drivers/STM32F0xx_HAL_Driver/Src/stm32f0xx_hal_adc.o
 .debug_rnglists
                0x00000144       0x79 ./Drivers/STM32F0xx_HAL_Driver/Src/stm32f0xx_hal_cortex.o
 .debug_rnglists
                0x000001bd       0x70 ./Drivers/STM32F0xx_HAL_Driver/Src/stm32f0xx_hal_dma.o
 .debug_rnglists
                0x0000022d       0x69 ./Drivers/STM32F0xx_HAL_Driver/Src/stm32f0xx_hal_flash.o
 .debug_rnglists
                0x00000296       0x87 ./Drivers/STM32F0xx_HAL_Driver/Src/stm32f0xx_hal_flash_ex.o
 .debug_rnglists
                0x0000031d       0x4d ./Drivers/STM32F0xx_HAL_Driver/Src/stm32f0xx_hal_gpio.o
 .debug_rnglists
                0x0000036a      0x1dc ./Drivers/STM32F0xx_HAL_Driver/Src/stm32f0xx_hal_i2c.o
 .debug_rnglists
                0x00000546       0x25 ./Drivers/STM32F0xx_HAL_Driver/Src/stm32f0xx_hal_i2c_ex.o
 .debug_rnglists
                0x0000056b       0x79 ./Drivers/STM32F0xx_HAL_Driver/Src/stm32f0xx_hal_rcc.o
 .debug_rnglists
                0x000005e4       0x2f ./Drivers/STM32F0xx_HAL_Driver/Src/stm32f0xx_hal_rcc_ex.o
 .debug_rnglists
                0x00000613      0x166 ./Drivers/STM32F0xx_HAL_Driver/Src/stm32f0xx_hal_uart.o
 .debug_rnglists
                0x00000779       0x34 ./Src/BUS_I2C.o
 .debug_rnglists
                0x000007ad      0x191 ./Src/main.o
 .debug_rnglists
                0x0000093e       0x79 ./Src/my_Common.o
 .debug_rnglists
                0x000009b7       0x2d ./Src/my_Flash.o
 .debug_rnglists
                0x000009e4       0x38 ./Src/stm32f0xx_hal_msp.o
 .debug_rnglists
                0x00000a1c       0x3d ./Src/stm32f0xx_it.o
 .debug_rnglists
                0x00000a59       0x19 ./Src/system_stm32f0xx.o
 .debug_rnglists
                0x00000a72       0x19 ./startup/startup_stm32f030x6.o

.debug_macro    0x00000000     0xee25
 .debug_macro   0x00000000      0x2ce ./Drivers/STM32F0xx_HAL_Driver/Src/stm32f0xx_hal.o
 .debug_macro   0x000002ce      0xa90 ./Drivers/STM32F0xx_HAL_Driver/Src/stm32f0xx_hal.o
 .debug_macro   0x00000d5e       0xe8 ./Drivers/STM32F0xx_HAL_Driver/Src/stm32f0xx_hal.o
 .debug_macro   0x00000e46       0xee ./Drivers/STM32F0xx_HAL_Driver/Src/stm32f0xx_hal.o
 .debug_macro   0x00000f34       0xab ./Drivers/STM32F0xx_HAL_Driver/Src/stm32f0xx_hal.o
 .debug_macro   0x00000fdf       0x2e ./Drivers/STM32F0xx_HAL_Driver/Src/stm32f0xx_hal.o
 .debug_macro   0x0000100d       0x22 ./Drivers/STM32F0xx_HAL_Driver/Src/stm32f0xx_hal.o
 .debug_macro   0x0000102f       0x22 ./Drivers/STM32F0xx_HAL_Driver/Src/stm32f0xx_hal.o
 .debug_macro   0x00001051       0x8e ./Drivers/STM32F0xx_HAL_Driver/Src/stm32f0xx_hal.o
 .debug_macro   0x000010df       0x51 ./Drivers/STM32F0xx_HAL_Driver/Src/stm32f0xx_hal.o
 .debug_macro   0x00001130      0x103 ./Drivers/STM32F0xx_HAL_Driver/Src/stm32f0xx_hal.o
 .debug_macro   0x00001233       0x6a ./Drivers/STM32F0xx_HAL_Driver/Src/stm32f0xx_hal.o
 .debug_macro   0x0000129d      0x1df ./Drivers/STM32F0xx_HAL_Driver/Src/stm32f0xx_hal.o
 .debug_macro   0x0000147c       0x34 ./Drivers/STM32F0xx_HAL_Driver/Src/stm32f0xx_hal.o
 .debug_macro   0x000014b0       0x26 ./Drivers/STM32F0xx_HAL_Driver/Src/stm32f0xx_hal.o
 .debug_macro   0x000014d6      0x30d ./Drivers/STM32F0xx_HAL_Driver/Src/stm32f0xx_hal.o
 .debug_macro   0x000017e3     0x6ed0 ./Drivers/STM32F0xx_HAL_Driver/Src/stm32f0xx_hal.o
 .debug_macro   0x000086b3       0x3c ./Drivers/STM32F0xx_HAL_Driver/Src/stm32f0xx_hal.o
 .debug_macro   0x000086ef       0x61 ./Drivers/STM32F0xx_HAL_Driver/Src/stm32f0xx_hal.o
 .debug_macro   0x00008750       0x24 ./Drivers/STM32F0xx_HAL_Driver/Src/stm32f0xx_hal.o
 .debug_macro   0x00008774       0x43 ./Drivers/STM32F0xx_HAL_Driver/Src/stm32f0xx_hal.o
 .debug_macro   0x000087b7       0x34 ./Drivers/STM32F0xx_HAL_Driver/Src/stm32f0xx_hal.o
 .debug_macro   0x000087eb       0x16 ./Drivers/STM32F0xx_HAL_Driver/Src/stm32f0xx_hal.o
 .debug_macro   0x00008801       0x9e ./Drivers/STM32F0xx_HAL_Driver/Src/stm32f0xx_hal.o
 .debug_macro   0x0000889f      0x369 ./Drivers/STM32F0xx_HAL_Driver/Src/stm32f0xx_hal.o
 .debug_macro   0x00008c08      0x10b ./Drivers/STM32F0xx_HAL_Driver/Src/stm32f0xx_hal.o
 .debug_macro   0x00008d13       0x10 ./Drivers/STM32F0xx_HAL_Driver/Src/stm32f0xx_hal.o
 .debug_macro   0x00008d23       0x16 ./Drivers/STM32F0xx_HAL_Driver/Src/stm32f0xx_hal.o
 .debug_macro   0x00008d39       0x43 ./Drivers/STM32F0xx_HAL_Driver/Src/stm32f0xx_hal.o
 .debug_macro   0x00008d7c       0x34 ./Drivers/STM32F0xx_HAL_Driver/Src/stm32f0xx_hal.o
 .debug_macro   0x00008db0       0x10 ./Drivers/STM32F0xx_HAL_Driver/Src/stm32f0xx_hal.o
 .debug_macro   0x00008dc0       0x58 ./Drivers/STM32F0xx_HAL_Driver/Src/stm32f0xx_hal.o
 .debug_macro   0x00008e18       0x8e ./Drivers/STM32F0xx_HAL_Driver/Src/stm32f0xx_hal.o
 .debug_macro   0x00008ea6       0x1c ./Drivers/STM32F0xx_HAL_Driver/Src/stm32f0xx_hal.o
 .debug_macro   0x00008ec2      0x177 ./Drivers/STM32F0xx_HAL_Driver/Src/stm32f0xx_hal.o
 .debug_macro   0x00009039       0x16 ./Drivers/STM32F0xx_HAL_Driver/Src/stm32f0xx_hal.o
 .debug_macro   0x0000904f       0x16 ./Drivers/STM32F0xx_HAL_Driver/Src/stm32f0xx_hal.o
 .debug_macro   0x00009065      0x146 ./Drivers/STM32F0xx_HAL_Driver/Src/stm32f0xx_hal.o
 .debug_macro   0x000091ab       0x49 ./Drivers/STM32F0xx_HAL_Driver/Src/stm32f0xx_hal.o
 .debug_macro   0x000091f4      0x92f ./Drivers/STM32F0xx_HAL_Driver/Src/stm32f0xx_hal.o
 .debug_macro   0x00009b23       0xe5 ./Drivers/STM32F0xx_HAL_Driver/Src/stm32f0xx_hal.o
 .debug_macro   0x00009c08      0x13a ./Drivers/STM32F0xx_HAL_Driver/Src/stm32f0xx_hal.o
 .debug_macro   0x00009d42       0xb3 ./Drivers/STM32F0xx_HAL_Driver/Src/stm32f0xx_hal.o
 .debug_macro   0x00009df5      0x1ed ./Drivers/STM32F0xx_HAL_Driver/Src/stm32f0xx_hal.o
 .debug_macro   0x00009fe2       0x34 ./Drivers/STM32F0xx_HAL_Driver/Src/stm32f0xx_hal.o
 .debug_macro   0x0000a016       0x43 ./Drivers/STM32F0xx_HAL_Driver/Src/stm32f0xx_hal.o
 .debug_macro   0x0000a059       0x28 ./Drivers/STM32F0xx_HAL_Driver/Src/stm32f0xx_hal.o
 .debug_macro   0x0000a081      0x33d ./Drivers/STM32F0xx_HAL_Driver/Src/stm32f0xx_hal.o
 .debug_macro   0x0000a3be       0xbc ./Drivers/STM32F0xx_HAL_Driver/Src/stm32f0xx_hal.o
 .debug_macro   0x0000a47a       0xb6 ./Drivers/STM32F0xx_HAL_Driver/Src/stm32f0xx_hal.o
 .debug_macro   0x0000a530      0x15a ./Drivers/STM32F0xx_HAL_Driver/Src/stm32f0xx_hal.o
 .debug_macro   0x0000a68a      0x202 ./Drivers/STM32F0xx_HAL_Driver/Src/stm32f0xx_hal.o
 .debug_macro   0x0000a88c       0x61 ./Drivers/STM32F0xx_HAL_Driver/Src/stm32f0xx_hal.o
 .debug_macro   0x0000a8ed       0x90 ./Drivers/STM32F0xx_HAL_Driver/Src/stm32f0xx_hal.o
 .debug_macro   0x0000a97d       0x4d ./Drivers/STM32F0xx_HAL_Driver/Src/stm32f0xx_hal.o
 .debug_macro   0x0000a9ca       0x2d ./Drivers/STM32F0xx_HAL_Driver/Src/stm32f0xx_hal.o
 .debug_macro   0x0000a9f7      0x37c ./Drivers/STM32F0xx_HAL_Driver/Src/stm32f0xx_hal.o
 .debug_macro   0x0000ad73      0x156 ./Drivers/STM32F0xx_HAL_Driver/Src/stm32f0xx_hal.o
 .debug_macro   0x0000aec9       0xea ./Drivers/STM32F0xx_HAL_Driver/Src/stm32f0xx_hal.o
 .debug_macro   0x0000afb3      0x2ce ./Drivers/STM32F0xx_HAL_Driver/Src/stm32f0xx_hal_adc.o
 .debug_macro   0x0000b281      0x2aa ./Drivers/STM32F0xx_HAL_Driver/Src/stm32f0xx_hal_cortex.o
 .debug_macro   0x0000b52b      0x2aa ./Drivers/STM32F0xx_HAL_Driver/Src/stm32f0xx_hal_dma.o
 .debug_macro   0x0000b7d5      0x2aa ./Drivers/STM32F0xx_HAL_Driver/Src/stm32f0xx_hal_flash.o
 .debug_macro   0x0000ba7f      0x2bc ./Drivers/STM32F0xx_HAL_Driver/Src/stm32f0xx_hal_flash_ex.o
 .debug_macro   0x0000bd3b      0x2e2 ./Drivers/STM32F0xx_HAL_Driver/Src/stm32f0xx_hal_gpio.o
 .debug_macro   0x0000c01d      0x376 ./Drivers/STM32F0xx_HAL_Driver/Src/stm32f0xx_hal_i2c.o
 .debug_macro   0x0000c393      0x2aa ./Drivers/STM32F0xx_HAL_Driver/Src/stm32f0xx_hal_i2c_ex.o
 .debug_macro   0x0000c63d      0x2bc ./Drivers/STM32F0xx_HAL_Driver/Src/stm32f0xx_hal_rcc.o
 .debug_macro   0x0000c8f9      0x2aa ./Drivers/STM32F0xx_HAL_Driver/Src/stm32f0xx_hal_rcc_ex.o
 .debug_macro   0x0000cba3      0x2b2 ./Drivers/STM32F0xx_HAL_Driver/Src/stm32f0xx_hal_uart.o
 .debug_macro   0x0000ce55      0x2de ./Src/BUS_I2C.o
 .debug_macro   0x0000d133      0x493 ./Src/BUS_I2C.o
 .debug_macro   0x0000d5c6       0x40 ./Src/BUS_I2C.o
 .debug_macro   0x0000d606       0xfa ./Src/BUS_I2C.o
 .debug_macro   0x0000d700       0x1c ./Src/BUS_I2C.o
 .debug_macro   0x0000d71c      0x327 ./Src/main.o
 .debug_macro   0x0000da43      0x499 ./Src/main.o
 .debug_macro   0x0000dedc      0x1a8 ./Src/main.o
 .debug_macro   0x0000e084      0x2bf ./Src/my_Common.o
 .debug_macro   0x0000e343      0x2cc ./Src/my_Flash.o
 .debug_macro   0x0000e60f      0x2aa ./Src/stm32f0xx_hal_msp.o
 .debug_macro   0x0000e8b9      0x2bd ./Src/stm32f0xx_it.o
 .debug_macro   0x0000eb76      0x2af ./Src/system_stm32f0xx.o

.debug_line     0x00000000    0x1584f
 .debug_line    0x00000000      0x9ef ./Drivers/STM32F0xx_HAL_Driver/Src/stm32f0xx_hal.o
 .debug_line    0x000009ef     0x14f3 ./Drivers/STM32F0xx_HAL_Driver/Src/stm32f0xx_hal_adc.o
 .debug_line    0x00001ee2      0xabe ./Drivers/STM32F0xx_HAL_Driver/Src/stm32f0xx_hal_cortex.o
 .debug_line    0x000029a0     0x103d ./Drivers/STM32F0xx_HAL_Driver/Src/stm32f0xx_hal_dma.o
 .debug_line    0x000039dd      0xcc3 ./Drivers/STM32F0xx_HAL_Driver/Src/stm32f0xx_hal_flash.o
 .debug_line    0x000046a0      0xd84 ./Drivers/STM32F0xx_HAL_Driver/Src/stm32f0xx_hal_flash_ex.o
 .debug_line    0x00005424      0xb42 ./Drivers/STM32F0xx_HAL_Driver/Src/stm32f0xx_hal_gpio.o
 .debug_line    0x00005f66     0x40ae ./Drivers/STM32F0xx_HAL_Driver/Src/stm32f0xx_hal_i2c.o
 .debug_line    0x0000a014      0x983 ./Drivers/STM32F0xx_HAL_Driver/Src/stm32f0xx_hal_i2c_ex.o
 .debug_line    0x0000a997     0x107a ./Drivers/STM32F0xx_HAL_Driver/Src/stm32f0xx_hal_rcc.o
 .debug_line    0x0000ba11      0xa3c ./Drivers/STM32F0xx_HAL_Driver/Src/stm32f0xx_hal_rcc_ex.o
 .debug_line    0x0000c44d     0x2305 ./Drivers/STM32F0xx_HAL_Driver/Src/stm32f0xx_hal_uart.o
 .debug_line    0x0000e752      0xc41 ./Src/BUS_I2C.o
 .debug_line    0x0000f393     0x31b5 ./Src/main.o
 .debug_line    0x00012548      0xd56 ./Src/my_Common.o
 .debug_line    0x0001329e      0xa74 ./Src/my_Flash.o
 .debug_line    0x00013d12      0x9bd ./Src/stm32f0xx_hal_msp.o
 .debug_line    0x000146cf      0x87f ./Src/stm32f0xx_it.o
 .debug_line    0x00014f4e      0x885 ./Src/system_stm32f0xx.o
 .debug_line    0x000157d3       0x7c ./startup/startup_stm32f030x6.o

.debug_str      0x00000000    0x4bd35
 .debug_str     0x00000000    0x42330 ./Drivers/STM32F0xx_HAL_Driver/Src/stm32f0xx_hal.o
                              0x4257b (size before relaxing)
 .debug_str     0x00042330      0x6f6 ./Drivers/STM32F0xx_HAL_Driver/Src/stm32f0xx_hal_adc.o
                              0x427bb (size before relaxing)
 .debug_str     0x00042a26      0x1c6 ./Drivers/STM32F0xx_HAL_Driver/Src/stm32f0xx_hal_cortex.o
                              0x42411 (size before relaxing)
 .debug_str     0x00042bec      0x233 ./Drivers/STM32F0xx_HAL_Driver/Src/stm32f0xx_hal_dma.o
                              0x42488 (size before relaxing)
 .debug_str     0x00042e1f      0x2a5 ./Drivers/STM32F0xx_HAL_Driver/Src/stm32f0xx_hal_flash.o
                              0x4237f (size before relaxing)
 .debug_str     0x000430c4      0x2e9 ./Drivers/STM32F0xx_HAL_Driver/Src/stm32f0xx_hal_flash_ex.o
                              0x424d1 (size before relaxing)
 .debug_str     0x000433ad      0x283 ./Drivers/STM32F0xx_HAL_Driver/Src/stm32f0xx_hal_gpio.o
                              0x42338 (size before relaxing)
 .debug_str     0x00043630      0xfdd ./Drivers/STM32F0xx_HAL_Driver/Src/stm32f0xx_hal_i2c.o
                              0x43298 (size before relaxing)
 .debug_str     0x0004460d       0xc4 ./Drivers/STM32F0xx_HAL_Driver/Src/stm32f0xx_hal_i2c_ex.o
                              0x42617 (size before relaxing)
 .debug_str     0x000446d1      0x342 ./Drivers/STM32F0xx_HAL_Driver/Src/stm32f0xx_hal_rcc.o
                              0x424e8 (size before relaxing)
 .debug_str     0x00044a13      0x127 ./Drivers/STM32F0xx_HAL_Driver/Src/stm32f0xx_hal_rcc_ex.o
                              0x4221d (size before relaxing)
 .debug_str     0x00044b3a      0x8ca ./Drivers/STM32F0xx_HAL_Driver/Src/stm32f0xx_hal_uart.o
                              0x42c52 (size before relaxing)
 .debug_str     0x00045404     0x347b ./Src/BUS_I2C.o
                              0x45a71 (size before relaxing)
 .debug_str     0x0004887f     0x2e2f ./Src/main.o
                              0x48bc7 (size before relaxing)
 .debug_str     0x0004b6ae      0x3dd ./Src/my_Common.o
                              0x44492 (size before relaxing)
 .debug_str     0x0004ba8b      0x165 ./Src/my_Flash.o
                              0x44d91 (size before relaxing)
 .debug_str     0x0004bbf0       0x1b ./Src/stm32f0xx_hal_msp.o
                              0x42ba6 (size before relaxing)
 .debug_str     0x0004bc0b       0x93 ./Src/stm32f0xx_it.o
                              0x44559 (size before relaxing)
 .debug_str     0x0004bc9e       0x5a ./Src/system_stm32f0xx.o
                              0x420dd (size before relaxing)
 .debug_str     0x0004bcf8       0x3d ./startup/startup_stm32f030x6.o
                                 0x8c (size before relaxing)

.comment        0x00000000       0x43
 .comment       0x00000000       0x43 ./Drivers/STM32F0xx_HAL_Driver/Src/stm32f0xx_hal.o
                                 0x44 (size before relaxing)
 .comment       0x00000043       0x44 ./Drivers/STM32F0xx_HAL_Driver/Src/stm32f0xx_hal_adc.o
 .comment       0x00000043       0x44 ./Drivers/STM32F0xx_HAL_Driver/Src/stm32f0xx_hal_cortex.o
 .comment       0x00000043       0x44 ./Drivers/STM32F0xx_HAL_Driver/Src/stm32f0xx_hal_dma.o
 .comment       0x00000043       0x44 ./Drivers/STM32F0xx_HAL_Driver/Src/stm32f0xx_hal_flash.o
 .comment       0x00000043       0x44 ./Drivers/STM32F0xx_HAL_Driver/Src/stm32f0xx_hal_flash_ex.o
 .comment       0x00000043       0x44 ./Drivers/STM32F0xx_HAL_Driver/Src/stm32f0xx_hal_gpio.o
 .comment       0x00000043       0x44 ./Drivers/STM32F0xx_HAL_Driver/Src/stm32f0xx_hal_i2c.o
 .comment       0x00000043       0x44 ./Drivers/STM32F0xx_HAL_Driver/Src/stm32f0xx_hal_i2c_ex.o
 .comment       0x00000043       0x44 ./Drivers/STM32F0xx_HAL_Driver/Src/stm32f0xx_hal_rcc.o
 .comment       0x00000043       0x44 ./Drivers/STM32F0xx_HAL_Driver/Src/stm32f0xx_hal_rcc_ex.o
 .comment       0x00000043       0x44 ./Drivers/STM32F0xx_HAL_Driver/Src/stm32f0xx_hal_uart.o
 .comment       0x00000043       0x44 ./Src/BUS_I2C.o
 .comment       0x00000043       0x44 ./Src/main.o
 .comment       0x00000043       0x44 ./Src/my_Common.o
 .comment       0x00000043       0x44 ./Src/my_Flash.o
 .comment       0x00000043       0x44 ./Src/stm32f0xx_hal_msp.o
 .comment       0x00000043       0x44 ./Src/stm32f0xx_it.o
 .comment       0x00000043       0x44 ./Src/system_stm32f0xx.o

.debug_frame    0x00000000     0x2258
 .debug_frame   0x00000000      0x174 ./Drivers/STM32F0xx_HAL_Driver/Src/stm32f0xx_hal.o
 .debug_frame   0x00000174      0x2a0 ./Drivers/STM32F0xx_HAL_Driver/Src/stm32f0xx_hal_adc.o
 .debug_frame   0x00000414       0xe4 ./Drivers/STM32F0xx_HAL_Driver/Src/stm32f0xx_hal_cortex.o
 .debug_frame   0x000004f8      0x134 ./Drivers/STM32F0xx_HAL_Driver/Src/stm32f0xx_hal_dma.o
 .debug_frame   0x0000062c      0x130 ./Drivers/STM32F0xx_HAL_Driver/Src/stm32f0xx_hal_flash.o
 .debug_frame   0x0000075c       0xe8 ./Drivers/STM32F0xx_HAL_Driver/Src/stm32f0xx_hal_flash_ex.o
 .debug_frame   0x00000844       0xd4 ./Drivers/STM32F0xx_HAL_Driver/Src/stm32f0xx_hal_gpio.o
 .debug_frame   0x00000918      0x798 ./Drivers/STM32F0xx_HAL_Driver/Src/stm32f0xx_hal_i2c.o
 .debug_frame   0x000010b0       0x78 ./Drivers/STM32F0xx_HAL_Driver/Src/stm32f0xx_hal_i2c_ex.o
 .debug_frame   0x00001128      0x13c ./Drivers/STM32F0xx_HAL_Driver/Src/stm32f0xx_hal_rcc.o
 .debug_frame   0x00001264       0x60 ./Drivers/STM32F0xx_HAL_Driver/Src/stm32f0xx_hal_rcc_ex.o
 .debug_frame   0x000012c4      0x500 ./Drivers/STM32F0xx_HAL_Driver/Src/stm32f0xx_hal_uart.o
 .debug_frame   0x000017c4       0xa4 ./Src/BUS_I2C.o
 .debug_frame   0x00001868      0x578 ./Src/main.o
 .debug_frame   0x00001de0      0x1c0 ./Src/my_Common.o
 .debug_frame   0x00001fa0       0x9c ./Src/my_Flash.o
 .debug_frame   0x0000203c       0xc8 ./Src/stm32f0xx_hal_msp.o
 .debug_frame   0x00002104       0xb0 ./Src/stm32f0xx_it.o
 .debug_frame   0x000021b4       0x38 ./Src/system_stm32f0xx.o
 .debug_frame   0x000021ec       0x20 /opt/st/stm32cubeide_1.17.0/plugins/com.st.stm32cube.ide.mcu.externaltools.gnu-tools-for-stm32.12.3.rel1.linux64_1.1.0.202410170702/tools/bin/../lib/gcc/arm-none-eabi/12.3.1/../../../../arm-none-eabi/lib/thumb/v6-m/nofp/libc_nano.a(libc_a-memset.o)
 .debug_frame   0x0000220c       0x2c /opt/st/stm32cubeide_1.17.0/plugins/com.st.stm32cube.ide.mcu.externaltools.gnu-tools-for-stm32.12.3.rel1.linux64_1.1.0.202410170702/tools/bin/../lib/gcc/arm-none-eabi/12.3.1/../../../../arm-none-eabi/lib/thumb/v6-m/nofp/libc_nano.a(libc_a-init.o)
 .debug_frame   0x00002238       0x20 /opt/st/stm32cubeide_1.17.0/plugins/com.st.stm32cube.ide.mcu.externaltools.gnu-tools-for-stm32.12.3.rel1.linux64_1.1.0.202410170702/tools/bin/../lib/gcc/arm-none-eabi/12.3.1/thumb/v6-m/nofp/libgcc.a(_udivsi3.o)

.debug_line_str
                0x00000000       0x70
 .debug_line_str
                0x00000000       0x70 ./startup/startup_stm32f030x6.o
